<?xml version="1.0"?>
<link_info>
   <banner>TI ARM Linker Unix v5.2.5</banner>
   <copyright>Copyright (c) 1996-2015 Texas Instruments Incorporated</copyright>
   <link_time>0x566b33e1</link_time>
   <link_errors>0x0</link_errors>
   <output_file>freertos_proj_1b.out</output_file>
   <entry_point>
      <name>_c_int00</name>
      <address>0x37d9</address>
   </entry_point>
   <input_file_list>
      <input_file id="fl-2">
         <path>./</path>
         <kind>object</kind>
         <file>freertos_proj.obj</file>
         <name>freertos_proj.obj</name>
      </input_file>
      <input_file id="fl-3">
         <path>./</path>
         <kind>object</kind>
         <file>led_task.obj</file>
         <name>led_task.obj</name>
      </input_file>
      <input_file id="fl-4">
         <path>./</path>
         <kind>object</kind>
         <file>startup_ccs.obj</file>
         <name>startup_ccs.obj</name>
      </input_file>
      <input_file id="fl-5">
         <path>./utils/</path>
         <kind>object</kind>
         <file>cmdline.obj</file>
         <name>cmdline.obj</name>
      </input_file>
      <input_file id="fl-6">
         <path>./utils/</path>
         <kind>object</kind>
         <file>cpu_usage.obj</file>
         <name>cpu_usage.obj</name>
      </input_file>
      <input_file id="fl-7">
         <path>./utils/</path>
         <kind>object</kind>
         <file>eeprom_pb.obj</file>
         <name>eeprom_pb.obj</name>
      </input_file>
      <input_file id="fl-8">
         <path>./utils/</path>
         <kind>object</kind>
         <file>flash_pb.obj</file>
         <name>flash_pb.obj</name>
      </input_file>
      <input_file id="fl-9">
         <path>./utils/</path>
         <kind>object</kind>
         <file>isqrt.obj</file>
         <name>isqrt.obj</name>
      </input_file>
      <input_file id="fl-a">
         <path>./utils/</path>
         <kind>object</kind>
         <file>random.obj</file>
         <name>random.obj</name>
      </input_file>
      <input_file id="fl-b">
         <path>./utils/</path>
         <kind>object</kind>
         <file>ringbuf.obj</file>
         <name>ringbuf.obj</name>
      </input_file>
      <input_file id="fl-c">
         <path>./utils/</path>
         <kind>object</kind>
         <file>scheduler.obj</file>
         <name>scheduler.obj</name>
      </input_file>
      <input_file id="fl-d">
         <path>./utils/</path>
         <kind>object</kind>
         <file>sine.obj</file>
         <name>sine.obj</name>
      </input_file>
      <input_file id="fl-e">
         <path>./utils/</path>
         <kind>object</kind>
         <file>smbus.obj</file>
         <name>smbus.obj</name>
      </input_file>
      <input_file id="fl-f">
         <path>./utils/</path>
         <kind>object</kind>
         <file>softi2c.obj</file>
         <name>softi2c.obj</name>
      </input_file>
      <input_file id="fl-10">
         <path>./utils/</path>
         <kind>object</kind>
         <file>softssi.obj</file>
         <name>softssi.obj</name>
      </input_file>
      <input_file id="fl-11">
         <path>./utils/</path>
         <kind>object</kind>
         <file>softuart.obj</file>
         <name>softuart.obj</name>
      </input_file>
      <input_file id="fl-12">
         <path>./utils/</path>
         <kind>object</kind>
         <file>spi_flash.obj</file>
         <name>spi_flash.obj</name>
      </input_file>
      <input_file id="fl-13">
         <path>./utils/</path>
         <kind>object</kind>
         <file>uartstdio.obj</file>
         <name>uartstdio.obj</name>
      </input_file>
      <input_file id="fl-14">
         <path>./utils/</path>
         <kind>object</kind>
         <file>ustdlib.obj</file>
         <name>ustdlib.obj</name>
      </input_file>
      <input_file id="fl-15">
         <path>./drivers/</path>
         <kind>object</kind>
         <file>buttons.obj</file>
         <name>buttons.obj</name>
      </input_file>
      <input_file id="fl-16">
         <path>./drivers/</path>
         <kind>object</kind>
         <file>rgb.obj</file>
         <name>rgb.obj</name>
      </input_file>
      <input_file id="fl-17">
         <path>./FreeRTOS/Source/</path>
         <kind>object</kind>
         <file>croutine.obj</file>
         <name>croutine.obj</name>
      </input_file>
      <input_file id="fl-18">
         <path>./FreeRTOS/Source/</path>
         <kind>object</kind>
         <file>list.obj</file>
         <name>list.obj</name>
      </input_file>
      <input_file id="fl-19">
         <path>./FreeRTOS/Source/</path>
         <kind>object</kind>
         <file>queue.obj</file>
         <name>queue.obj</name>
      </input_file>
      <input_file id="fl-1a">
         <path>./FreeRTOS/Source/</path>
         <kind>object</kind>
         <file>tasks.obj</file>
         <name>tasks.obj</name>
      </input_file>
      <input_file id="fl-1b">
         <path>./FreeRTOS/Source/</path>
         <kind>object</kind>
         <file>timers.obj</file>
         <name>timers.obj</name>
      </input_file>
      <input_file id="fl-1c">
         <path>./FreeRTOS/Source/portable/MemMang/</path>
         <kind>object</kind>
         <file>heap_2.obj</file>
         <name>heap_2.obj</name>
      </input_file>
      <input_file id="fl-1d">
         <path>./FreeRTOS/Source/portable/CCS/ARM_CM4F/</path>
         <kind>object</kind>
         <file>port.obj</file>
         <name>port.obj</name>
      </input_file>
      <input_file id="fl-1e">
         <path>./FreeRTOS/Source/portable/CCS/ARM_CM4F/</path>
         <kind>object</kind>
         <file>portasm.obj</file>
         <name>portasm.obj</name>
      </input_file>
      <input_file id="fl-145">
         <path>/opt/ti/ccsv6/tools/compiler/ti-cgt-arm_5.2.5/lib/</path>
         <kind>archive</kind>
         <file>rtsv7M4_T_le_v4SPD16_eabi.lib</file>
         <name>boot.obj</name>
      </input_file>
      <input_file id="fl-146">
         <path>/opt/ti/ccsv6/tools/compiler/ti-cgt-arm_5.2.5/lib/</path>
         <kind>archive</kind>
         <file>rtsv7M4_T_le_v4SPD16_eabi.lib</file>
         <name>copy_decompress_none.obj</name>
      </input_file>
      <input_file id="fl-147">
         <path>/opt/ti/ccsv6/tools/compiler/ti-cgt-arm_5.2.5/lib/</path>
         <kind>archive</kind>
         <file>rtsv7M4_T_le_v4SPD16_eabi.lib</file>
         <name>copy_decompress_rle.obj</name>
      </input_file>
      <input_file id="fl-148">
         <path>/opt/ti/ccsv6/tools/compiler/ti-cgt-arm_5.2.5/lib/</path>
         <kind>archive</kind>
         <file>rtsv7M4_T_le_v4SPD16_eabi.lib</file>
         <name>copy_zero_init.obj</name>
      </input_file>
      <input_file id="fl-149">
         <path>/opt/ti/ccsv6/tools/compiler/ti-cgt-arm_5.2.5/lib/</path>
         <kind>archive</kind>
         <file>rtsv7M4_T_le_v4SPD16_eabi.lib</file>
         <name>exit.obj</name>
      </input_file>
      <input_file id="fl-14a">
         <path>/opt/ti/ccsv6/tools/compiler/ti-cgt-arm_5.2.5/lib/</path>
         <kind>archive</kind>
         <file>rtsv7M4_T_le_v4SPD16_eabi.lib</file>
         <name>fs_toull_t2.obj</name>
      </input_file>
      <input_file id="fl-14b">
         <path>/opt/ti/ccsv6/tools/compiler/ti-cgt-arm_5.2.5/lib/</path>
         <kind>archive</kind>
         <file>rtsv7M4_T_le_v4SPD16_eabi.lib</file>
         <name>memcpy_t2.obj</name>
      </input_file>
      <input_file id="fl-14c">
         <path>/opt/ti/ccsv6/tools/compiler/ti-cgt-arm_5.2.5/lib/</path>
         <kind>archive</kind>
         <file>rtsv7M4_T_le_v4SPD16_eabi.lib</file>
         <name>memset_t2.obj</name>
      </input_file>
      <input_file id="fl-14d">
         <path>/opt/ti/ccsv6/tools/compiler/ti-cgt-arm_5.2.5/lib/</path>
         <kind>archive</kind>
         <file>rtsv7M4_T_le_v4SPD16_eabi.lib</file>
         <name>pre_init.obj</name>
      </input_file>
      <input_file id="fl-14e">
         <path>/opt/ti/ccsv6/tools/compiler/ti-cgt-arm_5.2.5/lib/</path>
         <kind>archive</kind>
         <file>rtsv7M4_T_le_v4SPD16_eabi.lib</file>
         <name>stkdepth_vars.obj</name>
      </input_file>
      <input_file id="fl-14f">
         <path>/opt/ti/ccsv6/tools/compiler/ti-cgt-arm_5.2.5/lib/</path>
         <kind>archive</kind>
         <file>rtsv7M4_T_le_v4SPD16_eabi.lib</file>
         <name>strcmp.obj</name>
      </input_file>
      <input_file id="fl-150">
         <path>/opt/ti/ccsv6/tools/compiler/ti-cgt-arm_5.2.5/lib/</path>
         <kind>archive</kind>
         <file>rtsv7M4_T_le_v4SPD16_eabi.lib</file>
         <name>u_divt2.obj</name>
      </input_file>
      <input_file id="fl-151">
         <path>/opt/ti/ccsv6/tools/compiler/ti-cgt-arm_5.2.5/lib/</path>
         <kind>archive</kind>
         <file>rtsv7M4_T_le_v4SPD16_eabi.lib</file>
         <name>_lock.obj</name>
      </input_file>
      <input_file id="fl-152">
         <path>/opt/ti/ccsv6/tools/compiler/ti-cgt-arm_5.2.5/lib/</path>
         <kind>archive</kind>
         <file>rtsv7M4_T_le_v4SPD16_eabi.lib</file>
         <name>args_main.obj</name>
      </input_file>
      <input_file id="fl-153">
         <path>/opt/ti/ccsv6/tools/compiler/ti-cgt-arm_5.2.5/lib/</path>
         <kind>archive</kind>
         <file>rtsv7M4_T_le_v4SPD16_eabi.lib</file>
         <name>autoinit.obj</name>
      </input_file>
      <input_file id="fl-154">
         <path>/opt/ti/ccsv6/tools/compiler/ti-cgt-arm_5.2.5/lib/</path>
         <kind>archive</kind>
         <file>rtsv7M4_T_le_v4SPD16_eabi.lib</file>
         <name>cpy_tbl.obj</name>
      </input_file>
      <input_file id="fl-155">
         <path>/opt/ti/ccsv6/tools/compiler/ti-cgt-arm_5.2.5/lib/</path>
         <kind>archive</kind>
         <file>rtsv7M4_T_le_v4SPD16_eabi.lib</file>
         <name>i_div0.obj</name>
      </input_file>
      <input_file id="fl-156">
         <path>/home/asus/workspace_linux/driverlib/Debug/</path>
         <kind>archive</kind>
         <file>driverlib.lib</file>
         <name>eeprom.obj</name>
      </input_file>
      <input_file id="fl-157">
         <path>/home/asus/workspace_linux/driverlib/Debug/</path>
         <kind>archive</kind>
         <file>driverlib.lib</file>
         <name>gpio.obj</name>
      </input_file>
      <input_file id="fl-158">
         <path>/home/asus/workspace_linux/driverlib/Debug/</path>
         <kind>archive</kind>
         <file>driverlib.lib</file>
         <name>i2c.obj</name>
      </input_file>
      <input_file id="fl-159">
         <path>/home/asus/workspace_linux/driverlib/Debug/</path>
         <kind>archive</kind>
         <file>driverlib.lib</file>
         <name>interrupt.obj</name>
      </input_file>
      <input_file id="fl-15a">
         <path>/home/asus/workspace_linux/driverlib/Debug/</path>
         <kind>archive</kind>
         <file>driverlib.lib</file>
         <name>ssi.obj</name>
      </input_file>
      <input_file id="fl-15b">
         <path>/home/asus/workspace_linux/driverlib/Debug/</path>
         <kind>archive</kind>
         <file>driverlib.lib</file>
         <name>sw_crc.obj</name>
      </input_file>
      <input_file id="fl-15c">
         <path>/home/asus/workspace_linux/driverlib/Debug/</path>
         <kind>archive</kind>
         <file>driverlib.lib</file>
         <name>sysctl.obj</name>
      </input_file>
      <input_file id="fl-15d">
         <path>/home/asus/workspace_linux/driverlib/Debug/</path>
         <kind>archive</kind>
         <file>driverlib.lib</file>
         <name>systick.obj</name>
      </input_file>
      <input_file id="fl-15e">
         <path>/home/asus/workspace_linux/driverlib/Debug/</path>
         <kind>archive</kind>
         <file>driverlib.lib</file>
         <name>udma.obj</name>
      </input_file>
      <input_file id="fl-15f">
         <path>/home/asus/workspace_linux/driverlib/Debug/</path>
         <kind>archive</kind>
         <file>driverlib.lib</file>
         <name>cpu.obj</name>
      </input_file>
   </input_file_list>
   <object_component_list>
      <object_component id="oc-f">
         <name>.intvecs</name>
         <load_address>0x0</load_address>
         <run_address>0x0</run_address>
         <size>0x26c</size>
         <input_file_ref idref="fl-4"/>
      </object_component>
      <object_component id="oc-83">
         <name>.text</name>
         <load_address>0x26c</load_address>
         <run_address>0x26c</run_address>
         <size>0xf88</size>
         <input_file_ref idref="fl-1a"/>
      </object_component>
      <object_component id="oc-15f">
         <name>.text</name>
         <load_address>0x11f4</load_address>
         <run_address>0x11f4</run_address>
         <size>0xef0</size>
         <input_file_ref idref="fl-15c"/>
      </object_component>
      <object_component id="oc-159">
         <name>.text</name>
         <load_address>0x20e4</load_address>
         <run_address>0x20e4</run_address>
         <size>0xbbc</size>
         <input_file_ref idref="fl-157"/>
      </object_component>
      <object_component id="oc-182">
         <name>.text</name>
         <load_address>0x2ca0</load_address>
         <run_address>0x2ca0</run_address>
         <size>0x3c0</size>
         <input_file_ref idref="fl-159"/>
      </object_component>
      <object_component id="oc-e1">
         <name>.text</name>
         <load_address>0x3060</load_address>
         <run_address>0x3060</run_address>
         <size>0x1cc</size>
         <input_file_ref idref="fl-1c"/>
      </object_component>
      <object_component id="oc-d3">
         <name>.text</name>
         <load_address>0x322c</load_address>
         <run_address>0x322c</run_address>
         <size>0x12a</size>
         <input_file_ref idref="fl-18"/>
      </object_component>
      <object_component id="oc-35">
         <name>.text</name>
         <load_address>0x3358</load_address>
         <run_address>0x3358</run_address>
         <size>0x10c</size>
         <input_file_ref idref="fl-1d"/>
      </object_component>
      <object_component id="oc-111">
         <name>.text</name>
         <load_address>0x3464</load_address>
         <run_address>0x3464</run_address>
         <size>0xe0</size>
         <input_file_ref idref="fl-3"/>
      </object_component>
      <object_component id="oc-30">
         <name>.text</name>
         <load_address>0x3544</load_address>
         <run_address>0x3544</run_address>
         <size>0xa6</size>
         <input_file_ref idref="fl-1e"/>
      </object_component>
      <object_component id="oc-3e">
         <name>.text</name>
         <load_address>0x35ea</load_address>
         <run_address>0x35ea</run_address>
         <size>0x9c</size>
         <input_file_ref idref="fl-14b"/>
      </object_component>
      <object_component id="oc-57">
         <name>.text</name>
         <load_address>0x3686</load_address>
         <run_address>0x3686</run_address>
         <size>0x7a</size>
         <input_file_ref idref="fl-14c"/>
      </object_component>
      <object_component id="oc-69">
         <name>.text</name>
         <load_address>0x3700</load_address>
         <run_address>0x3700</run_address>
         <size>0x6c</size>
         <input_file_ref idref="fl-153"/>
      </object_component>
      <object_component id="oc-4a">
         <name>.text</name>
         <load_address>0x376c</load_address>
         <run_address>0x376c</run_address>
         <size>0x6a</size>
         <input_file_ref idref="fl-147"/>
      </object_component>
      <object_component id="oc-24">
         <name>.text</name>
         <load_address>0x37d8</load_address>
         <run_address>0x37d8</run_address>
         <size>0x50</size>
         <input_file_ref idref="fl-145"/>
      </object_component>
      <object_component id="oc-b4">
         <name>.text</name>
         <load_address>0x3828</load_address>
         <run_address>0x3828</run_address>
         <size>0x4c</size>
         <input_file_ref idref="fl-154"/>
      </object_component>
      <object_component id="oc-75">
         <name>.text</name>
         <load_address>0x3874</load_address>
         <run_address>0x3874</run_address>
         <size>0x44</size>
         <input_file_ref idref="fl-149"/>
      </object_component>
      <object_component id="oc-190">
         <name>.text</name>
         <load_address>0x38b8</load_address>
         <run_address>0x38b8</run_address>
         <size>0x3e</size>
         <input_file_ref idref="fl-15f"/>
      </object_component>
      <object_component id="oc-bc">
         <name>.text</name>
         <load_address>0x38f8</load_address>
         <run_address>0x38f8</run_address>
         <size>0x24</size>
         <input_file_ref idref="fl-2"/>
      </object_component>
      <object_component id="oc-6f">
         <name>.text</name>
         <load_address>0x391c</load_address>
         <run_address>0x391c</run_address>
         <size>0x18</size>
         <input_file_ref idref="fl-152"/>
      </object_component>
      <object_component id="oc-11f">
         <name>.text</name>
         <load_address>0x3934</load_address>
         <run_address>0x3934</run_address>
         <size>0x14</size>
         <input_file_ref idref="fl-151"/>
      </object_component>
      <object_component id="oc-12">
         <name>.text:decompress:none</name>
         <load_address>0x3948</load_address>
         <run_address>0x3948</run_address>
         <size>0xe</size>
         <input_file_ref idref="fl-146"/>
      </object_component>
      <object_component id="oc-1e">
         <name>.text:decompress:ZI</name>
         <load_address>0x3956</load_address>
         <run_address>0x3956</run_address>
         <size>0xc</size>
         <input_file_ref idref="fl-148"/>
      </object_component>
      <object_component id="oc-2a">
         <name>.text</name>
         <load_address>0x3962</load_address>
         <run_address>0x3962</run_address>
         <size>0xc</size>
         <input_file_ref idref="fl-4"/>
      </object_component>
      <object_component id="oc-19f">
         <name>.text:SysCtlDelay</name>
         <load_address>0x396e</load_address>
         <run_address>0x396e</run_address>
         <size>0x6</size>
         <input_file_ref idref="fl-15c"/>
      </object_component>
      <object_component id="oc-18">
         <name>.text:decompress:rle24</name>
         <load_address>0x3974</load_address>
         <run_address>0x3974</run_address>
         <size>0x6</size>
         <input_file_ref idref="fl-147"/>
      </object_component>
      <object_component id="oc-63">
         <name>.text</name>
         <load_address>0x397a</load_address>
         <run_address>0x397a</run_address>
         <size>0x4</size>
         <input_file_ref idref="fl-14d"/>
      </object_component>
      <object_component id="oc-199">
         <name>.const:g_pppui32XTALtoVCO</name>
         <load_address>0x3980</load_address>
         <run_address>0x3980</run_address>
         <size>0x120</size>
         <input_file_ref idref="fl-15c"/>
      </object_component>
      <object_component id="oc-179">
         <name>.const:g_ppui32GPIOIntMapBlizzard</name>
         <load_address>0x3aa0</load_address>
         <run_address>0x3aa0</run_address>
         <size>0xc0</size>
         <input_file_ref idref="fl-157"/>
      </object_component>
      <object_component id="oc-17f">
         <name>.const:g_ppui32GPIOIntMapSnowflake</name>
         <load_address>0x3b60</load_address>
         <run_address>0x3b60</run_address>
         <size>0xc0</size>
         <input_file_ref idref="fl-157"/>
      </object_component>
      <object_component id="oc-1b0">
         <name>.const:g_pui32Regs</name>
         <load_address>0x3c20</load_address>
         <run_address>0x3c20</run_address>
         <size>0x9c</size>
         <input_file_ref idref="fl-159"/>
      </object_component>
      <object_component id="oc-188">
         <name>.const:g_pui32GPIOBaseAddrs</name>
         <load_address>0x3cbc</load_address>
         <run_address>0x3cbc</run_address>
         <size>0x90</size>
         <input_file_ref idref="fl-157"/>
      </object_component>
      <object_component id="oc-1ad">
         <name>.const</name>
         <load_address>0x3d4c</load_address>
         <run_address>0x3d4c</run_address>
         <size>0x70</size>
         <input_file_ref idref="fl-159"/>
      </object_component>
      <object_component id="oc-196">
         <name>.const:g_pui32Xtals</name>
         <load_address>0x3dbc</load_address>
         <run_address>0x3dbc</run_address>
         <size>0x6c</size>
         <input_file_ref idref="fl-15c"/>
      </object_component>
      <object_component id="oc-18d">
         <name>.const:g_sXTALtoMEMTIM</name>
         <load_address>0x3e28</load_address>
         <run_address>0x3e28</run_address>
         <size>0x30</size>
         <input_file_ref idref="fl-15c"/>
      </object_component>
      <object_component id="oc-17c">
         <name>.const</name>
         <load_address>0x3e58</load_address>
         <run_address>0x3e58</run_address>
         <size>0x8</size>
         <input_file_ref idref="fl-157"/>
      </object_component>
      <object_component id="oc-19c">
         <name>.const</name>
         <load_address>0x3e60</load_address>
         <run_address>0x3e60</run_address>
         <size>0x8</size>
         <input_file_ref idref="fl-15c"/>
      </object_component>
      <object_component id="oc-145">
         <name>.const</name>
         <load_address>0x3e68</load_address>
         <run_address>0x3e68</run_address>
         <size>0x2</size>
         <input_file_ref idref="fl-1c"/>
      </object_component>
      <object_component id="oc-1f5">
         <name>.cinit..data.load</name>
         <load_address>0x3e70</load_address>
         <run_address>0x3e70</run_address>
         <size>0x20</size>
      </object_component>
      <object_component id="oc-1f2">
         <name>__TI_handler_table</name>
         <load_address>0x3e90</load_address>
         <run_address>0x3e90</run_address>
         <size>0xc</size>
      </object_component>
      <object_component id="oc-1f6">
         <name>.cinit..bss.load</name>
         <load_address>0x3ea0</load_address>
         <run_address>0x3ea0</run_address>
         <size>0x8</size>
      </object_component>
      <object_component id="oc-1f4">
         <name>.cinit..vtable.load</name>
         <load_address>0x3ea8</load_address>
         <run_address>0x3ea8</run_address>
         <size>0x8</size>
      </object_component>
      <object_component id="oc-1f3">
         <name>__TI_cinit_table</name>
         <load_address>0x3eb0</load_address>
         <run_address>0x3eb0</run_address>
         <size>0x18</size>
      </object_component>
      <object_component id="oc-1aa">
         <name>.vtable</name>
         <uninitialized>true</uninitialized>
         <run_address>0x20000000</run_address>
         <size>0x26c</size>
         <input_file_ref idref="fl-159"/>
      </object_component>
      <object_component id="oc-29">
         <name>.stack</name>
         <uninitialized>true</uninitialized>
         <run_address>0x20007958</run_address>
         <size>0x0</size>
         <input_file_ref idref="fl-145"/>
      </object_component>
      <object_component id="oc-1f7">
         <name>.stack</name>
         <uninitialized>true</uninitialized>
         <run_address>0x20007958</run_address>
         <size>0x0</size>
      </object_component>
      <object_component id="oc-d9">
         <name>.bss:pxReadyTasksLists</name>
         <uninitialized>true</uninitialized>
         <run_address>0x2000779c</run_address>
         <size>0x140</size>
         <input_file_ref idref="fl-1a"/>
      </object_component>
      <object_component id="oc-14c">
         <name>.bss:ucHeap</name>
         <uninitialized>true</uninitialized>
         <run_address>0x2000026c</run_address>
         <size>0x7530</size>
         <input_file_ref idref="fl-1c"/>
      </object_component>
      <object_component id="oc-e7">
         <name>.common:xDelayedTaskList1</name>
         <uninitialized>true</uninitialized>
         <run_address>0x200078dc</run_address>
         <size>0x14</size>
      </object_component>
      <object_component id="oc-e8">
         <name>.common:xDelayedTaskList2</name>
         <uninitialized>true</uninitialized>
         <run_address>0x200078f0</run_address>
         <size>0x14</size>
      </object_component>
      <object_component id="oc-df">
         <name>.common:pxDelayedTaskList</name>
         <uninitialized>true</uninitialized>
         <run_address>0x20007950</run_address>
         <size>0x4</size>
      </object_component>
      <object_component id="oc-e0">
         <name>.common:pxOverflowDelayedTaskList</name>
         <uninitialized>true</uninitialized>
         <run_address>0x20007954</run_address>
         <size>0x4</size>
      </object_component>
      <object_component id="oc-de">
         <name>.common:xPendingReadyList</name>
         <uninitialized>true</uninitialized>
         <run_address>0x20007904</run_address>
         <size>0x14</size>
      </object_component>
      <object_component id="oc-dc">
         <name>.common:xTasksWaitingTermination</name>
         <uninitialized>true</uninitialized>
         <run_address>0x2000792c</run_address>
         <size>0x14</size>
      </object_component>
      <object_component id="oc-dd">
         <name>.common:xSuspendedTaskList</name>
         <uninitialized>true</uninitialized>
         <run_address>0x20007918</run_address>
         <size>0x14</size>
      </object_component>
      <object_component id="oc-148">
         <name>.common:xStart</name>
         <uninitialized>true</uninitialized>
         <run_address>0x20007948</run_address>
         <size>0x8</size>
      </object_component>
      <object_component id="oc-14b">
         <name>.common:xEnd</name>
         <uninitialized>true</uninitialized>
         <run_address>0x20007940</run_address>
         <size>0x8</size>
      </object_component>
      <object_component id="oc-80">
         <name>.data</name>
         <load_address>0x20007b58</load_address>
         <run_address>0x20007b58</run_address>
         <size>0x30</size>
         <input_file_ref idref="fl-1a"/>
      </object_component>
      <object_component id="oc-142">
         <name>.data</name>
         <load_address>0x20007b88</load_address>
         <run_address>0x20007b88</run_address>
         <size>0x8</size>
         <input_file_ref idref="fl-1c"/>
      </object_component>
      <object_component id="oc-8a">
         <name>.data</name>
         <load_address>0x20007ba0</load_address>
         <run_address>0x20007ba0</run_address>
         <size>0x4</size>
         <input_file_ref idref="fl-1d"/>
      </object_component>
      <object_component id="oc-c7">
         <name>.data</name>
         <load_address>0x20007b98</load_address>
         <run_address>0x20007b98</run_address>
         <size>0x8</size>
         <input_file_ref idref="fl-149"/>
      </object_component>
      <object_component id="oc-7b">
         <name>.data</name>
         <load_address>0x20007ba4</load_address>
         <run_address>0x20007ba4</run_address>
         <size>0x4</size>
         <input_file_ref idref="fl-14e"/>
      </object_component>
      <object_component id="oc-c4">
         <name>.data</name>
         <load_address>0x20007b90</load_address>
         <run_address>0x20007b90</run_address>
         <size>0x8</size>
         <input_file_ref idref="fl-151"/>
      </object_component>
      <object_component id="oc-fd">
         <name>.debug_info</name>
         <load_address>0x0</load_address>
         <run_address>0x0</run_address>
         <size>0x16b</size>
         <input_file_ref idref="fl-2"/>
      </object_component>
      <object_component id="oc-bd">
         <name>.debug_info</name>
         <load_address>0x16b</load_address>
         <run_address>0x16b</run_address>
         <size>0x13c</size>
         <input_file_ref idref="fl-2"/>
      </object_component>
      <object_component id="oc-ea">
         <name>.debug_info</name>
         <load_address>0x2a7</load_address>
         <run_address>0x2a7</run_address>
         <size>0x29e</size>
         <input_file_ref idref="fl-2"/>
      </object_component>
      <object_component id="oc-94">
         <name>.debug_info</name>
         <load_address>0x545</load_address>
         <run_address>0x545</run_address>
         <size>0x84</size>
         <input_file_ref idref="fl-2"/>
      </object_component>
      <object_component id="oc-8f">
         <name>.debug_info</name>
         <load_address>0x5c9</load_address>
         <run_address>0x5c9</run_address>
         <size>0x2c</size>
         <input_file_ref idref="fl-2"/>
      </object_component>
      <object_component id="oc-9b">
         <name>.debug_info</name>
         <load_address>0x5f5</load_address>
         <run_address>0x5f5</run_address>
         <size>0x18b</size>
         <input_file_ref idref="fl-2"/>
      </object_component>
      <object_component id="oc-ef">
         <name>.debug_info</name>
         <load_address>0x780</load_address>
         <run_address>0x780</run_address>
         <size>0x2c</size>
         <input_file_ref idref="fl-2"/>
      </object_component>
      <object_component id="oc-f8">
         <name>.debug_info</name>
         <load_address>0x7ac</load_address>
         <run_address>0x7ac</run_address>
         <size>0x14c</size>
         <input_file_ref idref="fl-2"/>
      </object_component>
      <object_component id="oc-166">
         <name>.debug_info</name>
         <load_address>0x8f8</load_address>
         <run_address>0x8f8</run_address>
         <size>0x2ad</size>
         <input_file_ref idref="fl-3"/>
      </object_component>
      <object_component id="oc-112">
         <name>.debug_info</name>
         <load_address>0xba5</load_address>
         <run_address>0xba5</run_address>
         <size>0x3e5</size>
         <input_file_ref idref="fl-3"/>
      </object_component>
      <object_component id="oc-3d">
         <name>.debug_info</name>
         <load_address>0xf8a</load_address>
         <run_address>0xf8a</run_address>
         <size>0x178</size>
         <input_file_ref idref="fl-4"/>
      </object_component>
      <object_component id="oc-10">
         <name>.debug_info</name>
         <load_address>0x1102</load_address>
         <run_address>0x1102</run_address>
         <size>0xdd</size>
         <input_file_ref idref="fl-4"/>
      </object_component>
      <object_component id="oc-2b">
         <name>.debug_info</name>
         <load_address>0x11df</load_address>
         <run_address>0x11df</run_address>
         <size>0x1f1</size>
         <input_file_ref idref="fl-4"/>
      </object_component>
      <object_component id="oc-fe">
         <name>.debug_info</name>
         <load_address>0x13d0</load_address>
         <run_address>0x13d0</run_address>
         <size>0x8b</size>
         <input_file_ref idref="fl-5"/>
      </object_component>
      <object_component id="oc-ab">
         <name>.debug_info</name>
         <load_address>0x145b</load_address>
         <run_address>0x145b</run_address>
         <size>0x2c</size>
         <input_file_ref idref="fl-5"/>
      </object_component>
      <object_component id="oc-13f">
         <name>.debug_info</name>
         <load_address>0x1487</load_address>
         <run_address>0x1487</run_address>
         <size>0x153</size>
         <input_file_ref idref="fl-18"/>
      </object_component>
      <object_component id="oc-d4">
         <name>.debug_info</name>
         <load_address>0x15da</load_address>
         <run_address>0x15da</run_address>
         <size>0x5fb</size>
         <input_file_ref idref="fl-18"/>
      </object_component>
      <object_component id="oc-12f">
         <name>.debug_info</name>
         <load_address>0x1bd5</load_address>
         <run_address>0x1bd5</run_address>
         <size>0x110</size>
         <input_file_ref idref="fl-18"/>
      </object_component>
      <object_component id="oc-d1">
         <name>.debug_info</name>
         <load_address>0x1ce5</load_address>
         <run_address>0x1ce5</run_address>
         <size>0x6c5</size>
         <input_file_ref idref="fl-1a"/>
      </object_component>
      <object_component id="oc-81">
         <name>.debug_info</name>
         <load_address>0x23aa</load_address>
         <run_address>0x23aa</run_address>
         <size>0x30b</size>
         <input_file_ref idref="fl-1a"/>
      </object_component>
      <object_component id="oc-da">
         <name>.debug_info</name>
         <load_address>0x26b5</load_address>
         <run_address>0x26b5</run_address>
         <size>0x108</size>
         <input_file_ref idref="fl-1a"/>
      </object_component>
      <object_component id="oc-84">
         <name>.debug_info</name>
         <load_address>0x27bd</load_address>
         <run_address>0x27bd</run_address>
         <size>0x3942</size>
         <input_file_ref idref="fl-1a"/>
      </object_component>
      <object_component id="oc-134">
         <name>.debug_info</name>
         <load_address>0x60ff</load_address>
         <run_address>0x60ff</run_address>
         <size>0x39</size>
         <input_file_ref idref="fl-1a"/>
      </object_component>
      <object_component id="oc-139">
         <name>.debug_info</name>
         <load_address>0x6138</load_address>
         <run_address>0x6138</run_address>
         <size>0xfc</size>
         <input_file_ref idref="fl-1a"/>
      </object_component>
      <object_component id="oc-149">
         <name>.debug_info</name>
         <load_address>0x6234</load_address>
         <run_address>0x6234</run_address>
         <size>0x225</size>
         <input_file_ref idref="fl-1c"/>
      </object_component>
      <object_component id="oc-14d">
         <name>.debug_info</name>
         <load_address>0x6459</load_address>
         <run_address>0x6459</run_address>
         <size>0x104</size>
         <input_file_ref idref="fl-1c"/>
      </object_component>
      <object_component id="oc-146">
         <name>.debug_info</name>
         <load_address>0x655d</load_address>
         <run_address>0x655d</run_address>
         <size>0x116</size>
         <input_file_ref idref="fl-1c"/>
      </object_component>
      <object_component id="oc-143">
         <name>.debug_info</name>
         <load_address>0x6673</load_address>
         <run_address>0x6673</run_address>
         <size>0x11e</size>
         <input_file_ref idref="fl-1c"/>
      </object_component>
      <object_component id="oc-e2">
         <name>.debug_info</name>
         <load_address>0x6791</load_address>
         <run_address>0x6791</run_address>
         <size>0x769</size>
         <input_file_ref idref="fl-1c"/>
      </object_component>
      <object_component id="oc-172">
         <name>.debug_info</name>
         <load_address>0x6efa</load_address>
         <run_address>0x6efa</run_address>
         <size>0x70</size>
         <input_file_ref idref="fl-1c"/>
      </object_component>
      <object_component id="oc-8e">
         <name>.debug_info</name>
         <load_address>0x6f6a</load_address>
         <run_address>0x6f6a</run_address>
         <size>0x23a</size>
         <input_file_ref idref="fl-1d"/>
      </object_component>
      <object_component id="oc-8b">
         <name>.debug_info</name>
         <load_address>0x71a4</load_address>
         <run_address>0x71a4</run_address>
         <size>0x11d</size>
         <input_file_ref idref="fl-1d"/>
      </object_component>
      <object_component id="oc-36">
         <name>.debug_info</name>
         <load_address>0x72c1</load_address>
         <run_address>0x72c1</run_address>
         <size>0xa04</size>
         <input_file_ref idref="fl-1d"/>
      </object_component>
      <object_component id="oc-31">
         <name>.debug_info</name>
         <load_address>0x7cc5</load_address>
         <run_address>0x7cc5</run_address>
         <size>0x1a3</size>
         <input_file_ref idref="fl-1e"/>
      </object_component>
      <object_component id="oc-26">
         <name>.debug_info</name>
         <load_address>0x7e68</load_address>
         <run_address>0x7e68</run_address>
         <size>0x134</size>
         <input_file_ref idref="fl-145"/>
      </object_component>
      <object_component id="oc-49">
         <name>.debug_info</name>
         <load_address>0x7f9c</load_address>
         <run_address>0x7f9c</run_address>
         <size>0x121</size>
         <input_file_ref idref="fl-146"/>
      </object_component>
      <object_component id="oc-13">
         <name>.debug_info</name>
         <load_address>0x80bd</load_address>
         <run_address>0x80bd</run_address>
         <size>0x1c0</size>
         <input_file_ref idref="fl-146"/>
      </object_component>
      <object_component id="oc-44">
         <name>.debug_info</name>
         <load_address>0x827d</load_address>
         <run_address>0x827d</run_address>
         <size>0x46</size>
         <input_file_ref idref="fl-146"/>
      </object_component>
      <object_component id="oc-a1">
         <name>.debug_info</name>
         <load_address>0x82c3</load_address>
         <run_address>0x82c3</run_address>
         <size>0x2c</size>
         <input_file_ref idref="fl-146"/>
      </object_component>
      <object_component id="oc-51">
         <name>.debug_info</name>
         <load_address>0x82ef</load_address>
         <run_address>0x82ef</run_address>
         <size>0x115</size>
         <input_file_ref idref="fl-147"/>
      </object_component>
      <object_component id="oc-4b">
         <name>.debug_info</name>
         <load_address>0x8404</load_address>
         <run_address>0x8404</run_address>
         <size>0x228</size>
         <input_file_ref idref="fl-147"/>
      </object_component>
      <object_component id="oc-19">
         <name>.debug_info</name>
         <load_address>0x862c</load_address>
         <run_address>0x862c</run_address>
         <size>0x192</size>
         <input_file_ref idref="fl-147"/>
      </object_component>
      <object_component id="oc-52">
         <name>.debug_info</name>
         <load_address>0x87be</load_address>
         <run_address>0x87be</run_address>
         <size>0x39</size>
         <input_file_ref idref="fl-147"/>
      </object_component>
      <object_component id="oc-62">
         <name>.debug_info</name>
         <load_address>0x87f7</load_address>
         <run_address>0x87f7</run_address>
         <size>0x110</size>
         <input_file_ref idref="fl-148"/>
      </object_component>
      <object_component id="oc-1f">
         <name>.debug_info</name>
         <load_address>0x8907</load_address>
         <run_address>0x8907</run_address>
         <size>0x18b</size>
         <input_file_ref idref="fl-148"/>
      </object_component>
      <object_component id="oc-5d">
         <name>.debug_info</name>
         <load_address>0x8a92</load_address>
         <run_address>0x8a92</run_address>
         <size>0x46</size>
         <input_file_ref idref="fl-148"/>
      </object_component>
      <object_component id="oc-cb">
         <name>.debug_info</name>
         <load_address>0x8ad8</load_address>
         <run_address>0x8ad8</run_address>
         <size>0x172</size>
         <input_file_ref idref="fl-149"/>
      </object_component>
      <object_component id="oc-c8">
         <name>.debug_info</name>
         <load_address>0x8c4a</load_address>
         <run_address>0x8c4a</run_address>
         <size>0x117</size>
         <input_file_ref idref="fl-149"/>
      </object_component>
      <object_component id="oc-76">
         <name>.debug_info</name>
         <load_address>0x8d61</load_address>
         <run_address>0x8d61</run_address>
         <size>0x1ee</size>
         <input_file_ref idref="fl-149"/>
      </object_component>
      <object_component id="oc-3f">
         <name>.debug_info</name>
         <load_address>0x8f4f</load_address>
         <run_address>0x8f4f</run_address>
         <size>0xf6</size>
         <input_file_ref idref="fl-14b"/>
      </object_component>
      <object_component id="oc-58">
         <name>.debug_info</name>
         <load_address>0x9045</load_address>
         <run_address>0x9045</run_address>
         <size>0x124</size>
         <input_file_ref idref="fl-14c"/>
      </object_component>
      <object_component id="oc-64">
         <name>.debug_info</name>
         <load_address>0x9169</load_address>
         <run_address>0x9169</run_address>
         <size>0x129</size>
         <input_file_ref idref="fl-14d"/>
      </object_component>
      <object_component id="oc-7c">
         <name>.debug_info</name>
         <load_address>0x9292</load_address>
         <run_address>0x9292</run_address>
         <size>0xea</size>
         <input_file_ref idref="fl-14e"/>
      </object_component>
      <object_component id="oc-127">
         <name>.debug_info</name>
         <load_address>0x937c</load_address>
         <run_address>0x937c</run_address>
         <size>0x105</size>
         <input_file_ref idref="fl-151"/>
      </object_component>
      <object_component id="oc-c5">
         <name>.debug_info</name>
         <load_address>0x9481</load_address>
         <run_address>0x9481</run_address>
         <size>0xf4</size>
         <input_file_ref idref="fl-151"/>
      </object_component>
      <object_component id="oc-120">
         <name>.debug_info</name>
         <load_address>0x9575</load_address>
         <run_address>0x9575</run_address>
         <size>0x200</size>
         <input_file_ref idref="fl-151"/>
      </object_component>
      <object_component id="oc-c3">
         <name>.debug_info</name>
         <load_address>0x9775</load_address>
         <run_address>0x9775</run_address>
         <size>0x147</size>
         <input_file_ref idref="fl-152"/>
      </object_component>
      <object_component id="oc-70">
         <name>.debug_info</name>
         <load_address>0x98bc</load_address>
         <run_address>0x98bc</run_address>
         <size>0x148</size>
         <input_file_ref idref="fl-152"/>
      </object_component>
      <object_component id="oc-11a">
         <name>.debug_info</name>
         <load_address>0x9a04</load_address>
         <run_address>0x9a04</run_address>
         <size>0x5e</size>
         <input_file_ref idref="fl-152"/>
      </object_component>
      <object_component id="oc-bb">
         <name>.debug_info</name>
         <load_address>0x9a62</load_address>
         <run_address>0x9a62</run_address>
         <size>0x29e</size>
         <input_file_ref idref="fl-153"/>
      </object_component>
      <object_component id="oc-6a">
         <name>.debug_info</name>
         <load_address>0x9d00</load_address>
         <run_address>0x9d00</run_address>
         <size>0x158</size>
         <input_file_ref idref="fl-153"/>
      </object_component>
      <object_component id="oc-107">
         <name>.debug_info</name>
         <load_address>0x9e58</load_address>
         <run_address>0x9e58</run_address>
         <size>0x39</size>
         <input_file_ref idref="fl-153"/>
      </object_component>
      <object_component id="oc-10c">
         <name>.debug_info</name>
         <load_address>0x9e91</load_address>
         <run_address>0x9e91</run_address>
         <size>0xcd</size>
         <input_file_ref idref="fl-153"/>
      </object_component>
      <object_component id="oc-104">
         <name>.debug_info</name>
         <load_address>0x9f5e</load_address>
         <run_address>0x9f5e</run_address>
         <size>0x1c1</size>
         <input_file_ref idref="fl-154"/>
      </object_component>
      <object_component id="oc-b5">
         <name>.debug_info</name>
         <load_address>0xa11f</load_address>
         <run_address>0xa11f</run_address>
         <size>0x164</size>
         <input_file_ref idref="fl-154"/>
      </object_component>
      <object_component id="oc-154">
         <name>.debug_info</name>
         <load_address>0xa283</load_address>
         <run_address>0xa283</run_address>
         <size>0x2c</size>
         <input_file_ref idref="fl-154"/>
      </object_component>
      <object_component id="oc-18c">
         <name>.debug_info</name>
         <load_address>0xa2af</load_address>
         <run_address>0xa2af</run_address>
         <size>0x19b</size>
         <input_file_ref idref="fl-157"/>
      </object_component>
      <object_component id="oc-17a">
         <name>.debug_info</name>
         <load_address>0xa44a</load_address>
         <run_address>0xa44a</run_address>
         <size>0xe6</size>
         <input_file_ref idref="fl-157"/>
      </object_component>
      <object_component id="oc-17d">
         <name>.debug_info</name>
         <load_address>0xa530</load_address>
         <run_address>0xa530</run_address>
         <size>0x134</size>
         <input_file_ref idref="fl-157"/>
      </object_component>
      <object_component id="oc-180">
         <name>.debug_info</name>
         <load_address>0xa664</load_address>
         <run_address>0xa664</run_address>
         <size>0xe8</size>
         <input_file_ref idref="fl-157"/>
      </object_component>
      <object_component id="oc-189">
         <name>.debug_info</name>
         <load_address>0xa74c</load_address>
         <run_address>0xa74c</run_address>
         <size>0xda</size>
         <input_file_ref idref="fl-157"/>
      </object_component>
      <object_component id="oc-15a">
         <name>.debug_info</name>
         <load_address>0xa826</load_address>
         <run_address>0xa826</run_address>
         <size>0x2d5e</size>
         <input_file_ref idref="fl-157"/>
      </object_component>
      <object_component id="oc-1b4">
         <name>.debug_info</name>
         <load_address>0xd584</load_address>
         <run_address>0xd584</run_address>
         <size>0x183</size>
         <input_file_ref idref="fl-159"/>
      </object_component>
      <object_component id="oc-1ae">
         <name>.debug_info</name>
         <load_address>0xd707</load_address>
         <run_address>0xd707</run_address>
         <size>0x18f</size>
         <input_file_ref idref="fl-159"/>
      </object_component>
      <object_component id="oc-1b1">
         <name>.debug_info</name>
         <load_address>0xd896</load_address>
         <run_address>0xd896</run_address>
         <size>0xcd</size>
         <input_file_ref idref="fl-159"/>
      </object_component>
      <object_component id="oc-1ab">
         <name>.debug_info</name>
         <load_address>0xd963</load_address>
         <run_address>0xd963</run_address>
         <size>0xd6</size>
         <input_file_ref idref="fl-159"/>
      </object_component>
      <object_component id="oc-183">
         <name>.debug_info</name>
         <load_address>0xda39</load_address>
         <run_address>0xda39</run_address>
         <size>0xb82</size>
         <input_file_ref idref="fl-159"/>
      </object_component>
      <object_component id="oc-1a1">
         <name>.debug_info</name>
         <load_address>0xe5bb</load_address>
         <run_address>0xe5bb</run_address>
         <size>0x1f4</size>
         <input_file_ref idref="fl-15c"/>
      </object_component>
      <object_component id="oc-197">
         <name>.debug_info</name>
         <load_address>0xe7af</load_address>
         <run_address>0xe7af</run_address>
         <size>0xcc</size>
         <input_file_ref idref="fl-15c"/>
      </object_component>
      <object_component id="oc-19a">
         <name>.debug_info</name>
         <load_address>0xe87b</load_address>
         <run_address>0xe87b</run_address>
         <size>0xd8</size>
         <input_file_ref idref="fl-15c"/>
      </object_component>
      <object_component id="oc-18e">
         <name>.debug_info</name>
         <load_address>0xe953</load_address>
         <run_address>0xe953</run_address>
         <size>0xd2</size>
         <input_file_ref idref="fl-15c"/>
      </object_component>
      <object_component id="oc-19d">
         <name>.debug_info</name>
         <load_address>0xea25</load_address>
         <run_address>0xea25</run_address>
         <size>0xdf</size>
         <input_file_ref idref="fl-15c"/>
      </object_component>
      <object_component id="oc-160">
         <name>.debug_info</name>
         <load_address>0xeb04</load_address>
         <run_address>0xeb04</run_address>
         <size>0x248c</size>
         <input_file_ref idref="fl-15c"/>
      </object_component>
      <object_component id="oc-1c4">
         <name>.debug_info</name>
         <load_address>0x10f90</load_address>
         <run_address>0x10f90</run_address>
         <size>0x5f</size>
         <input_file_ref idref="fl-15c"/>
      </object_component>
      <object_component id="oc-191">
         <name>.debug_info</name>
         <load_address>0x10fef</load_address>
         <run_address>0x10fef</run_address>
         <size>0x2aa</size>
         <input_file_ref idref="fl-15f"/>
      </object_component>
      <object_component id="oc-1f8">
         <name>.debug_info</name>
         <load_address>0x11299</load_address>
         <run_address>0x11299</run_address>
         <size>0xa1</size>
      </object_component>
      <object_component id="oc-151">
         <name>.debug_line</name>
         <load_address>0x0</load_address>
         <run_address>0x0</run_address>
         <size>0x73</size>
         <input_file_ref idref="fl-2"/>
      </object_component>
      <object_component id="oc-c0">
         <name>.debug_line</name>
         <load_address>0x73</load_address>
         <run_address>0x73</run_address>
         <size>0x52</size>
         <input_file_ref idref="fl-2"/>
      </object_component>
      <object_component id="oc-ed">
         <name>.debug_line</name>
         <load_address>0xc5</load_address>
         <run_address>0xc5</run_address>
         <size>0x5d</size>
         <input_file_ref idref="fl-2"/>
      </object_component>
      <object_component id="oc-97">
         <name>.debug_line</name>
         <load_address>0x122</load_address>
         <run_address>0x122</run_address>
         <size>0x20</size>
         <input_file_ref idref="fl-2"/>
      </object_component>
      <object_component id="oc-92">
         <name>.debug_line</name>
         <load_address>0x142</load_address>
         <run_address>0x142</run_address>
         <size>0x61</size>
         <input_file_ref idref="fl-2"/>
      </object_component>
      <object_component id="oc-9e">
         <name>.debug_line</name>
         <load_address>0x1a3</load_address>
         <run_address>0x1a3</run_address>
         <size>0x62</size>
         <input_file_ref idref="fl-2"/>
      </object_component>
      <object_component id="oc-f2">
         <name>.debug_line</name>
         <load_address>0x205</load_address>
         <run_address>0x205</run_address>
         <size>0x70</size>
         <input_file_ref idref="fl-2"/>
      </object_component>
      <object_component id="oc-fb">
         <name>.debug_line</name>
         <load_address>0x275</load_address>
         <run_address>0x275</run_address>
         <size>0x5d</size>
         <input_file_ref idref="fl-2"/>
      </object_component>
      <object_component id="oc-1a3">
         <name>.debug_line</name>
         <load_address>0x2d2</load_address>
         <run_address>0x2d2</run_address>
         <size>0xbd</size>
         <input_file_ref idref="fl-3"/>
      </object_component>
      <object_component id="oc-115">
         <name>.debug_line</name>
         <load_address>0x38f</load_address>
         <run_address>0x38f</run_address>
         <size>0x9c</size>
         <input_file_ref idref="fl-3"/>
      </object_component>
      <object_component id="oc-9a">
         <name>.debug_line</name>
         <load_address>0x42b</load_address>
         <run_address>0x42b</run_address>
         <size>0x34</size>
         <input_file_ref idref="fl-4"/>
      </object_component>
      <object_component id="oc-3c">
         <name>.debug_line</name>
         <load_address>0x45f</load_address>
         <run_address>0x45f</run_address>
         <size>0x34</size>
         <input_file_ref idref="fl-4"/>
      </object_component>
      <object_component id="oc-2e">
         <name>.debug_line</name>
         <load_address>0x493</load_address>
         <run_address>0x493</run_address>
         <size>0x94</size>
         <input_file_ref idref="fl-4"/>
      </object_component>
      <object_component id="oc-101">
         <name>.debug_line</name>
         <load_address>0x527</load_address>
         <run_address>0x527</run_address>
         <size>0x20</size>
         <input_file_ref idref="fl-5"/>
      </object_component>
      <object_component id="oc-ae">
         <name>.debug_line</name>
         <load_address>0x547</load_address>
         <run_address>0x547</run_address>
         <size>0x62</size>
         <input_file_ref idref="fl-5"/>
      </object_component>
      <object_component id="oc-16b">
         <name>.debug_line</name>
         <load_address>0x5a9</load_address>
         <run_address>0x5a9</run_address>
         <size>0x20</size>
         <input_file_ref idref="fl-18"/>
      </object_component>
      <object_component id="oc-d7">
         <name>.debug_line</name>
         <load_address>0x5c9</load_address>
         <run_address>0x5c9</run_address>
         <size>0x106</size>
         <input_file_ref idref="fl-18"/>
      </object_component>
      <object_component id="oc-132">
         <name>.debug_line</name>
         <load_address>0x6cf</load_address>
         <run_address>0x6cf</run_address>
         <size>0x62</size>
         <input_file_ref idref="fl-18"/>
      </object_component>
      <object_component id="oc-12e">
         <name>.debug_line</name>
         <load_address>0x731</load_address>
         <run_address>0x731</run_address>
         <size>0x166</size>
         <input_file_ref idref="fl-1a"/>
      </object_component>
      <object_component id="oc-d0">
         <name>.debug_line</name>
         <load_address>0x897</load_address>
         <run_address>0x897</run_address>
         <size>0x56</size>
         <input_file_ref idref="fl-1a"/>
      </object_component>
      <object_component id="oc-141">
         <name>.debug_line</name>
         <load_address>0x8ed</load_address>
         <run_address>0x8ed</run_address>
         <size>0x56</size>
         <input_file_ref idref="fl-1a"/>
      </object_component>
      <object_component id="oc-87">
         <name>.debug_line</name>
         <load_address>0x943</load_address>
         <run_address>0x943</run_address>
         <size>0x8d6</size>
         <input_file_ref idref="fl-1a"/>
      </object_component>
      <object_component id="oc-137">
         <name>.debug_line</name>
         <load_address>0x1219</load_address>
         <run_address>0x1219</run_address>
         <size>0x5f</size>
         <input_file_ref idref="fl-1a"/>
      </object_component>
      <object_component id="oc-13c">
         <name>.debug_line</name>
         <load_address>0x1278</load_address>
         <run_address>0x1278</run_address>
         <size>0x56</size>
         <input_file_ref idref="fl-1a"/>
      </object_component>
      <object_component id="oc-171">
         <name>.debug_line</name>
         <load_address>0x12ce</load_address>
         <run_address>0x12ce</run_address>
         <size>0xa5</size>
         <input_file_ref idref="fl-1c"/>
      </object_component>
      <object_component id="oc-178">
         <name>.debug_line</name>
         <load_address>0x1373</load_address>
         <run_address>0x1373</run_address>
         <size>0x68</size>
         <input_file_ref idref="fl-1c"/>
      </object_component>
      <object_component id="oc-16f">
         <name>.debug_line</name>
         <load_address>0x13db</load_address>
         <run_address>0x13db</run_address>
         <size>0x68</size>
         <input_file_ref idref="fl-1c"/>
      </object_component>
      <object_component id="oc-16d">
         <name>.debug_line</name>
         <load_address>0x1443</load_address>
         <run_address>0x1443</run_address>
         <size>0x68</size>
         <input_file_ref idref="fl-1c"/>
      </object_component>
      <object_component id="oc-e5">
         <name>.debug_line</name>
         <load_address>0x14ab</load_address>
         <run_address>0x14ab</run_address>
         <size>0x13b</size>
         <input_file_ref idref="fl-1c"/>
      </object_component>
      <object_component id="oc-175">
         <name>.debug_line</name>
         <load_address>0x15e6</load_address>
         <run_address>0x15e6</run_address>
         <size>0x68</size>
         <input_file_ref idref="fl-1c"/>
      </object_component>
      <object_component id="oc-f7">
         <name>.debug_line</name>
         <load_address>0x164e</load_address>
         <run_address>0x164e</run_address>
         <size>0xf8</size>
         <input_file_ref idref="fl-1d"/>
      </object_component>
      <object_component id="oc-f5">
         <name>.debug_line</name>
         <load_address>0x1746</load_address>
         <run_address>0x1746</run_address>
         <size>0x6b</size>
         <input_file_ref idref="fl-1d"/>
      </object_component>
      <object_component id="oc-39">
         <name>.debug_line</name>
         <load_address>0x17b1</load_address>
         <run_address>0x17b1</run_address>
         <size>0x180</size>
         <input_file_ref idref="fl-1d"/>
      </object_component>
      <object_component id="oc-34">
         <name>.debug_line</name>
         <load_address>0x1931</load_address>
         <run_address>0x1931</run_address>
         <size>0xaf</size>
         <input_file_ref idref="fl-1e"/>
      </object_component>
      <object_component id="oc-28">
         <name>.debug_line</name>
         <load_address>0x19e0</load_address>
         <run_address>0x19e0</run_address>
         <size>0x52</size>
         <input_file_ref idref="fl-145"/>
      </object_component>
      <object_component id="oc-a7">
         <name>.debug_line</name>
         <load_address>0x1a32</load_address>
         <run_address>0x1a32</run_address>
         <size>0x80</size>
         <input_file_ref idref="fl-146"/>
      </object_component>
      <object_component id="oc-16">
         <name>.debug_line</name>
         <load_address>0x1ab2</load_address>
         <run_address>0x1ab2</run_address>
         <size>0x55</size>
         <input_file_ref idref="fl-146"/>
      </object_component>
      <object_component id="oc-47">
         <name>.debug_line</name>
         <load_address>0x1b07</load_address>
         <run_address>0x1b07</run_address>
         <size>0x3a</size>
         <input_file_ref idref="fl-146"/>
      </object_component>
      <object_component id="oc-a4">
         <name>.debug_line</name>
         <load_address>0x1b41</load_address>
         <run_address>0x1b41</run_address>
         <size>0x80</size>
         <input_file_ref idref="fl-146"/>
      </object_component>
      <object_component id="oc-aa">
         <name>.debug_line</name>
         <load_address>0x1bc1</load_address>
         <run_address>0x1bc1</run_address>
         <size>0x80</size>
         <input_file_ref idref="fl-147"/>
      </object_component>
      <object_component id="oc-4e">
         <name>.debug_line</name>
         <load_address>0x1c41</load_address>
         <run_address>0x1c41</run_address>
         <size>0x98</size>
         <input_file_ref idref="fl-147"/>
      </object_component>
      <object_component id="oc-1c">
         <name>.debug_line</name>
         <load_address>0x1cd9</load_address>
         <run_address>0x1cd9</run_address>
         <size>0x4b</size>
         <input_file_ref idref="fl-147"/>
      </object_component>
      <object_component id="oc-55">
         <name>.debug_line</name>
         <load_address>0x1d24</load_address>
         <run_address>0x1d24</run_address>
         <size>0x39</size>
         <input_file_ref idref="fl-147"/>
      </object_component>
      <object_component id="oc-b2">
         <name>.debug_line</name>
         <load_address>0x1d5d</load_address>
         <run_address>0x1d5d</run_address>
         <size>0x80</size>
         <input_file_ref idref="fl-148"/>
      </object_component>
      <object_component id="oc-22">
         <name>.debug_line</name>
         <load_address>0x1ddd</load_address>
         <run_address>0x1ddd</run_address>
         <size>0x4f</size>
         <input_file_ref idref="fl-148"/>
      </object_component>
      <object_component id="oc-60">
         <name>.debug_line</name>
         <load_address>0x1e2c</load_address>
         <run_address>0x1e2c</run_address>
         <size>0x34</size>
         <input_file_ref idref="fl-148"/>
      </object_component>
      <object_component id="oc-12c">
         <name>.debug_line</name>
         <load_address>0x1e60</load_address>
         <run_address>0x1e60</run_address>
         <size>0x7f</size>
         <input_file_ref idref="fl-149"/>
      </object_component>
      <object_component id="oc-12a">
         <name>.debug_line</name>
         <load_address>0x1edf</load_address>
         <run_address>0x1edf</run_address>
         <size>0x2a</size>
         <input_file_ref idref="fl-149"/>
      </object_component>
      <object_component id="oc-79">
         <name>.debug_line</name>
         <load_address>0x1f09</load_address>
         <run_address>0x1f09</run_address>
         <size>0x7a</size>
         <input_file_ref idref="fl-149"/>
      </object_component>
      <object_component id="oc-42">
         <name>.debug_line</name>
         <load_address>0x1f83</load_address>
         <run_address>0x1f83</run_address>
         <size>0x88</size>
         <input_file_ref idref="fl-14b"/>
      </object_component>
      <object_component id="oc-5b">
         <name>.debug_line</name>
         <load_address>0x200b</load_address>
         <run_address>0x200b</run_address>
         <size>0x79</size>
         <input_file_ref idref="fl-14c"/>
      </object_component>
      <object_component id="oc-67">
         <name>.debug_line</name>
         <load_address>0x2084</load_address>
         <run_address>0x2084</run_address>
         <size>0x40</size>
         <input_file_ref idref="fl-14d"/>
      </object_component>
      <object_component id="oc-ce">
         <name>.debug_line</name>
         <load_address>0x20c4</load_address>
         <run_address>0x20c4</run_address>
         <size>0x33</size>
         <input_file_ref idref="fl-14e"/>
      </object_component>
      <object_component id="oc-169">
         <name>.debug_line</name>
         <load_address>0x20f7</load_address>
         <run_address>0x20f7</run_address>
         <size>0x20</size>
         <input_file_ref idref="fl-151"/>
      </object_component>
      <object_component id="oc-126">
         <name>.debug_line</name>
         <load_address>0x2117</load_address>
         <run_address>0x2117</run_address>
         <size>0x2b</size>
         <input_file_ref idref="fl-151"/>
      </object_component>
      <object_component id="oc-123">
         <name>.debug_line</name>
         <load_address>0x2142</load_address>
         <run_address>0x2142</run_address>
         <size>0x68</size>
         <input_file_ref idref="fl-151"/>
      </object_component>
      <object_component id="oc-119">
         <name>.debug_line</name>
         <load_address>0x21aa</load_address>
         <run_address>0x21aa</run_address>
         <size>0x2b</size>
         <input_file_ref idref="fl-152"/>
      </object_component>
      <object_component id="oc-73">
         <name>.debug_line</name>
         <load_address>0x21d5</load_address>
         <run_address>0x21d5</run_address>
         <size>0x50</size>
         <input_file_ref idref="fl-152"/>
      </object_component>
      <object_component id="oc-11d">
         <name>.debug_line</name>
         <load_address>0x2225</load_address>
         <run_address>0x2225</run_address>
         <size>0x2b</size>
         <input_file_ref idref="fl-152"/>
      </object_component>
      <object_component id="oc-106">
         <name>.debug_line</name>
         <load_address>0x2250</load_address>
         <run_address>0x2250</run_address>
         <size>0x8f</size>
         <input_file_ref idref="fl-153"/>
      </object_component>
      <object_component id="oc-6d">
         <name>.debug_line</name>
         <load_address>0x22df</load_address>
         <run_address>0x22df</run_address>
         <size>0x79</size>
         <input_file_ref idref="fl-153"/>
      </object_component>
      <object_component id="oc-10a">
         <name>.debug_line</name>
         <load_address>0x2358</load_address>
         <run_address>0x2358</run_address>
         <size>0x2e</size>
         <input_file_ref idref="fl-153"/>
      </object_component>
      <object_component id="oc-10f">
         <name>.debug_line</name>
         <load_address>0x2386</load_address>
         <run_address>0x2386</run_address>
         <size>0x81</size>
         <input_file_ref idref="fl-153"/>
      </object_component>
      <object_component id="oc-153">
         <name>.debug_line</name>
         <load_address>0x2407</load_address>
         <run_address>0x2407</run_address>
         <size>0x8e</size>
         <input_file_ref idref="fl-154"/>
      </object_component>
      <object_component id="oc-b8">
         <name>.debug_line</name>
         <load_address>0x2495</load_address>
         <run_address>0x2495</run_address>
         <size>0x68</size>
         <input_file_ref idref="fl-154"/>
      </object_component>
      <object_component id="oc-157">
         <name>.debug_line</name>
         <load_address>0x24fd</load_address>
         <run_address>0x24fd</run_address>
         <size>0x2e</size>
         <input_file_ref idref="fl-154"/>
      </object_component>
      <object_component id="oc-1b8">
         <name>.debug_line</name>
         <load_address>0x252b</load_address>
         <run_address>0x252b</run_address>
         <size>0x53</size>
         <input_file_ref idref="fl-157"/>
      </object_component>
      <object_component id="oc-1a5">
         <name>.debug_line</name>
         <load_address>0x257e</load_address>
         <run_address>0x257e</run_address>
         <size>0x2d</size>
         <input_file_ref idref="fl-157"/>
      </object_component>
      <object_component id="oc-1a7">
         <name>.debug_line</name>
         <load_address>0x25ab</load_address>
         <run_address>0x25ab</run_address>
         <size>0x2d</size>
         <input_file_ref idref="fl-157"/>
      </object_component>
      <object_component id="oc-1a9">
         <name>.debug_line</name>
         <load_address>0x25d8</load_address>
         <run_address>0x25d8</run_address>
         <size>0x2d</size>
         <input_file_ref idref="fl-157"/>
      </object_component>
      <object_component id="oc-1b6">
         <name>.debug_line</name>
         <load_address>0x2605</load_address>
         <run_address>0x2605</run_address>
         <size>0x2d</size>
         <input_file_ref idref="fl-157"/>
      </object_component>
      <object_component id="oc-15d">
         <name>.debug_line</name>
         <load_address>0x2632</load_address>
         <run_address>0x2632</run_address>
         <size>0x642</size>
         <input_file_ref idref="fl-157"/>
      </object_component>
      <object_component id="oc-1d0">
         <name>.debug_line</name>
         <load_address>0x2c74</load_address>
         <run_address>0x2c74</run_address>
         <size>0x4d</size>
         <input_file_ref idref="fl-159"/>
      </object_component>
      <object_component id="oc-1cc">
         <name>.debug_line</name>
         <load_address>0x2cc1</load_address>
         <run_address>0x2cc1</run_address>
         <size>0x32</size>
         <input_file_ref idref="fl-159"/>
      </object_component>
      <object_component id="oc-1ce">
         <name>.debug_line</name>
         <load_address>0x2cf3</load_address>
         <run_address>0x2cf3</run_address>
         <size>0x32</size>
         <input_file_ref idref="fl-159"/>
      </object_component>
      <object_component id="oc-1ca">
         <name>.debug_line</name>
         <load_address>0x2d25</load_address>
         <run_address>0x2d25</run_address>
         <size>0x32</size>
         <input_file_ref idref="fl-159"/>
      </object_component>
      <object_component id="oc-186">
         <name>.debug_line</name>
         <load_address>0x2d57</load_address>
         <run_address>0x2d57</run_address>
         <size>0x2e3</size>
         <input_file_ref idref="fl-159"/>
      </object_component>
      <object_component id="oc-1c3">
         <name>.debug_line</name>
         <load_address>0x303a</load_address>
         <run_address>0x303a</run_address>
         <size>0xb0</size>
         <input_file_ref idref="fl-15c"/>
      </object_component>
      <object_component id="oc-1bd">
         <name>.debug_line</name>
         <load_address>0x30ea</load_address>
         <run_address>0x30ea</run_address>
         <size>0x2f</size>
         <input_file_ref idref="fl-15c"/>
      </object_component>
      <object_component id="oc-1bf">
         <name>.debug_line</name>
         <load_address>0x3119</load_address>
         <run_address>0x3119</run_address>
         <size>0x2f</size>
         <input_file_ref idref="fl-15c"/>
      </object_component>
      <object_component id="oc-1ba">
         <name>.debug_line</name>
         <load_address>0x3148</load_address>
         <run_address>0x3148</run_address>
         <size>0x2f</size>
         <input_file_ref idref="fl-15c"/>
      </object_component>
      <object_component id="oc-1c1">
         <name>.debug_line</name>
         <load_address>0x3177</load_address>
         <run_address>0x3177</run_address>
         <size>0x2f</size>
         <input_file_ref idref="fl-15c"/>
      </object_component>
      <object_component id="oc-163">
         <name>.debug_line</name>
         <load_address>0x31a6</load_address>
         <run_address>0x31a6</run_address>
         <size>0x958</size>
         <input_file_ref idref="fl-15c"/>
      </object_component>
      <object_component id="oc-1c7">
         <name>.debug_line</name>
         <load_address>0x3afe</load_address>
         <run_address>0x3afe</run_address>
         <size>0x2f</size>
         <input_file_ref idref="fl-15c"/>
      </object_component>
      <object_component id="oc-194">
         <name>.debug_line</name>
         <load_address>0x3b2d</load_address>
         <run_address>0x3b2d</run_address>
         <size>0xcf</size>
         <input_file_ref idref="fl-15f"/>
      </object_component>
      <object_component id="oc-c1">
         <name>.debug_frame</name>
         <load_address>0x0</load_address>
         <run_address>0x0</run_address>
         <size>0x86</size>
         <input_file_ref idref="fl-2"/>
      </object_component>
      <object_component id="oc-116">
         <name>.debug_frame</name>
         <load_address>0x86</load_address>
         <run_address>0x86</run_address>
         <size>0xc2</size>
         <input_file_ref idref="fl-3"/>
      </object_component>
      <object_component id="oc-2f">
         <name>.debug_frame</name>
         <load_address>0x148</load_address>
         <run_address>0x148</run_address>
         <size>0xb2</size>
         <input_file_ref idref="fl-4"/>
      </object_component>
      <object_component id="oc-d8">
         <name>.debug_frame</name>
         <load_address>0x1fa</load_address>
         <run_address>0x1fa</run_address>
         <size>0xe1</size>
         <input_file_ref idref="fl-18"/>
      </object_component>
      <object_component id="oc-88">
         <name>.debug_frame</name>
         <load_address>0x2db</load_address>
         <run_address>0x2db</run_address>
         <size>0x47b</size>
         <input_file_ref idref="fl-1a"/>
      </object_component>
      <object_component id="oc-e6">
         <name>.debug_frame</name>
         <load_address>0x756</load_address>
         <run_address>0x756</run_address>
         <size>0xe0</size>
         <input_file_ref idref="fl-1c"/>
      </object_component>
      <object_component id="oc-3a">
         <name>.debug_frame</name>
         <load_address>0x836</load_address>
         <run_address>0x836</run_address>
         <size>0x129</size>
         <input_file_ref idref="fl-1d"/>
      </object_component>
      <object_component id="oc-17">
         <name>.debug_frame</name>
         <load_address>0x95f</load_address>
         <run_address>0x95f</run_address>
         <size>0x7f</size>
         <input_file_ref idref="fl-146"/>
      </object_component>
      <object_component id="oc-4f">
         <name>.debug_frame</name>
         <load_address>0x9de</load_address>
         <run_address>0x9de</run_address>
         <size>0x8e</size>
         <input_file_ref idref="fl-147"/>
      </object_component>
      <object_component id="oc-1d">
         <name>.debug_frame</name>
         <load_address>0xa6c</load_address>
         <run_address>0xa6c</run_address>
         <size>0x7f</size>
         <input_file_ref idref="fl-147"/>
      </object_component>
      <object_component id="oc-23">
         <name>.debug_frame</name>
         <load_address>0xaeb</load_address>
         <run_address>0xaeb</run_address>
         <size>0x7f</size>
         <input_file_ref idref="fl-148"/>
      </object_component>
      <object_component id="oc-7a">
         <name>.debug_frame</name>
         <load_address>0xb6a</load_address>
         <run_address>0xb6a</run_address>
         <size>0xb3</size>
         <input_file_ref idref="fl-149"/>
      </object_component>
      <object_component id="oc-68">
         <name>.debug_frame</name>
         <load_address>0xc1d</load_address>
         <run_address>0xc1d</run_address>
         <size>0x7f</size>
         <input_file_ref idref="fl-14d"/>
      </object_component>
      <object_component id="oc-124">
         <name>.debug_frame</name>
         <load_address>0xc9c</load_address>
         <run_address>0xc9c</run_address>
         <size>0xa1</size>
         <input_file_ref idref="fl-151"/>
      </object_component>
      <object_component id="oc-74">
         <name>.debug_frame</name>
         <load_address>0xd3d</load_address>
         <run_address>0xd3d</run_address>
         <size>0x7f</size>
         <input_file_ref idref="fl-152"/>
      </object_component>
      <object_component id="oc-6e">
         <name>.debug_frame</name>
         <load_address>0xdbc</load_address>
         <run_address>0xdbc</run_address>
         <size>0x8a</size>
         <input_file_ref idref="fl-153"/>
      </object_component>
      <object_component id="oc-b9">
         <name>.debug_frame</name>
         <load_address>0xe46</load_address>
         <run_address>0xe46</run_address>
         <size>0x8e</size>
         <input_file_ref idref="fl-154"/>
      </object_component>
      <object_component id="oc-15e">
         <name>.debug_frame</name>
         <load_address>0xed4</load_address>
         <run_address>0xed4</run_address>
         <size>0x59b</size>
         <input_file_ref idref="fl-157"/>
      </object_component>
      <object_component id="oc-187">
         <name>.debug_frame</name>
         <load_address>0x146f</load_address>
         <run_address>0x146f</run_address>
         <size>0x1f3</size>
         <input_file_ref idref="fl-159"/>
      </object_component>
      <object_component id="oc-164">
         <name>.debug_frame</name>
         <load_address>0x1662</load_address>
         <run_address>0x1662</run_address>
         <size>0x576</size>
         <input_file_ref idref="fl-15c"/>
      </object_component>
      <object_component id="oc-195">
         <name>.debug_frame</name>
         <load_address>0x1bd8</load_address>
         <run_address>0x1bd8</run_address>
         <size>0xda</size>
         <input_file_ref idref="fl-15f"/>
      </object_component>
      <object_component id="oc-150">
         <name>.debug_abbrev</name>
         <load_address>0x0</load_address>
         <run_address>0x0</run_address>
         <size>0x8c</size>
         <input_file_ref idref="fl-2"/>
      </object_component>
      <object_component id="oc-117">
         <name>.debug_abbrev</name>
         <load_address>0x8c</load_address>
         <run_address>0x8c</run_address>
         <size>0x63</size>
         <input_file_ref idref="fl-2"/>
      </object_component>
      <object_component id="oc-ec">
         <name>.debug_abbrev</name>
         <load_address>0xef</load_address>
         <run_address>0xef</run_address>
         <size>0x90</size>
         <input_file_ref idref="fl-2"/>
      </object_component>
      <object_component id="oc-96">
         <name>.debug_abbrev</name>
         <load_address>0x17f</load_address>
         <run_address>0x17f</run_address>
         <size>0x1f</size>
         <input_file_ref idref="fl-2"/>
      </object_component>
      <object_component id="oc-91">
         <name>.debug_abbrev</name>
         <load_address>0x19e</load_address>
         <run_address>0x19e</run_address>
         <size>0x24</size>
         <input_file_ref idref="fl-2"/>
      </object_component>
      <object_component id="oc-9d">
         <name>.debug_abbrev</name>
         <load_address>0x1c2</load_address>
         <run_address>0x1c2</run_address>
         <size>0x35</size>
         <input_file_ref idref="fl-2"/>
      </object_component>
      <object_component id="oc-f1">
         <name>.debug_abbrev</name>
         <load_address>0x1f7</load_address>
         <run_address>0x1f7</run_address>
         <size>0x24</size>
         <input_file_ref idref="fl-2"/>
      </object_component>
      <object_component id="oc-fa">
         <name>.debug_abbrev</name>
         <load_address>0x21b</load_address>
         <run_address>0x21b</run_address>
         <size>0x61</size>
         <input_file_ref idref="fl-2"/>
      </object_component>
      <object_component id="oc-1a2">
         <name>.debug_abbrev</name>
         <load_address>0x27c</load_address>
         <run_address>0x27c</run_address>
         <size>0xc3</size>
         <input_file_ref idref="fl-3"/>
      </object_component>
      <object_component id="oc-165">
         <name>.debug_abbrev</name>
         <load_address>0x33f</load_address>
         <run_address>0x33f</run_address>
         <size>0xa9</size>
         <input_file_ref idref="fl-3"/>
      </object_component>
      <object_component id="oc-99">
         <name>.debug_abbrev</name>
         <load_address>0x3e8</load_address>
         <run_address>0x3e8</run_address>
         <size>0x71</size>
         <input_file_ref idref="fl-4"/>
      </object_component>
      <object_component id="oc-3b">
         <name>.debug_abbrev</name>
         <load_address>0x459</load_address>
         <run_address>0x459</run_address>
         <size>0x29</size>
         <input_file_ref idref="fl-4"/>
      </object_component>
      <object_component id="oc-7f">
         <name>.debug_abbrev</name>
         <load_address>0x482</load_address>
         <run_address>0x482</run_address>
         <size>0x79</size>
         <input_file_ref idref="fl-4"/>
      </object_component>
      <object_component id="oc-100">
         <name>.debug_abbrev</name>
         <load_address>0x4fb</load_address>
         <run_address>0x4fb</run_address>
         <size>0x1f</size>
         <input_file_ref idref="fl-5"/>
      </object_component>
      <object_component id="oc-ad">
         <name>.debug_abbrev</name>
         <load_address>0x51a</load_address>
         <run_address>0x51a</run_address>
         <size>0x24</size>
         <input_file_ref idref="fl-5"/>
      </object_component>
      <object_component id="oc-16a">
         <name>.debug_abbrev</name>
         <load_address>0x53e</load_address>
         <run_address>0x53e</run_address>
         <size>0x55</size>
         <input_file_ref idref="fl-18"/>
      </object_component>
[...]
         <value>0x26db</value>
         <object_component_ref idref="oc-159"/>
      </symbol>
      <symbol id="sm-4c1">
         <name>GPIODirModeGet</name>
         <value>0x21a3</value>
         <object_component_ref idref="oc-159"/>
      </symbol>
      <symbol id="sm-4c2">
         <name>GPIOPinTypeWakeHigh</name>
         <value>0x2ad7</value>
         <object_component_ref idref="oc-159"/>
      </symbol>
      <symbol id="sm-4c3">
         <name>GPIOPinTypeWakeLow</name>
         <value>0x2afd</value>
         <object_component_ref idref="oc-159"/>
      </symbol>
      <symbol id="sm-4c4">
         <name>GPIOIntEnable</name>
         <value>0x26c1</value>
         <object_component_ref idref="oc-159"/>
      </symbol>
      <symbol id="sm-4c5">
         <name>GPIOPinTypeI2C</name>
         <value>0x2903</value>
         <object_component_ref idref="oc-159"/>
      </symbol>
      <symbol id="sm-4c6">
         <name>GPIOPinTypeUSBDigital</name>
         <value>0x2ab3</value>
         <object_component_ref idref="oc-159"/>
      </symbol>
      <symbol id="sm-4c7">
         <name>GPIOIntTypeSet</name>
         <value>0x21ef</value>
         <object_component_ref idref="oc-159"/>
      </symbol>
      <symbol id="sm-4c8">
         <name>GPIOPinTypeADC</name>
         <value>0x279b</value>
         <object_component_ref idref="oc-159"/>
      </symbol>
      <symbol id="sm-4c9">
         <name>GPIODMATriggerDisable</name>
         <value>0x2c3f</value>
         <object_component_ref idref="oc-159"/>
      </symbol>
      <symbol id="sm-4ca">
         <name>GPIOPinTypeKBColumn</name>
         <value>0x2b47</value>
         <object_component_ref idref="oc-159"/>
      </symbol>
      <symbol id="sm-4cb">
         <name>GPIOPinTypeGPIOInput</name>
         <value>0x2897</value>
         <object_component_ref idref="oc-159"/>
      </symbol>
      <symbol id="sm-4cc">
         <name>GPIOPinTypeLEDSeq</name>
         <value>0x2b6b</value>
         <object_component_ref idref="oc-159"/>
      </symbol>
      <symbol id="sm-4cd">
         <name>GPIOPinTypeLPC</name>
         <value>0x296f</value>
         <object_component_ref idref="oc-159"/>
      </symbol>
      <symbol id="sm-4ce">
         <name>GPIOIntUnregister</name>
         <value>0x2749</value>
         <object_component_ref idref="oc-159"/>
      </symbol>
      <symbol id="sm-4cf">
         <name>GPIOPinTypeComparator</name>
         <value>0x27e3</value>
         <object_component_ref idref="oc-159"/>
      </symbol>
      <symbol id="sm-4d0">
         <name>GPIOPinTypeComparatorOutput</name>
         <value>0x2807</value>
         <object_component_ref idref="oc-159"/>
      </symbol>
      <symbol id="sm-4d1">
         <name>GPIOPadConfigGet</name>
         <value>0x256f</value>
         <object_component_ref idref="oc-159"/>
      </symbol>
      <symbol id="sm-4d2">
         <name>GPIOPinTypeKBRow</name>
         <value>0x2b23</value>
         <object_component_ref idref="oc-159"/>
      </symbol>
      <symbol id="sm-4d3">
         <name>GPIOIntClear</name>
         <value>0x2717</value>
         <object_component_ref idref="oc-159"/>
      </symbol>
      <symbol id="sm-4d4">
         <name>GPIOADCTriggerEnable</name>
         <value>0x2c5d</value>
         <object_component_ref idref="oc-159"/>
      </symbol>
      <symbol id="sm-4d5">
         <name>GPIOADCTriggerDisable</name>
         <value>0x2c7b</value>
         <object_component_ref idref="oc-159"/>
      </symbol>
      <symbol id="sm-4d6">
         <name>GPIOPinTypeUART</name>
         <value>0x2a6b</value>
         <object_component_ref idref="oc-159"/>
      </symbol>
      <symbol id="sm-4d7">
         <name>GPIOIntStatus</name>
         <value>0x26f5</value>
         <object_component_ref idref="oc-159"/>
      </symbol>
      <symbol id="sm-4d8">
         <name>GPIOPinTypeGPIOOutput</name>
         <value>0x28bb</value>
         <object_component_ref idref="oc-159"/>
      </symbol>
      <symbol id="sm-4d9">
         <name>GPIOIntTypeGet</name>
         <value>0x2293</value>
         <object_component_ref idref="oc-159"/>
      </symbol>
      <symbol id="sm-4da">
         <name>GPIOPinRead</name>
         <value>0x2763</value>
         <object_component_ref idref="oc-159"/>
      </symbol>
      <symbol id="sm-4db">
         <name>GPIODirModeSet</name>
         <value>0x2147</value>
         <object_component_ref idref="oc-159"/>
      </symbol>
      <symbol id="sm-4dc">
         <name>GPIOPinTypeCIR</name>
         <value>0x2b8f</value>
         <object_component_ref idref="oc-159"/>
      </symbol>
      <symbol id="sm-4dd">
         <name>GPIOPinTypeQEI</name>
         <value>0x29ff</value>
         <object_component_ref idref="oc-159"/>
      </symbol>
      <symbol id="sm-4de">
         <name>GPIODMATriggerEnable</name>
         <value>0x2c21</value>
         <object_component_ref idref="oc-159"/>
      </symbol>
      <symbol id="sm-4df">
         <name>GPIOPinTypeEthernetMII</name>
         <value>0x2873</value>
         <object_component_ref idref="oc-159"/>
      </symbol>
      <symbol id="sm-4e0">
         <name>GPIOPinWrite</name>
         <value>0x277b</value>
         <object_component_ref idref="oc-159"/>
      </symbol>
      <symbol id="sm-4e1">
         <name>GPIOPadConfigSet</name>
         <value>0x2331</value>
         <object_component_ref idref="oc-159"/>
      </symbol>
      <symbol id="sm-4e2">
         <name>GPIOPinTypeLCD</name>
         <value>0x294b</value>
         <object_component_ref idref="oc-159"/>
      </symbol>
      <symbol id="sm-4e3">
         <name>GPIOPinTypeSSI</name>
         <value>0x2a23</value>
         <object_component_ref idref="oc-159"/>
      </symbol>
      <symbol id="sm-4e4">
         <name>GPIOPinTypeTimer</name>
         <value>0x2a47</value>
         <object_component_ref idref="oc-159"/>
      </symbol>
      <symbol id="sm-4e5">
         <name>GPIOPinTypeCAN</name>
         <value>0x27bf</value>
         <object_component_ref idref="oc-159"/>
      </symbol>
      <symbol id="sm-4e6">
         <name>GPIOPinTypePECITx</name>
         <value>0x29b7</value>
         <object_component_ref idref="oc-159"/>
      </symbol>
      <symbol id="sm-4e7">
         <name>GPIOPinTypePECIRx</name>
         <value>0x2993</value>
         <object_component_ref idref="oc-159"/>
      </symbol>
      <symbol id="sm-4e8">
         <name>GPIOPinTypeEPI</name>
         <value>0x282b</value>
         <object_component_ref idref="oc-159"/>
      </symbol>
      <symbol id="sm-4e9">
         <name>GPIOPinTypeEthernetLED</name>
         <value>0x284f</value>
         <object_component_ref idref="oc-159"/>
      </symbol>
      <symbol id="sm-4ea">
         <name>GPIOPinWakeStatus</name>
         <value>0x2bb3</value>
         <object_component_ref idref="oc-159"/>
      </symbol>
      <symbol id="sm-554">
         <name>IntPendClear</name>
         <value>0x2fc9</value>
         <object_component_ref idref="oc-182"/>
      </symbol>
      <symbol id="sm-555">
         <name>IntPriorityGroupingGet</name>
         <value>0x2d43</value>
         <object_component_ref idref="oc-182"/>
      </symbol>
      <symbol id="sm-556">
         <name>IntPrioritySet</name>
         <value>0x2d7b</value>
         <object_component_ref idref="oc-182"/>
      </symbol>
      <symbol id="sm-557">
         <name>IntIsEnabled</name>
         <value>0x2ed3</value>
         <object_component_ref idref="oc-182"/>
      </symbol>
      <symbol id="sm-558">
         <name>IntEnable</name>
         <value>0x2def</value>
         <object_component_ref idref="oc-182"/>
      </symbol>
      <symbol id="sm-559">
         <name>IntTrigger</name>
         <value>0x302b</value>
         <object_component_ref idref="oc-182"/>
      </symbol>
      <symbol id="sm-55a">
         <name>IntPriorityMaskSet</name>
         <value>0x3017</value>
         <object_component_ref idref="oc-182"/>
      </symbol>
      <symbol id="sm-55b">
         <name>IntPriorityGroupingSet</name>
         <value>0x2d29</value>
         <object_component_ref idref="oc-182"/>
      </symbol>
      <symbol id="sm-55c">
         <name>IntDisable</name>
         <value>0x2e61</value>
         <object_component_ref idref="oc-182"/>
      </symbol>
      <symbol id="sm-55d">
         <name>IntRegister</name>
         <value>0x2cc3</value>
         <object_component_ref idref="oc-182"/>
      </symbol>
      <symbol id="sm-55e">
         <name>IntPriorityGet</name>
         <value>0x2dcb</value>
         <object_component_ref idref="oc-182"/>
      </symbol>
      <symbol id="sm-55f">
         <name>IntMasterDisable</name>
         <value>0x2cb3</value>
         <object_component_ref idref="oc-182"/>
      </symbol>
      <symbol id="sm-560">
         <name>IntUnregister</name>
         <value>0x2d15</value>
         <object_component_ref idref="oc-182"/>
      </symbol>
      <symbol id="sm-561">
         <name>IntPriorityMaskGet</name>
         <value>0x3023</value>
         <object_component_ref idref="oc-182"/>
      </symbol>
      <symbol id="sm-562">
         <name>g_pfnRAMVectors</name>
         <value>0x20000000</value>
         <object_component_ref idref="oc-1aa"/>
      </symbol>
      <symbol id="sm-563">
         <name>IntMasterEnable</name>
         <value>0x2ca3</value>
         <object_component_ref idref="oc-182"/>
      </symbol>
      <symbol id="sm-564">
         <name>IntPendSet</name>
         <value>0x2f59</value>
         <object_component_ref idref="oc-182"/>
      </symbol>
      <symbol id="sm-698">
         <name>SysCtlGPIOAHBEnable</name>
         <value>0x1fc7</value>
         <object_component_ref idref="oc-15f"/>
      </symbol>
      <symbol id="sm-699">
         <name>SysCtlIntRegister</name>
         <value>0x1681</value>
         <object_component_ref idref="oc-15f"/>
      </symbol>
      <symbol id="sm-69a">
         <name>SysCtlFlashSizeGet</name>
         <value>0x12c1</value>
         <object_component_ref idref="oc-15f"/>
      </symbol>
      <symbol id="sm-69b">
         <name>SysCtlPeripheralDeepSleepEnable</name>
         <value>0x1595</value>
         <object_component_ref idref="oc-15f"/>
      </symbol>
      <symbol id="sm-69c">
         <name>SysCtlLDODeepSleepGet</name>
         <value>0x1727</value>
         <object_component_ref idref="oc-15f"/>
      </symbol>
      <symbol id="sm-69d">
         <name>SysCtlFlashSectorSizeGet</name>
         <value>0x12ed</value>
         <object_component_ref idref="oc-15f"/>
      </symbol>
      <symbol id="sm-69e">
         <name>SysCtlIntDisable</name>
         <value>0x16bd</value>
         <object_component_ref idref="oc-15f"/>
      </symbol>
      <symbol id="sm-69f">
         <name>SysCtlResetBehaviorGet</name>
         <value>0x180d</value>
         <object_component_ref idref="oc-15f"/>
      </symbol>
      <symbol id="sm-6a0">
         <name>SysCtlPeripheralPresent</name>
         <value>0x1315</value>
         <object_component_ref idref="oc-15f"/>
      </symbol>
      <symbol id="sm-6a1">
         <name>SysCtlDeepSleepClockSet</name>
         <value>0x1ef1</value>
         <object_component_ref idref="oc-15f"/>
      </symbol>
      <symbol id="sm-6a2">
         <name>SysCtlClockSet</name>
         <value>0x1b79</value>
         <object_component_ref idref="oc-15f"/>
      </symbol>
      <symbol id="sm-6a3">
         <name>SysCtlAltClkConfig</name>
         <value>0x2087</value>
         <object_component_ref idref="oc-15f"/>
      </symbol>
      <symbol id="sm-6a4">
         <name>SysCtlPeripheralClockGating</name>
         <value>0x162d</value>
         <object_component_ref idref="oc-15f"/>
      </symbol>
      <symbol id="sm-6a5">
         <name>SysCtlIntStatus</name>
         <value>0x16e5</value>
         <object_component_ref idref="oc-15f"/>
      </symbol>
      <symbol id="sm-6a6">
         <name>SysCtlIntClear</name>
         <value>0x16d5</value>
         <object_component_ref idref="oc-15f"/>
      </symbol>
      <symbol id="sm-6a7">
         <name>SysCtlVoltageEventStatus</name>
         <value>0x2031</value>
         <object_component_ref idref="oc-15f"/>
      </symbol>
      <symbol id="sm-6a8">
         <name>SysCtlVoltageEventConfig</name>
         <value>0x201d</value>
         <object_component_ref idref="oc-15f"/>
      </symbol>
      <symbol id="sm-6a9">
         <name>SysCtlResetCauseGet</name>
         <value>0x177d</value>
         <object_component_ref idref="oc-15f"/>
      </symbol>
      <symbol id="sm-6aa">
         <name>SysCtlSleep</name>
         <value>0x1759</value>
         <object_component_ref idref="oc-15f"/>
      </symbol>
      <symbol id="sm-6ab">
         <name>SysCtlPWMClockGet</name>
         <value>0x1fb1</value>
         <object_component_ref idref="oc-15f"/>
      </symbol>
      <symbol id="sm-6ac">
         <name>SysCtlDeepSleepPowerSet</name>
         <value>0x1741</value>
         <object_component_ref idref="oc-15f"/>
      </symbol>
      <symbol id="sm-6ad">
         <name>SysCtlClockOutConfig</name>
         <value>0x206b</value>
         <object_component_ref idref="oc-15f"/>
      </symbol>
      <symbol id="sm-6ae">
         <name>SysCtlNMIStatus</name>
         <value>0x2051</value>
         <object_component_ref idref="oc-15f"/>
      </symbol>
      <symbol id="sm-6af">
         <name>SysCtlDeepSleepClockConfigSet</name>
         <value>0x1f0d</value>
         <object_component_ref idref="oc-15f"/>
      </symbol>
      <symbol id="sm-6b0">
         <name>SysCtlDelay</name>
         <value>0x396f</value>
         <object_component_ref idref="oc-19f"/>
      </symbol>
      <symbol id="sm-6b1">
         <name>SysCtlVoltageEventClear</name>
         <value>0x2037</value>
         <object_component_ref idref="oc-15f"/>
      </symbol>
      <symbol id="sm-6b2">
         <name>SysCtlLDOSleepSet</name>
         <value>0x1701</value>
         <object_component_ref idref="oc-15f"/>
      </symbol>
      <symbol id="sm-6b3">
         <name>SysCtlMOSCConfigSet</name>
         <value>0x1797</value>
         <object_component_ref idref="oc-15f"/>
      </symbol>
      <symbol id="sm-6b4">
         <name>SysCtlPeripheralEnable</name>
         <value>0x1495</value>
         <object_component_ref idref="oc-15f"/>
      </symbol>
      <symbol id="sm-6b5">
         <name>SysCtlIntEnable</name>
         <value>0x16a9</value>
         <object_component_ref idref="oc-15f"/>
      </symbol>
      <symbol id="sm-6b6">
         <name>SysCtlNMIClear</name>
         <value>0x2057</value>
         <object_component_ref idref="oc-15f"/>
      </symbol>
      <symbol id="sm-6b7">
         <name>SysCtlPeripheralPowerOff</name>
         <value>0x13d1</value>
         <object_component_ref idref="oc-15f"/>
      </symbol>
      <symbol id="sm-6b8">
         <name>SysCtlSleepPowerSet</name>
         <value>0x172d</value>
         <object_component_ref idref="oc-15f"/>
      </symbol>
      <symbol id="sm-6b9">
         <name>SysCtlDeepSleep</name>
         <value>0x1761</value>
         <object_component_ref idref="oc-15f"/>
      </symbol>
      <symbol id="sm-6ba">
         <name>SysCtlLDODeepSleepSet</name>
         <value>0x1717</value>
         <object_component_ref idref="oc-15f"/>
      </symbol>
      <symbol id="sm-6bb">
         <name>SysCtlPeripheralPowerOn</name>
         <value>0x1395</value>
         <object_component_ref idref="oc-15f"/>
      </symbol>
      <symbol id="sm-6bc">
         <name>SysCtlPeripheralDeepSleepDisable</name>
         <value>0x15e5</value>
         <object_component_ref idref="oc-15f"/>
      </symbol>
      <symbol id="sm-6bd">
         <name>SysCtlPeripheralSleepDisable</name>
         <value>0x1559</value>
         <object_component_ref idref="oc-15f"/>
      </symbol>
      <symbol id="sm-6be">
         <name>SysCtlResetBehaviorSet</name>
         <value>0x17fd</value>
         <object_component_ref idref="oc-15f"/>
      </symbol>
      <symbol id="sm-6bf">
         <name>SysCtlReset</name>
         <value>0x1751</value>
         <object_component_ref idref="oc-15f"/>
      </symbol>
      <symbol id="sm-6c0">
         <name>SysCtlGPIOAHBDisable</name>
         <value>0x1fe3</value>
         <object_component_ref idref="oc-15f"/>
      </symbol>
      <symbol id="sm-6c1">
         <name>SysCtlSRAMSizeGet</name>
         <value>0x12b7</value>
         <object_component_ref idref="oc-15f"/>
      </symbol>
      <symbol id="sm-6c2">
         <name>SysCtlClockGet</name>
         <value>0x1d45</value>
         <object_component_ref idref="oc-15f"/>
      </symbol>
      <symbol id="sm-6c3">
         <name>SysCtlPeripheralDisable</name>
         <value>0x14d1</value>
         <object_component_ref idref="oc-15f"/>
      </symbol>
      <symbol id="sm-6c4">
         <name>SysCtlPWMClockSet</name>
         <value>0x1f97</value>
         <object_component_ref idref="oc-15f"/>
      </symbol>
      <symbol id="sm-6c5">
         <name>SysCtlUSBPLLEnable</name>
         <value>0x1fff</value>
         <object_component_ref idref="oc-15f"/>
      </symbol>
      <symbol id="sm-6c6">
         <name>SysCtlPeripheralSleepEnable</name>
         <value>0x1515</value>
         <object_component_ref idref="oc-15f"/>
      </symbol>
      <symbol id="sm-6c7">
         <name>SysCtlIntUnregister</name>
         <value>0x1699</value>
         <object_component_ref idref="oc-15f"/>
      </symbol>
      <symbol id="sm-6c8">
         <name>SysCtlUSBPLLDisable</name>
         <value>0x200b</value>
         <object_component_ref idref="oc-15f"/>
      </symbol>
      <symbol id="sm-6c9">
         <name>SysCtlPeripheralReady</name>
         <value>0x1355</value>
         <object_component_ref idref="oc-15f"/>
      </symbol>
      <symbol id="sm-6ca">
         <name>SysCtlPIOSCCalibrate</name>
         <value>0x17ad</value>
         <object_component_ref idref="oc-15f"/>
      </symbol>
      <symbol id="sm-6cb">
         <name>SysCtlResetCauseClear</name>
         <value>0x1783</value>
         <object_component_ref idref="oc-15f"/>
      </symbol>
      <symbol id="sm-6cc">
         <name>SysCtlLDOSleepGet</name>
         <value>0x1711</value>
         <object_component_ref idref="oc-15f"/>
      </symbol>
      <symbol id="sm-6cd">
         <name>SysCtlClockFreqSet</name>
         <value>0x1861</value>
         <object_component_ref idref="oc-15f"/>
      </symbol>
      <symbol id="sm-6ce">
         <name>SysCtlPeripheralReset</name>
         <value>0x140d</value>
         <object_component_ref idref="oc-15f"/>
      </symbol>
      <symbol id="sm-6df">
         <name>CPUbasepriGet</name>
         <value>0x38ed</value>
         <object_component_ref idref="oc-190"/>
      </symbol>
      <symbol id="sm-6e0">
         <name>CPUbasepriSet</name>
         <value>0x38df</value>
         <object_component_ref idref="oc-190"/>
      </symbol>
      <symbol id="sm-6e1">
         <name>CPUprimask</name>
         <value>0x38c5</value>
         <object_component_ref idref="oc-190"/>
      </symbol>
      <symbol id="sm-6e2">
         <name>CPUcpsie</name>
         <value>0x38cf</value>
         <object_component_ref idref="oc-190"/>
      </symbol>
      <symbol id="sm-6e3">
         <name>CPUcpsid</name>
         <value>0x38b9</value>
         <object_component_ref idref="oc-190"/>
      </symbol>
      <symbol id="sm-6e4">
         <name>CPUwfi</name>
         <value>0x38db</value>
         <object_component_ref idref="oc-190"/>
      </symbol>
      <symbol id="sm-6e5">
         <name>__TI_static_base__</name>
         <value>0x0</value>
      </symbol>
      <symbol id="sm-6e8">
         <name>SHT$$INIT_ARRAY$$Limit</name>
         <value>0x0</value>
      </symbol>
      <symbol id="sm-6e9">
         <name>SHT$$INIT_ARRAY$$Base</name>
         <value>0x0</value>
      </symbol>
   </symbol_table>
   <title>Link successful</title>
</link_info>
