<?xml version="1.0"?>
<link_info>
   <banner>TI ARM Linker PC v5.2.2</banner>
   <copyright>Copyright (c) 1996-2015 Texas Instruments Incorporated</copyright>
   <link_time>0x566c2097</link_time>
   <link_errors>0x0</link_errors>
   <output_file>freertos_proj_2task_LED.out</output_file>
   <entry_point>
      <name>_c_int00</name>
      <address>0x2a71</address>
   </entry_point>
   <input_file_list>
      <input_file id="fl-2">
         <path>.\</path>
         <kind>object</kind>
         <file>main.obj</file>
         <name>main.obj</name>
      </input_file>
      <input_file id="fl-3">
         <path>.\</path>
         <kind>object</kind>
         <file>startup_ccs.obj</file>
         <name>startup_ccs.obj</name>
      </input_file>
      <input_file id="fl-4">
         <path>.\utils\</path>
         <kind>object</kind>
         <file>cmdline.obj</file>
         <name>cmdline.obj</name>
      </input_file>
      <input_file id="fl-5">
         <path>.\utils\</path>
         <kind>object</kind>
         <file>cpu_usage.obj</file>
         <name>cpu_usage.obj</name>
      </input_file>
      <input_file id="fl-6">
         <path>.\utils\</path>
         <kind>object</kind>
         <file>eeprom_pb.obj</file>
         <name>eeprom_pb.obj</name>
      </input_file>
      <input_file id="fl-7">
         <path>.\utils\</path>
         <kind>object</kind>
         <file>flash_pb.obj</file>
         <name>flash_pb.obj</name>
      </input_file>
      <input_file id="fl-8">
         <path>.\utils\</path>
         <kind>object</kind>
         <file>isqrt.obj</file>
         <name>isqrt.obj</name>
      </input_file>
      <input_file id="fl-9">
         <path>.\utils\</path>
         <kind>object</kind>
         <file>random.obj</file>
         <name>random.obj</name>
      </input_file>
      <input_file id="fl-a">
         <path>.\utils\</path>
         <kind>object</kind>
         <file>ringbuf.obj</file>
         <name>ringbuf.obj</name>
      </input_file>
      <input_file id="fl-b">
         <path>.\utils\</path>
         <kind>object</kind>
         <file>scheduler.obj</file>
         <name>scheduler.obj</name>
      </input_file>
      <input_file id="fl-c">
         <path>.\utils\</path>
         <kind>object</kind>
         <file>sine.obj</file>
         <name>sine.obj</name>
      </input_file>
      <input_file id="fl-d">
         <path>.\utils\</path>
         <kind>object</kind>
         <file>smbus.obj</file>
         <name>smbus.obj</name>
      </input_file>
      <input_file id="fl-e">
         <path>.\utils\</path>
         <kind>object</kind>
         <file>softi2c.obj</file>
         <name>softi2c.obj</name>
      </input_file>
      <input_file id="fl-f">
         <path>.\utils\</path>
         <kind>object</kind>
         <file>softssi.obj</file>
         <name>softssi.obj</name>
      </input_file>
      <input_file id="fl-10">
         <path>.\utils\</path>
         <kind>object</kind>
         <file>softuart.obj</file>
         <name>softuart.obj</name>
      </input_file>
      <input_file id="fl-11">
         <path>.\utils\</path>
         <kind>object</kind>
         <file>spi_flash.obj</file>
         <name>spi_flash.obj</name>
      </input_file>
      <input_file id="fl-12">
         <path>.\utils\</path>
         <kind>object</kind>
         <file>uartstdio.obj</file>
         <name>uartstdio.obj</name>
      </input_file>
      <input_file id="fl-13">
         <path>.\utils\</path>
         <kind>object</kind>
         <file>ustdlib.obj</file>
         <name>ustdlib.obj</name>
      </input_file>
      <input_file id="fl-14">
         <path>.\drivers\</path>
         <kind>object</kind>
         <file>buttons.obj</file>
         <name>buttons.obj</name>
      </input_file>
      <input_file id="fl-15">
         <path>.\drivers\</path>
         <kind>object</kind>
         <file>rgb.obj</file>
         <name>rgb.obj</name>
      </input_file>
      <input_file id="fl-16">
         <path>.\FreeRTOS\Source\</path>
         <kind>object</kind>
         <file>croutine.obj</file>
         <name>croutine.obj</name>
      </input_file>
      <input_file id="fl-17">
         <path>.\FreeRTOS\Source\</path>
         <kind>object</kind>
         <file>list.obj</file>
         <name>list.obj</name>
      </input_file>
      <input_file id="fl-18">
         <path>.\FreeRTOS\Source\</path>
         <kind>object</kind>
         <file>queue.obj</file>
         <name>queue.obj</name>
      </input_file>
      <input_file id="fl-19">
         <path>.\FreeRTOS\Source\</path>
         <kind>object</kind>
         <file>tasks.obj</file>
         <name>tasks.obj</name>
      </input_file>
      <input_file id="fl-1a">
         <path>.\FreeRTOS\Source\</path>
         <kind>object</kind>
         <file>timers.obj</file>
         <name>timers.obj</name>
      </input_file>
      <input_file id="fl-1b">
         <path>.\FreeRTOS\Source\portable\MemMang\</path>
         <kind>object</kind>
         <file>heap_2.obj</file>
         <name>heap_2.obj</name>
      </input_file>
      <input_file id="fl-1c">
         <path>.\FreeRTOS\Source\portable\CCS\ARM_CM4F\</path>
         <kind>object</kind>
         <file>port.obj</file>
         <name>port.obj</name>
      </input_file>
      <input_file id="fl-1d">
         <path>.\FreeRTOS\Source\portable\CCS\ARM_CM4F\</path>
         <kind>object</kind>
         <file>portasm.obj</file>
         <name>portasm.obj</name>
      </input_file>
      <input_file id="fl-144">
         <path>C:\ti\ccsv6\tools\compiler\ti-cgt-arm_5.2.2\lib\</path>
         <kind>archive</kind>
         <file>rtsv7M4_T_le_v4SPD16_eabi.lib</file>
         <name>boot.obj</name>
      </input_file>
      <input_file id="fl-145">
         <path>C:\ti\ccsv6\tools\compiler\ti-cgt-arm_5.2.2\lib\</path>
         <kind>archive</kind>
         <file>rtsv7M4_T_le_v4SPD16_eabi.lib</file>
         <name>copy_decompress_none.obj</name>
      </input_file>
      <input_file id="fl-146">
         <path>C:\ti\ccsv6\tools\compiler\ti-cgt-arm_5.2.2\lib\</path>
         <kind>archive</kind>
         <file>rtsv7M4_T_le_v4SPD16_eabi.lib</file>
         <name>copy_decompress_rle.obj</name>
      </input_file>
      <input_file id="fl-147">
         <path>C:\ti\ccsv6\tools\compiler\ti-cgt-arm_5.2.2\lib\</path>
         <kind>archive</kind>
         <file>rtsv7M4_T_le_v4SPD16_eabi.lib</file>
         <name>copy_zero_init.obj</name>
      </input_file>
      <input_file id="fl-148">
         <path>C:\ti\ccsv6\tools\compiler\ti-cgt-arm_5.2.2\lib\</path>
         <kind>archive</kind>
         <file>rtsv7M4_T_le_v4SPD16_eabi.lib</file>
         <name>exit.obj</name>
      </input_file>
      <input_file id="fl-149">
         <path>C:\ti\ccsv6\tools\compiler\ti-cgt-arm_5.2.2\lib\</path>
         <kind>archive</kind>
         <file>rtsv7M4_T_le_v4SPD16_eabi.lib</file>
         <name>fs_toull_t2.obj</name>
      </input_file>
      <input_file id="fl-14a">
         <path>C:\ti\ccsv6\tools\compiler\ti-cgt-arm_5.2.2\lib\</path>
         <kind>archive</kind>
         <file>rtsv7M4_T_le_v4SPD16_eabi.lib</file>
         <name>memcpy_t2.obj</name>
      </input_file>
      <input_file id="fl-14b">
         <path>C:\ti\ccsv6\tools\compiler\ti-cgt-arm_5.2.2\lib\</path>
         <kind>archive</kind>
         <file>rtsv7M4_T_le_v4SPD16_eabi.lib</file>
         <name>memset_t2.obj</name>
      </input_file>
      <input_file id="fl-14c">
         <path>C:\ti\ccsv6\tools\compiler\ti-cgt-arm_5.2.2\lib\</path>
         <kind>archive</kind>
         <file>rtsv7M4_T_le_v4SPD16_eabi.lib</file>
         <name>pre_init.obj</name>
      </input_file>
      <input_file id="fl-14d">
         <path>C:\ti\ccsv6\tools\compiler\ti-cgt-arm_5.2.2\lib\</path>
         <kind>archive</kind>
         <file>rtsv7M4_T_le_v4SPD16_eabi.lib</file>
         <name>stkdepth_vars.obj</name>
      </input_file>
      <input_file id="fl-14e">
         <path>C:\ti\ccsv6\tools\compiler\ti-cgt-arm_5.2.2\lib\</path>
         <kind>archive</kind>
         <file>rtsv7M4_T_le_v4SPD16_eabi.lib</file>
         <name>strcmp.obj</name>
      </input_file>
      <input_file id="fl-14f">
         <path>C:\ti\ccsv6\tools\compiler\ti-cgt-arm_5.2.2\lib\</path>
         <kind>archive</kind>
         <file>rtsv7M4_T_le_v4SPD16_eabi.lib</file>
         <name>u_divt2.obj</name>
      </input_file>
      <input_file id="fl-150">
         <path>C:\ti\ccsv6\tools\compiler\ti-cgt-arm_5.2.2\lib\</path>
         <kind>archive</kind>
         <file>rtsv7M4_T_le_v4SPD16_eabi.lib</file>
         <name>_lock.obj</name>
      </input_file>
      <input_file id="fl-151">
         <path>C:\ti\ccsv6\tools\compiler\ti-cgt-arm_5.2.2\lib\</path>
         <kind>archive</kind>
         <file>rtsv7M4_T_le_v4SPD16_eabi.lib</file>
         <name>args_main.obj</name>
      </input_file>
      <input_file id="fl-152">
         <path>C:\ti\ccsv6\tools\compiler\ti-cgt-arm_5.2.2\lib\</path>
         <kind>archive</kind>
         <file>rtsv7M4_T_le_v4SPD16_eabi.lib</file>
         <name>autoinit.obj</name>
      </input_file>
      <input_file id="fl-153">
         <path>C:\ti\ccsv6\tools\compiler\ti-cgt-arm_5.2.2\lib\</path>
         <kind>archive</kind>
         <file>rtsv7M4_T_le_v4SPD16_eabi.lib</file>
         <name>cpy_tbl.obj</name>
      </input_file>
      <input_file id="fl-154">
         <path>C:\Users\Adrian\workspace_windows\driverlib\Debug\</path>
         <kind>archive</kind>
         <file>driverlib.lib</file>
         <name>eeprom.obj</name>
      </input_file>
      <input_file id="fl-155">
         <path>C:\Users\Adrian\workspace_windows\driverlib\Debug\</path>
         <kind>archive</kind>
         <file>driverlib.lib</file>
         <name>gpio.obj</name>
      </input_file>
      <input_file id="fl-156">
         <path>C:\Users\Adrian\workspace_windows\driverlib\Debug\</path>
         <kind>archive</kind>
         <file>driverlib.lib</file>
         <name>i2c.obj</name>
      </input_file>
      <input_file id="fl-157">
         <path>C:\Users\Adrian\workspace_windows\driverlib\Debug\</path>
         <kind>archive</kind>
         <file>driverlib.lib</file>
         <name>interrupt.obj</name>
      </input_file>
      <input_file id="fl-158">
         <path>C:\Users\Adrian\workspace_windows\driverlib\Debug\</path>
         <kind>archive</kind>
         <file>driverlib.lib</file>
         <name>ssi.obj</name>
      </input_file>
      <input_file id="fl-159">
         <path>C:\Users\Adrian\workspace_windows\driverlib\Debug\</path>
         <kind>archive</kind>
         <file>driverlib.lib</file>
         <name>sw_crc.obj</name>
      </input_file>
      <input_file id="fl-15a">
         <path>C:\Users\Adrian\workspace_windows\driverlib\Debug\</path>
         <kind>archive</kind>
         <file>driverlib.lib</file>
         <name>sysctl.obj</name>
      </input_file>
      <input_file id="fl-15b">
         <path>C:\Users\Adrian\workspace_windows\driverlib\Debug\</path>
         <kind>archive</kind>
         <file>driverlib.lib</file>
         <name>systick.obj</name>
      </input_file>
      <input_file id="fl-15c">
         <path>C:\Users\Adrian\workspace_windows\driverlib\Debug\</path>
         <kind>archive</kind>
         <file>driverlib.lib</file>
         <name>uart.obj</name>
      </input_file>
      <input_file id="fl-15d">
         <path>C:\Users\Adrian\workspace_windows\driverlib\Debug\</path>
         <kind>archive</kind>
         <file>driverlib.lib</file>
         <name>udma.obj</name>
      </input_file>
      <input_file id="fl-15e">
         <path>C:\Users\Adrian\workspace_windows\driverlib\Debug\</path>
         <kind>archive</kind>
         <file>driverlib.lib</file>
         <name>cpu.obj</name>
      </input_file>
   </input_file_list>
   <object_component_list>
      <object_component id="oc-f">
         <name>.intvecs</name>
         <load_address>0x0</load_address>
         <run_address>0x0</run_address>
         <size>0x26c</size>
         <input_file_ref idref="fl-3"/>
      </object_component>
      <object_component id="oc-83">
         <name>.text</name>
         <load_address>0x26c</load_address>
         <run_address>0x26c</run_address>
         <size>0xf88</size>
         <input_file_ref idref="fl-19"/>
      </object_component>
      <object_component id="oc-117">
         <name>.text</name>
         <load_address>0x11f4</load_address>
         <run_address>0x11f4</run_address>
         <size>0x622</size>
         <input_file_ref idref="fl-15c"/>
      </object_component>
      <object_component id="oc-111">
         <name>.text</name>
         <load_address>0x1818</load_address>
         <run_address>0x1818</run_address>
         <size>0x4dc</size>
         <input_file_ref idref="fl-12"/>
      </object_component>
      <object_component id="oc-17a">
         <name>.text</name>
         <load_address>0x1cf4</load_address>
         <run_address>0x1cf4</run_address>
         <size>0x3c0</size>
         <input_file_ref idref="fl-157"/>
      </object_component>
      <object_component id="oc-bc">
         <name>.text</name>
         <load_address>0x20b4</load_address>
         <run_address>0x20b4</run_address>
         <size>0x324</size>
         <input_file_ref idref="fl-2"/>
      </object_component>
      <object_component id="oc-e1">
         <name>.text</name>
         <load_address>0x23d8</load_address>
         <run_address>0x23d8</run_address>
         <size>0x1cc</size>
         <input_file_ref idref="fl-1b"/>
      </object_component>
      <object_component id="oc-d3">
         <name>.text</name>
         <load_address>0x25a4</load_address>
         <run_address>0x25a4</run_address>
         <size>0x12a</size>
         <input_file_ref idref="fl-17"/>
      </object_component>
      <object_component id="oc-35">
         <name>.text</name>
         <load_address>0x26d0</load_address>
         <run_address>0x26d0</run_address>
         <size>0x10c</size>
         <input_file_ref idref="fl-1c"/>
      </object_component>
      <object_component id="oc-30">
         <name>.text</name>
         <load_address>0x27dc</load_address>
         <run_address>0x27dc</run_address>
         <size>0xa6</size>
         <input_file_ref idref="fl-1d"/>
      </object_component>
      <object_component id="oc-3e">
         <name>.text</name>
         <load_address>0x2882</load_address>
         <run_address>0x2882</run_address>
         <size>0x9c</size>
         <input_file_ref idref="fl-14a"/>
      </object_component>
      <object_component id="oc-57">
         <name>.text</name>
         <load_address>0x291e</load_address>
         <run_address>0x291e</run_address>
         <size>0x7a</size>
         <input_file_ref idref="fl-14b"/>
      </object_component>
      <object_component id="oc-69">
         <name>.text</name>
         <load_address>0x2998</load_address>
         <run_address>0x2998</run_address>
         <size>0x6c</size>
         <input_file_ref idref="fl-152"/>
      </object_component>
      <object_component id="oc-4a">
         <name>.text</name>
         <load_address>0x2a04</load_address>
         <run_address>0x2a04</run_address>
         <size>0x6a</size>
         <input_file_ref idref="fl-146"/>
      </object_component>
      <object_component id="oc-24">
         <name>.text</name>
         <load_address>0x2a70</load_address>
         <run_address>0x2a70</run_address>
         <size>0x50</size>
         <input_file_ref idref="fl-144"/>
      </object_component>
      <object_component id="oc-b4">
         <name>.text</name>
         <load_address>0x2ac0</load_address>
         <run_address>0x2ac0</run_address>
         <size>0x4c</size>
         <input_file_ref idref="fl-153"/>
      </object_component>
      <object_component id="oc-75">
         <name>.text</name>
         <load_address>0x2b0c</load_address>
         <run_address>0x2b0c</run_address>
         <size>0x44</size>
         <input_file_ref idref="fl-148"/>
      </object_component>
      <object_component id="oc-165">
         <name>.text</name>
         <load_address>0x2b50</load_address>
         <run_address>0x2b50</run_address>
         <size>0x42</size>
         <input_file_ref idref="fl-14f"/>
      </object_component>
      <object_component id="oc-1a2">
         <name>.text</name>
         <load_address>0x2b92</load_address>
         <run_address>0x2b92</run_address>
         <size>0x3e</size>
         <input_file_ref idref="fl-15e"/>
      </object_component>
      <object_component id="oc-6f">
         <name>.text</name>
         <load_address>0x2bd0</load_address>
         <run_address>0x2bd0</run_address>
         <size>0x18</size>
         <input_file_ref idref="fl-151"/>
      </object_component>
      <object_component id="oc-125">
         <name>.text</name>
         <load_address>0x2be8</load_address>
         <run_address>0x2be8</run_address>
         <size>0x14</size>
         <input_file_ref idref="fl-150"/>
      </object_component>
      <object_component id="oc-12">
         <name>.text:decompress:none</name>
         <load_address>0x2bfc</load_address>
         <run_address>0x2bfc</run_address>
         <size>0xe</size>
         <input_file_ref idref="fl-145"/>
      </object_component>
      <object_component id="oc-1e">
         <name>.text:decompress:ZI</name>
         <load_address>0x2c0a</load_address>
         <run_address>0x2c0a</run_address>
         <size>0xc</size>
         <input_file_ref idref="fl-147"/>
      </object_component>
      <object_component id="oc-2a">
         <name>.text</name>
         <load_address>0x2c16</load_address>
         <run_address>0x2c16</run_address>
         <size>0xc</size>
         <input_file_ref idref="fl-3"/>
      </object_component>
      <object_component id="oc-18">
         <name>.text:decompress:rle24</name>
         <load_address>0x2c22</load_address>
         <run_address>0x2c22</run_address>
         <size>0x6</size>
         <input_file_ref idref="fl-146"/>
      </object_component>
      <object_component id="oc-63">
         <name>.text</name>
         <load_address>0x2c28</load_address>
         <run_address>0x2c28</run_address>
         <size>0x4</size>
         <input_file_ref idref="fl-14c"/>
      </object_component>
      <object_component id="oc-1ae">
         <name>.const:g_pui32Regs</name>
         <load_address>0x2c2c</load_address>
         <run_address>0x2c2c</run_address>
         <size>0x9c</size>
         <input_file_ref idref="fl-157"/>
      </object_component>
      <object_component id="oc-1ab">
         <name>.const</name>
         <load_address>0x2cc8</load_address>
         <run_address>0x2cc8</run_address>
         <size>0x70</size>
         <input_file_ref idref="fl-157"/>
      </object_component>
      <object_component id="oc-171">
         <name>.const:g_ppui32UARTIntMap</name>
         <load_address>0x2d38</load_address>
         <run_address>0x2d38</run_address>
         <size>0x40</size>
         <input_file_ref idref="fl-15c"/>
      </object_component>
      <object_component id="oc-177">
         <name>.const:g_ppui32UARTIntMapSnowflake</name>
         <load_address>0x2d78</load_address>
         <run_address>0x2d78</run_address>
         <size>0x40</size>
         <input_file_ref idref="fl-15c"/>
      </object_component>
      <object_component id="oc-15f">
         <name>.const</name>
         <load_address>0x2db8</load_address>
         <run_address>0x2db8</run_address>
         <size>0x1c</size>
         <input_file_ref idref="fl-12"/>
      </object_component>
      <object_component id="oc-194">
         <name>.const:.string</name>
         <load_address>0x2dd4</load_address>
         <run_address>0x2dd4</run_address>
         <size>0x12</size>
         <input_file_ref idref="fl-12"/>
      </object_component>
      <object_component id="oc-14b">
         <name>.const</name>
         <load_address>0x2de6</load_address>
         <run_address>0x2de6</run_address>
         <size>0x2</size>
         <input_file_ref idref="fl-1b"/>
      </object_component>
      <object_component id="oc-174">
         <name>.const</name>
         <load_address>0x2de8</load_address>
         <run_address>0x2de8</run_address>
         <size>0x8</size>
         <input_file_ref idref="fl-15c"/>
      </object_component>
      <object_component id="oc-1e2">
         <name>.cinit..data.load</name>
         <load_address>0x2df0</load_address>
         <run_address>0x2df0</run_address>
         <size>0x20</size>
      </object_component>
      <object_component id="oc-1df">
         <name>__TI_handler_table</name>
         <load_address>0x2e10</load_address>
         <run_address>0x2e10</run_address>
         <size>0xc</size>
      </object_component>
      <object_component id="oc-1e3">
         <name>.cinit..bss.load</name>
         <load_address>0x2e20</load_address>
         <run_address>0x2e20</run_address>
         <size>0x8</size>
      </object_component>
      <object_component id="oc-1e1">
         <name>.cinit..vtable.load</name>
         <load_address>0x2e28</load_address>
         <run_address>0x2e28</run_address>
         <size>0x8</size>
      </object_component>
      <object_component id="oc-1e0">
         <name>__TI_cinit_table</name>
         <load_address>0x2e30</load_address>
         <run_address>0x2e30</run_address>
         <size>0x18</size>
      </object_component>
      <object_component id="oc-1a8">
         <name>.vtable</name>
         <uninitialized>true</uninitialized>
         <run_address>0x20000000</run_address>
         <size>0x26c</size>
         <input_file_ref idref="fl-157"/>
      </object_component>
      <object_component id="oc-29">
         <name>.stack</name>
         <uninitialized>true</uninitialized>
         <run_address>0x20007958</run_address>
         <size>0x0</size>
         <input_file_ref idref="fl-144"/>
      </object_component>
      <object_component id="oc-1e4">
         <name>.stack</name>
         <uninitialized>true</uninitialized>
         <run_address>0x20007958</run_address>
         <size>0x0</size>
      </object_component>
      <object_component id="oc-d9">
         <name>.bss:pxReadyTasksLists</name>
         <uninitialized>true</uninitialized>
         <run_address>0x2000779c</run_address>
         <size>0x140</size>
         <input_file_ref idref="fl-19"/>
      </object_component>
      <object_component id="oc-152">
         <name>.bss:ucHeap</name>
         <uninitialized>true</uninitialized>
         <run_address>0x2000026c</run_address>
         <size>0x7530</size>
         <input_file_ref idref="fl-1b"/>
      </object_component>
      <object_component id="oc-e7">
         <name>.common:xDelayedTaskList1</name>
         <uninitialized>true</uninitialized>
         <run_address>0x200078dc</run_address>
         <size>0x14</size>
      </object_component>
      <object_component id="oc-e8">
         <name>.common:xDelayedTaskList2</name>
         <uninitialized>true</uninitialized>
         <run_address>0x200078f0</run_address>
         <size>0x14</size>
      </object_component>
      <object_component id="oc-df">
         <name>.common:pxDelayedTaskList</name>
         <uninitialized>true</uninitialized>
         <run_address>0x20007950</run_address>
         <size>0x4</size>
      </object_component>
      <object_component id="oc-e0">
         <name>.common:pxOverflowDelayedTaskList</name>
         <uninitialized>true</uninitialized>
         <run_address>0x20007954</run_address>
         <size>0x4</size>
      </object_component>
      <object_component id="oc-de">
         <name>.common:xPendingReadyList</name>
         <uninitialized>true</uninitialized>
         <run_address>0x20007904</run_address>
         <size>0x14</size>
      </object_component>
      <object_component id="oc-dc">
         <name>.common:xTasksWaitingTermination</name>
         <uninitialized>true</uninitialized>
         <run_address>0x2000792c</run_address>
         <size>0x14</size>
      </object_component>
      <object_component id="oc-dd">
         <name>.common:xSuspendedTaskList</name>
         <uninitialized>true</uninitialized>
         <run_address>0x20007918</run_address>
         <size>0x14</size>
      </object_component>
      <object_component id="oc-14e">
         <name>.common:xStart</name>
         <uninitialized>true</uninitialized>
         <run_address>0x20007948</run_address>
         <size>0x8</size>
      </object_component>
      <object_component id="oc-151">
         <name>.common:xEnd</name>
         <uninitialized>true</uninitialized>
         <run_address>0x20007940</run_address>
         <size>0x8</size>
      </object_component>
      <object_component id="oc-162">
         <name>.data</name>
         <load_address>0x20007ba0</load_address>
         <run_address>0x20007ba0</run_address>
         <size>0x5</size>
         <input_file_ref idref="fl-12"/>
      </object_component>
      <object_component id="oc-80">
         <name>.data</name>
         <load_address>0x20007b58</load_address>
         <run_address>0x20007b58</run_address>
         <size>0x30</size>
         <input_file_ref idref="fl-19"/>
      </object_component>
      <object_component id="oc-148">
         <name>.data</name>
         <load_address>0x20007b88</load_address>
         <run_address>0x20007b88</run_address>
         <size>0x8</size>
         <input_file_ref idref="fl-1b"/>
      </object_component>
      <object_component id="oc-8a">
         <name>.data</name>
         <load_address>0x20007ba8</load_address>
         <run_address>0x20007ba8</run_address>
         <size>0x4</size>
         <input_file_ref idref="fl-1c"/>
      </object_component>
      <object_component id="oc-c7">
         <name>.data</name>
         <load_address>0x20007b98</load_address>
         <run_address>0x20007b98</run_address>
         <size>0x8</size>
         <input_file_ref idref="fl-148"/>
      </object_component>
      <object_component id="oc-7b">
         <name>.data</name>
         <load_address>0x20007bac</load_address>
         <run_address>0x20007bac</run_address>
         <size>0x4</size>
         <input_file_ref idref="fl-14d"/>
      </object_component>
      <object_component id="oc-c4">
         <name>.data</name>
         <load_address>0x20007b90</load_address>
         <run_address>0x20007b90</run_address>
         <size>0x8</size>
         <input_file_ref idref="fl-150"/>
      </object_component>
      <object_component id="oc-fd">
         <name>.debug_info</name>
         <load_address>0x0</load_address>
         <run_address>0x0</run_address>
         <size>0x2a5</size>
         <input_file_ref idref="fl-2"/>
      </object_component>
      <object_component id="oc-bd">
         <name>.debug_info</name>
         <load_address>0x2a5</load_address>
         <run_address>0x2a5</run_address>
         <size>0x4ca</size>
         <input_file_ref idref="fl-2"/>
      </object_component>
      <object_component id="oc-ea">
         <name>.debug_info</name>
         <load_address>0x76f</load_address>
         <run_address>0x76f</run_address>
         <size>0x29e</size>
         <input_file_ref idref="fl-2"/>
      </object_component>
      <object_component id="oc-94">
         <name>.debug_info</name>
         <load_address>0xa0d</load_address>
         <run_address>0xa0d</run_address>
         <size>0x84</size>
         <input_file_ref idref="fl-2"/>
      </object_component>
      <object_component id="oc-8f">
         <name>.debug_info</name>
         <load_address>0xa91</load_address>
         <run_address>0xa91</run_address>
         <size>0x2c</size>
         <input_file_ref idref="fl-2"/>
      </object_component>
      <object_component id="oc-9b">
         <name>.debug_info</name>
         <load_address>0xabd</load_address>
         <run_address>0xabd</run_address>
         <size>0x18b</size>
         <input_file_ref idref="fl-2"/>
      </object_component>
      <object_component id="oc-ef">
         <name>.debug_info</name>
         <load_address>0xc48</load_address>
         <run_address>0xc48</run_address>
         <size>0x2c</size>
         <input_file_ref idref="fl-2"/>
      </object_component>
      <object_component id="oc-16c">
         <name>.debug_info</name>
         <load_address>0xc74</load_address>
         <run_address>0xc74</run_address>
         <size>0x4e</size>
         <input_file_ref idref="fl-2"/>
      </object_component>
      <object_component id="oc-f8">
         <name>.debug_info</name>
         <load_address>0xcc2</load_address>
         <run_address>0xcc2</run_address>
         <size>0x14c</size>
         <input_file_ref idref="fl-2"/>
      </object_component>
      <object_component id="oc-3d">
         <name>.debug_info</name>
         <load_address>0xe0e</load_address>
         <run_address>0xe0e</run_address>
         <size>0x181</size>
         <input_file_ref idref="fl-3"/>
      </object_component>
      <object_component id="oc-10">
         <name>.debug_info</name>
         <load_address>0xf8f</load_address>
         <run_address>0xf8f</run_address>
         <size>0xe6</size>
         <input_file_ref idref="fl-3"/>
      </object_component>
      <object_component id="oc-2b">
         <name>.debug_info</name>
         <load_address>0x1075</load_address>
         <run_address>0x1075</run_address>
         <size>0x1fa</size>
         <input_file_ref idref="fl-3"/>
      </object_component>
      <object_component id="oc-fe">
         <name>.debug_info</name>
         <load_address>0x126f</load_address>
         <run_address>0x126f</run_address>
         <size>0x8b</size>
         <input_file_ref idref="fl-4"/>
      </object_component>
      <object_component id="oc-ab">
         <name>.debug_info</name>
         <load_address>0x12fa</load_address>
         <run_address>0x12fa</run_address>
         <size>0x2c</size>
         <input_file_ref idref="fl-4"/>
      </object_component>
      <object_component id="oc-16b">
         <name>.debug_info</name>
         <load_address>0x1326</load_address>
         <run_address>0x1326</run_address>
         <size>0x11d</size>
         <input_file_ref idref="fl-12"/>
      </object_component>
      <object_component id="oc-163">
         <name>.debug_info</name>
         <load_address>0x1443</load_address>
         <run_address>0x1443</run_address>
         <size>0x104</size>
         <input_file_ref idref="fl-12"/>
      </object_component>
      <object_component id="oc-160">
         <name>.debug_info</name>
         <load_address>0x1547</load_address>
         <run_address>0x1547</run_address>
         <size>0x15a</size>
         <input_file_ref idref="fl-12"/>
      </object_component>
      <object_component id="oc-112">
         <name>.debug_info</name>
         <load_address>0x16a1</load_address>
         <run_address>0x16a1</run_address>
         <size>0x8e8</size>
         <input_file_ref idref="fl-12"/>
      </object_component>
      <object_component id="oc-145">
         <name>.debug_info</name>
         <load_address>0x1f89</load_address>
         <run_address>0x1f89</run_address>
         <size>0x163</size>
         <input_file_ref idref="fl-17"/>
      </object_component>
      <object_component id="oc-d4">
         <name>.debug_info</name>
         <load_address>0x20ec</load_address>
         <run_address>0x20ec</run_address>
         <size>0x651</size>
         <input_file_ref idref="fl-17"/>
      </object_component>
      <object_component id="oc-13f">
         <name>.debug_info</name>
         <load_address>0x273d</load_address>
         <run_address>0x273d</run_address>
         <size>0x110</size>
         <input_file_ref idref="fl-17"/>
      </object_component>
      <object_component id="oc-d1">
         <name>.debug_info</name>
         <load_address>0x284d</load_address>
         <run_address>0x284d</run_address>
         <size>0x6d5</size>
         <input_file_ref idref="fl-19"/>
      </object_component>
      <object_component id="oc-81">
         <name>.debug_info</name>
         <load_address>0x2f22</load_address>
         <run_address>0x2f22</run_address>
         <size>0x31b</size>
         <input_file_ref idref="fl-19"/>
      </object_component>
      <object_component id="oc-da">
         <name>.debug_info</name>
         <load_address>0x323d</load_address>
         <run_address>0x323d</run_address>
         <size>0x118</size>
         <input_file_ref idref="fl-19"/>
      </object_component>
      <object_component id="oc-84">
         <name>.debug_info</name>
         <load_address>0x3355</load_address>
         <run_address>0x3355</run_address>
         <size>0x3b82</size>
         <input_file_ref idref="fl-19"/>
      </object_component>
      <object_component id="oc-135">
         <name>.debug_info</name>
         <load_address>0x6ed7</load_address>
         <run_address>0x6ed7</run_address>
         <size>0x39</size>
         <input_file_ref idref="fl-19"/>
      </object_component>
      <object_component id="oc-13a">
         <name>.debug_info</name>
         <load_address>0x6f10</load_address>
         <run_address>0x6f10</run_address>
         <size>0xfc</size>
         <input_file_ref idref="fl-19"/>
      </object_component>
      <object_component id="oc-14f">
         <name>.debug_info</name>
         <load_address>0x700c</load_address>
         <run_address>0x700c</run_address>
         <size>0x235</size>
         <input_file_ref idref="fl-1b"/>
      </object_component>
      <object_component id="oc-153">
         <name>.debug_info</name>
         <load_address>0x7241</load_address>
         <run_address>0x7241</run_address>
         <size>0x114</size>
         <input_file_ref idref="fl-1b"/>
      </object_component>
      <object_component id="oc-14c">
         <name>.debug_info</name>
         <load_address>0x7355</load_address>
         <run_address>0x7355</run_address>
         <size>0x126</size>
         <input_file_ref idref="fl-1b"/>
      </object_component>
      <object_component id="oc-149">
         <name>.debug_info</name>
         <load_address>0x747b</load_address>
         <run_address>0x747b</run_address>
         <size>0x12e</size>
         <input_file_ref idref="fl-1b"/>
      </object_component>
      <object_component id="oc-e2">
         <name>.debug_info</name>
         <load_address>0x75a9</load_address>
         <run_address>0x75a9</run_address>
         <size>0x7bf</size>
         <input_file_ref idref="fl-1b"/>
      </object_component>
      <object_component id="oc-18d">
         <name>.debug_info</name>
         <load_address>0x7d68</load_address>
         <run_address>0x7d68</run_address>
         <size>0x70</size>
         <input_file_ref idref="fl-1b"/>
      </object_component>
      <object_component id="oc-8e">
         <name>.debug_info</name>
         <load_address>0x7dd8</load_address>
         <run_address>0x7dd8</run_address>
         <size>0x24a</size>
         <input_file_ref idref="fl-1c"/>
      </object_component>
      <object_component id="oc-8b">
         <name>.debug_info</name>
         <load_address>0x8022</load_address>
         <run_address>0x8022</run_address>
         <size>0x12d</size>
         <input_file_ref idref="fl-1c"/>
      </object_component>
      <object_component id="oc-36">
         <name>.debug_info</name>
         <load_address>0x814f</load_address>
         <run_address>0x814f</run_address>
         <size>0xa92</size>
         <input_file_ref idref="fl-1c"/>
      </object_component>
      <object_component id="oc-31">
         <name>.debug_info</name>
         <load_address>0x8be1</load_address>
         <run_address>0x8be1</run_address>
         <size>0x1bc</size>
         <input_file_ref idref="fl-1d"/>
      </object_component>
      <object_component id="oc-26">
         <name>.debug_info</name>
         <load_address>0x8d9d</load_address>
         <run_address>0x8d9d</run_address>
         <size>0x138</size>
         <input_file_ref idref="fl-144"/>
      </object_component>
      <object_component id="oc-49">
         <name>.debug_info</name>
         <load_address>0x8ed5</load_address>
         <run_address>0x8ed5</run_address>
         <size>0x123</size>
         <input_file_ref idref="fl-145"/>
      </object_component>
      <object_component id="oc-14">
         <name>.debug_info</name>
         <load_address>0x8ff8</load_address>
         <run_address>0x8ff8</run_address>
         <size>0x1c2</size>
         <input_file_ref idref="fl-145"/>
      </object_component>
      <object_component id="oc-44">
         <name>.debug_info</name>
         <load_address>0x91ba</load_address>
         <run_address>0x91ba</run_address>
         <size>0x46</size>
         <input_file_ref idref="fl-145"/>
      </object_component>
      <object_component id="oc-a1">
         <name>.debug_info</name>
         <load_address>0x9200</load_address>
         <run_address>0x9200</run_address>
         <size>0x2c</size>
         <input_file_ref idref="fl-145"/>
      </object_component>
      <object_component id="oc-51">
         <name>.debug_info</name>
         <load_address>0x922c</load_address>
         <run_address>0x922c</run_address>
         <size>0x117</size>
         <input_file_ref idref="fl-146"/>
      </object_component>
      <object_component id="oc-4c">
         <name>.debug_info</name>
         <load_address>0x9343</load_address>
         <run_address>0x9343</run_address>
         <size>0x22a</size>
         <input_file_ref idref="fl-146"/>
      </object_component>
      <object_component id="oc-1c">
         <name>.debug_info</name>
         <load_address>0x956d</load_address>
         <run_address>0x956d</run_address>
         <size>0x1bc</size>
         <input_file_ref idref="fl-146"/>
      </object_component>
      <object_component id="oc-52">
         <name>.debug_info</name>
         <load_address>0x9729</load_address>
         <run_address>0x9729</run_address>
         <size>0x39</size>
         <input_file_ref idref="fl-146"/>
      </object_component>
      <object_component id="oc-62">
         <name>.debug_info</name>
         <load_address>0x9762</load_address>
         <run_address>0x9762</run_address>
         <size>0x112</size>
         <input_file_ref idref="fl-147"/>
      </object_component>
      <object_component id="oc-1f">
         <name>.debug_info</name>
         <load_address>0x9874</load_address>
         <run_address>0x9874</run_address>
         <size>0x18d</size>
         <input_file_ref idref="fl-147"/>
      </object_component>
      <object_component id="oc-5d">
         <name>.debug_info</name>
         <load_address>0x9a01</load_address>
         <run_address>0x9a01</run_address>
         <size>0x46</size>
         <input_file_ref idref="fl-147"/>
      </object_component>
      <object_component id="oc-cb">
         <name>.debug_info</name>
         <load_address>0x9a47</load_address>
         <run_address>0x9a47</run_address>
         <size>0x174</size>
         <input_file_ref idref="fl-148"/>
      </object_component>
      <object_component id="oc-c8">
         <name>.debug_info</name>
         <load_address>0x9bbb</load_address>
         <run_address>0x9bbb</run_address>
         <size>0x119</size>
         <input_file_ref idref="fl-148"/>
      </object_component>
      <object_component id="oc-77">
         <name>.debug_info</name>
         <load_address>0x9cd4</load_address>
         <run_address>0x9cd4</run_address>
         <size>0x1f0</size>
         <input_file_ref idref="fl-148"/>
      </object_component>
      <object_component id="oc-3f">
         <name>.debug_info</name>
         <load_address>0x9ec4</load_address>
         <run_address>0x9ec4</run_address>
         <size>0xfa</size>
         <input_file_ref idref="fl-14a"/>
      </object_component>
      <object_component id="oc-58">
         <name>.debug_info</name>
         <load_address>0x9fbe</load_address>
         <run_address>0x9fbe</run_address>
         <size>0x12a</size>
         <input_file_ref idref="fl-14b"/>
      </object_component>
      <object_component id="oc-66">
         <name>.debug_info</name>
         <load_address>0xa0e8</load_address>
         <run_address>0xa0e8</run_address>
         <size>0x12b</size>
         <input_file_ref idref="fl-14c"/>
      </object_component>
      <object_component id="oc-7c">
         <name>.debug_info</name>
         <load_address>0xa213</load_address>
         <run_address>0xa213</run_address>
         <size>0xec</size>
         <input_file_ref idref="fl-14d"/>
      </object_component>
      <object_component id="oc-167">
         <name>.debug_info</name>
         <load_address>0xa2ff</load_address>
         <run_address>0xa2ff</run_address>
         <size>0x165</size>
         <input_file_ref idref="fl-14f"/>
      </object_component>
      <object_component id="oc-12d">
         <name>.debug_info</name>
         <load_address>0xa464</load_address>
         <run_address>0xa464</run_address>
         <size>0x107</size>
         <input_file_ref idref="fl-150"/>
      </object_component>
      <object_component id="oc-c5">
         <name>.debug_info</name>
         <load_address>0xa56b</load_address>
         <run_address>0xa56b</run_address>
         <size>0xf6</size>
         <input_file_ref idref="fl-150"/>
      </object_component>
      <object_component id="oc-128">
         <name>.debug_info</name>
         <load_address>0xa661</load_address>
         <run_address>0xa661</run_address>
         <size>0x202</size>
         <input_file_ref idref="fl-150"/>
      </object_component>
      <object_component id="oc-c3">
         <name>.debug_info</name>
         <load_address>0xa863</load_address>
         <run_address>0xa863</run_address>
         <size>0x149</size>
         <input_file_ref idref="fl-151"/>
      </object_component>
      <object_component id="oc-70">
         <name>.debug_info</name>
         <load_address>0xa9ac</load_address>
         <run_address>0xa9ac</run_address>
         <size>0x14a</size>
         <input_file_ref idref="fl-151"/>
      </object_component>
      <object_component id="oc-120">
         <name>.debug_info</name>
         <load_address>0xaaf6</load_address>
         <run_address>0xaaf6</run_address>
         <size>0x5e</size>
         <input_file_ref idref="fl-151"/>
      </object_component>
      <object_component id="oc-bb">
         <name>.debug_info</name>
         <load_address>0xab54</load_address>
         <run_address>0xab54</run_address>
         <size>0x2a0</size>
         <input_file_ref idref="fl-152"/>
      </object_component>
      <object_component id="oc-6d">
         <name>.debug_info</name>
         <load_address>0xadf4</load_address>
         <run_address>0xadf4</run_address>
         <size>0x15a</size>
         <input_file_ref idref="fl-152"/>
      </object_component>
      <object_component id="oc-107">
         <name>.debug_info</name>
         <load_address>0xaf4e</load_address>
         <run_address>0xaf4e</run_address>
         <size>0x39</size>
         <input_file_ref idref="fl-152"/>
      </object_component>
      <object_component id="oc-10c">
         <name>.debug_info</name>
         <load_address>0xaf87</load_address>
         <run_address>0xaf87</run_address>
         <size>0xcd</size>
         <input_file_ref idref="fl-152"/>
      </object_component>
      <object_component id="oc-104">
         <name>.debug_info</name>
         <load_address>0xb054</load_address>
         <run_address>0xb054</run_address>
         <size>0x1c3</size>
         <input_file_ref idref="fl-153"/>
      </object_component>
      <object_component id="oc-b5">
         <name>.debug_info</name>
         <load_address>0xb217</load_address>
         <run_address>0xb217</run_address>
         <size>0x17f</size>
         <input_file_ref idref="fl-153"/>
      </object_component>
      <object_component id="oc-15a">
         <name>.debug_info</name>
         <load_address>0xb396</load_address>
         <run_address>0xb396</run_address>
         <size>0x2c</size>
         <input_file_ref idref="fl-153"/>
      </object_component>
      <object_component id="oc-1b2">
         <name>.debug_info</name>
         <load_address>0xb3c2</load_address>
         <run_address>0xb3c2</run_address>
         <size>0x183</size>
         <input_file_ref idref="fl-157"/>
      </object_component>
      <object_component id="oc-1ac">
         <name>.debug_info</name>
         <load_address>0xb545</load_address>
         <run_address>0xb545</run_address>
         <size>0x18f</size>
         <input_file_ref idref="fl-157"/>
      </object_component>
      <object_component id="oc-1af">
         <name>.debug_info</name>
         <load_address>0xb6d4</load_address>
         <run_address>0xb6d4</run_address>
         <size>0xcd</size>
         <input_file_ref idref="fl-157"/>
      </object_component>
      <object_component id="oc-1a9">
         <name>.debug_info</name>
         <load_address>0xb7a1</load_address>
         <run_address>0xb7a1</run_address>
         <size>0xd6</size>
         <input_file_ref idref="fl-157"/>
      </object_component>
      <object_component id="oc-17d">
         <name>.debug_info</name>
         <load_address>0xb877</load_address>
         <run_address>0xb877</run_address>
         <size>0xb82</size>
         <input_file_ref idref="fl-157"/>
      </object_component>
      <object_component id="oc-181">
         <name>.debug_info</name>
         <load_address>0xc3f9</load_address>
         <run_address>0xc3f9</run_address>
         <size>0x18d</size>
         <input_file_ref idref="fl-15c"/>
      </object_component>
      <object_component id="oc-172">
         <name>.debug_info</name>
         <load_address>0xc586</load_address>
         <run_address>0xc586</run_address>
         <size>0xd6</size>
         <input_file_ref idref="fl-15c"/>
      </object_component>
      <object_component id="oc-175">
         <name>.debug_info</name>
         <load_address>0xc65c</load_address>
         <run_address>0xc65c</run_address>
         <size>0x120</size>
         <input_file_ref idref="fl-15c"/>
      </object_component>
      <object_component id="oc-178">
         <name>.debug_info</name>
         <load_address>0xc77c</load_address>
         <run_address>0xc77c</run_address>
         <size>0xe8</size>
         <input_file_ref idref="fl-15c"/>
      </object_component>
      <object_component id="oc-11a">
         <name>.debug_info</name>
         <load_address>0xc864</load_address>
         <run_address>0xc864</run_address>
         <size>0x229b</size>
         <input_file_ref idref="fl-15c"/>
      </object_component>
      <object_component id="oc-1a5">
         <name>.debug_info</name>
         <load_address>0xeaff</load_address>
         <run_address>0xeaff</run_address>
         <size>0x2aa</size>
         <input_file_ref idref="fl-15e"/>
      </object_component>
      <object_component id="oc-1e5">
         <name>.debug_info</name>
         <load_address>0xeda9</load_address>
         <run_address>0xeda9</run_address>
         <size>0xad</size>
      </object_component>
      <object_component id="oc-157">
         <name>.debug_line</name>
         <load_address>0x0</load_address>
         <run_address>0x0</run_address>
         <size>0xd1</size>
         <input_file_ref idref="fl-2"/>
      </object_component>
      <object_component id="oc-c0">
         <name>.debug_line</name>
         <load_address>0xd1</load_address>
         <run_address>0xd1</run_address>
         <size>0xfc</size>
         <input_file_ref idref="fl-2"/>
      </object_component>
      <object_component id="oc-ed">
         <name>.debug_line</name>
         <load_address>0x1cd</load_address>
         <run_address>0x1cd</run_address>
         <size>0x64</size>
         <input_file_ref idref="fl-2"/>
      </object_component>
      <object_component id="oc-97">
         <name>.debug_line</name>
         <load_address>0x231</load_address>
         <run_address>0x231</run_address>
         <size>0x20</size>
         <input_file_ref idref="fl-2"/>
      </object_component>
      <object_component id="oc-92">
         <name>.debug_line</name>
         <load_address>0x251</load_address>
         <run_address>0x251</run_address>
         <size>0x68</size>
         <input_file_ref idref="fl-2"/>
      </object_component>
      <object_component id="oc-9e">
         <name>.debug_line</name>
         <load_address>0x2b9</load_address>
         <run_address>0x2b9</run_address>
         <size>0x60</size>
         <input_file_ref idref="fl-2"/>
      </object_component>
      <object_component id="oc-f2">
         <name>.debug_line</name>
         <load_address>0x319</load_address>
         <run_address>0x319</run_address>
         <size>0x77</size>
         <input_file_ref idref="fl-2"/>
      </object_component>
      <object_component id="oc-16f">
         <name>.debug_line</name>
         <load_address>0x390</load_address>
         <run_address>0x390</run_address>
         <size>0x60</size>
         <input_file_ref idref="fl-2"/>
      </object_component>
      <object_component id="oc-fb">
         <name>.debug_line</name>
         <load_address>0x3f0</load_address>
         <run_address>0x3f0</run_address>
         <size>0x64</size>
         <input_file_ref idref="fl-2"/>
      </object_component>
      <object_component id="oc-9a">
         <name>.debug_line</name>
         <load_address>0x454</load_address>
         <run_address>0x454</run_address>
         <size>0x34</size>
         <input_file_ref idref="fl-3"/>
      </object_component>
      <object_component id="oc-3c">
         <name>.debug_line</name>
         <load_address>0x488</load_address>
         <run_address>0x488</run_address>
         <size>0x34</size>
         <input_file_ref idref="fl-3"/>
      </object_component>
      <object_component id="oc-2e">
         <name>.debug_line</name>
         <load_address>0x4bc</load_address>
         <run_address>0x4bc</run_address>
         <size>0x94</size>
         <input_file_ref idref="fl-3"/>
      </object_component>
      <object_component id="oc-101">
         <name>.debug_line</name>
         <load_address>0x550</load_address>
         <run_address>0x550</run_address>
         <size>0x20</size>
         <input_file_ref idref="fl-4"/>
      </object_component>
      <object_component id="oc-ae">
         <name>.debug_line</name>
         <load_address>0x570</load_address>
         <run_address>0x570</run_address>
         <size>0x60</size>
         <input_file_ref idref="fl-4"/>
      </object_component>
      <object_component id="oc-19b">
         <name>.debug_line</name>
         <load_address>0x5d0</load_address>
         <run_address>0x5d0</run_address>
         <size>0x20</size>
         <input_file_ref idref="fl-12"/>
      </object_component>
      <object_component id="oc-198">
         <name>.debug_line</name>
         <load_address>0x5f0</load_address>
         <run_address>0x5f0</run_address>
         <size>0x57</size>
         <input_file_ref idref="fl-12"/>
      </object_component>
      <object_component id="oc-196">
         <name>.debug_line</name>
         <load_address>0x647</load_address>
         <run_address>0x647</run_address>
         <size>0x57</size>
         <input_file_ref idref="fl-12"/>
      </object_component>
      <object_component id="oc-115">
         <name>.debug_line</name>
         <load_address>0x69e</load_address>
         <run_address>0x69e</run_address>
         <size>0x2a8</size>
         <input_file_ref idref="fl-12"/>
      </object_component>
      <object_component id="oc-186">
         <name>.debug_line</name>
         <load_address>0x946</load_address>
         <run_address>0x946</run_address>
         <size>0x20</size>
         <input_file_ref idref="fl-17"/>
      </object_component>
      <object_component id="oc-d7">
         <name>.debug_line</name>
         <load_address>0x966</load_address>
         <run_address>0x966</run_address>
         <size>0x10d</size>
         <input_file_ref idref="fl-17"/>
      </object_component>
      <object_component id="oc-142">
         <name>.debug_line</name>
         <load_address>0xa73</load_address>
         <run_address>0xa73</run_address>
         <size>0x60</size>
         <input_file_ref idref="fl-17"/>
      </object_component>
      <object_component id="oc-134">
         <name>.debug_line</name>
         <load_address>0xad3</load_address>
         <run_address>0xad3</run_address>
         <size>0x180</size>
         <input_file_ref idref="fl-19"/>
      </object_component>
      <object_component id="oc-d0">
         <name>.debug_line</name>
         <load_address>0xc53</load_address>
         <run_address>0xc53</run_address>
         <size>0x5d</size>
         <input_file_ref idref="fl-19"/>
      </object_component>
      <object_component id="oc-147">
         <name>.debug_line</name>
         <load_address>0xcb0</load_address>
         <run_address>0xcb0</run_address>
         <size>0x5d</size>
         <input_file_ref idref="fl-19"/>
      </object_component>
      <object_component id="oc-87">
         <name>.debug_line</name>
         <load_address>0xd0d</load_address>
         <run_address>0xd0d</run_address>
         <size>0x8dd</size>
         <input_file_ref idref="fl-19"/>
      </object_component>
      <object_component id="oc-138">
         <name>.debug_line</name>
         <load_address>0x15ea</load_address>
         <run_address>0x15ea</run_address>
         <size>0x66</size>
         <input_file_ref idref="fl-19"/>
      </object_component>
      <object_component id="oc-13d">
         <name>.debug_line</name>
         <load_address>0x1650</load_address>
         <run_address>0x1650</run_address>
         <size>0x5d</size>
         <input_file_ref idref="fl-19"/>
      </object_component>
      <object_component id="oc-18c">
         <name>.debug_line</name>
         <load_address>0x16ad</load_address>
         <run_address>0x16ad</run_address>
         <size>0xb3</size>
         <input_file_ref idref="fl-1b"/>
      </object_component>
      <object_component id="oc-193">
         <name>.debug_line</name>
         <load_address>0x1760</load_address>
         <run_address>0x1760</run_address>
         <size>0x6f</size>
         <input_file_ref idref="fl-1b"/>
      </object_component>
      <object_component id="oc-18a">
         <name>.debug_line</name>
         <load_address>0x17cf</load_address>
         <run_address>0x17cf</run_address>
         <size>0x6f</size>
         <input_file_ref idref="fl-1b"/>
      </object_component>
      <object_component id="oc-188">
         <name>.debug_line</name>
         <load_address>0x183e</load_address>
         <run_address>0x183e</run_address>
         <size>0x6f</size>
         <input_file_ref idref="fl-1b"/>
      </object_component>
      <object_component id="oc-e5">
         <name>.debug_line</name>
         <load_address>0x18ad</load_address>
         <run_address>0x18ad</run_address>
         <size>0x142</size>
         <input_file_ref idref="fl-1b"/>
      </object_component>
      <object_component id="oc-190">
         <name>.debug_line</name>
         <load_address>0x19ef</load_address>
         <run_address>0x19ef</run_address>
         <size>0x6f</size>
         <input_file_ref idref="fl-1b"/>
      </object_component>
      <object_component id="oc-f7">
         <name>.debug_line</name>
         <load_address>0x1a5e</load_address>
         <run_address>0x1a5e</run_address>
         <size>0x10d</size>
         <input_file_ref idref="fl-1c"/>
      </object_component>
      <object_component id="oc-f5">
         <name>.debug_line</name>
         <load_address>0x1b6b</load_address>
         <run_address>0x1b6b</run_address>
         <size>0x72</size>
         <input_file_ref idref="fl-1c"/>
      </object_component>
      <object_component id="oc-39">
         <name>.debug_line</name>
         <load_address>0x1bdd</load_address>
         <run_address>0x1bdd</run_address>
         <size>0x187</size>
         <input_file_ref idref="fl-1c"/>
      </object_component>
      <object_component id="oc-34">
         <name>.debug_line</name>
         <load_address>0x1d64</load_address>
         <run_address>0x1d64</run_address>
         <size>0xb6</size>
         <input_file_ref idref="fl-1d"/>
      </object_component>
      <object_component id="oc-25">
         <name>.debug_line</name>
         <load_address>0x1e1a</load_address>
         <run_address>0x1e1a</run_address>
         <size>0x52</size>
         <input_file_ref idref="fl-144"/>
      </object_component>
      <object_component id="oc-a7">
         <name>.debug_line</name>
         <load_address>0x1e6c</load_address>
         <run_address>0x1e6c</run_address>
         <size>0x72</size>
         <input_file_ref idref="fl-145"/>
      </object_component>
      <object_component id="oc-17">
         <name>.debug_line</name>
         <load_address>0x1ede</load_address>
         <run_address>0x1ede</run_address>
         <size>0x55</size>
         <input_file_ref idref="fl-145"/>
      </object_component>
      <object_component id="oc-47">
         <name>.debug_line</name>
         <load_address>0x1f33</load_address>
         <run_address>0x1f33</run_address>
         <size>0x3a</size>
         <input_file_ref idref="fl-145"/>
      </object_component>
      <object_component id="oc-a4">
         <name>.debug_line</name>
         <load_address>0x1f6d</load_address>
         <run_address>0x1f6d</run_address>
         <size>0x72</size>
         <input_file_ref idref="fl-145"/>
      </object_component>
      <object_component id="oc-aa">
         <name>.debug_line</name>
         <load_address>0x1fdf</load_address>
         <run_address>0x1fdf</run_address>
         <size>0x72</size>
         <input_file_ref idref="fl-146"/>
      </object_component>
      <object_component id="oc-4f">
         <name>.debug_line</name>
         <load_address>0x2051</load_address>
         <run_address>0x2051</run_address>
         <size>0x98</size>
         <input_file_ref idref="fl-146"/>
      </object_component>
      <object_component id="oc-1a">
         <name>.debug_line</name>
         <load_address>0x20e9</load_address>
         <run_address>0x20e9</run_address>
         <size>0x4b</size>
         <input_file_ref idref="fl-146"/>
      </object_component>
      <object_component id="oc-55">
         <name>.debug_line</name>
         <load_address>0x2134</load_address>
         <run_address>0x2134</run_address>
         <size>0x39</size>
         <input_file_ref idref="fl-146"/>
      </object_component>
      <object_component id="oc-b2">
         <name>.debug_line</name>
         <load_address>0x216d</load_address>
         <run_address>0x216d</run_address>
         <size>0x72</size>
         <input_file_ref idref="fl-147"/>
      </object_component>
      <object_component id="oc-22">
         <name>.debug_line</name>
         <load_address>0x21df</load_address>
         <run_address>0x21df</run_address>
         <size>0x4f</size>
         <input_file_ref idref="fl-147"/>
      </object_component>
      <object_component id="oc-60">
         <name>.debug_line</name>
         <load_address>0x222e</load_address>
         <run_address>0x222e</run_address>
         <size>0x34</size>
         <input_file_ref idref="fl-147"/>
      </object_component>
      <object_component id="oc-132">
         <name>.debug_line</name>
         <load_address>0x2262</load_address>
         <run_address>0x2262</run_address>
         <size>0x71</size>
         <input_file_ref idref="fl-148"/>
      </object_component>
      <object_component id="oc-130">
         <name>.debug_line</name>
         <load_address>0x22d3</load_address>
         <run_address>0x22d3</run_address>
         <size>0x2a</size>
         <input_file_ref idref="fl-148"/>
      </object_component>
      <object_component id="oc-7a">
         <name>.debug_line</name>
         <load_address>0x22fd</load_address>
         <run_address>0x22fd</run_address>
         <size>0x7a</size>
         <input_file_ref idref="fl-148"/>
      </object_component>
      <object_component id="oc-42">
         <name>.debug_line</name>
         <load_address>0x2377</load_address>
         <run_address>0x2377</run_address>
         <size>0x88</size>
         <input_file_ref idref="fl-14a"/>
      </object_component>
      <object_component id="oc-5b">
         <name>.debug_line</name>
         <load_address>0x23ff</load_address>
         <run_address>0x23ff</run_address>
         <size>0x79</size>
         <input_file_ref idref="fl-14b"/>
      </object_component>
      <object_component id="oc-65">
         <name>.debug_line</name>
         <load_address>0x2478</load_address>
         <run_address>0x2478</run_address>
         <size>0x40</size>
         <input_file_ref idref="fl-14c"/>
      </object_component>
      <object_component id="oc-ce">
         <name>.debug_line</name>
         <load_address>0x24b8</load_address>
         <run_address>0x24b8</run_address>
         <size>0x33</size>
         <input_file_ref idref="fl-14d"/>
      </object_component>
      <object_component id="oc-166">
         <name>.debug_line</name>
         <load_address>0x24eb</load_address>
         <run_address>0x24eb</run_address>
         <size>0x6c</size>
         <input_file_ref idref="fl-14f"/>
      </object_component>
      <object_component id="oc-184">
         <name>.debug_line</name>
         <load_address>0x2557</load_address>
         <run_address>0x2557</run_address>
         <size>0x20</size>
         <input_file_ref idref="fl-150"/>
      </object_component>
      <object_component id="oc-12c">
         <name>.debug_line</name>
         <load_address>0x2577</load_address>
         <run_address>0x2577</run_address>
         <size>0x2b</size>
         <input_file_ref idref="fl-150"/>
      </object_component>
      <object_component id="oc-12a">
         <name>.debug_line</name>
         <load_address>0x25a2</load_address>
         <run_address>0x25a2</run_address>
         <size>0x68</size>
         <input_file_ref idref="fl-150"/>
      </object_component>
      <object_component id="oc-11f">
         <name>.debug_line</name>
         <load_address>0x260a</load_address>
         <run_address>0x260a</run_address>
         <size>0x2b</size>
         <input_file_ref idref="fl-151"/>
      </object_component>
      <object_component id="oc-73">
         <name>.debug_line</name>
         <load_address>0x2635</load_address>
         <run_address>0x2635</run_address>
         <size>0x50</size>
         <input_file_ref idref="fl-151"/>
      </object_component>
      <object_component id="oc-123">
         <name>.debug_line</name>
         <load_address>0x2685</load_address>
         <run_address>0x2685</run_address>
         <size>0x2b</size>
         <input_file_ref idref="fl-151"/>
      </object_component>
      <object_component id="oc-106">
         <name>.debug_line</name>
         <load_address>0x26b0</load_address>
         <run_address>0x26b0</run_address>
         <size>0x81</size>
         <input_file_ref idref="fl-152"/>
      </object_component>
      <object_component id="oc-6c">
         <name>.debug_line</name>
         <load_address>0x2731</load_address>
         <run_address>0x2731</run_address>
         <size>0x79</size>
         <input_file_ref idref="fl-152"/>
      </object_component>
      <object_component id="oc-10a">
         <name>.debug_line</name>
         <load_address>0x27aa</load_address>
         <run_address>0x27aa</run_address>
         <size>0x2e</size>
         <input_file_ref idref="fl-152"/>
      </object_component>
      <object_component id="oc-10f">
         <name>.debug_line</name>
         <load_address>0x27d8</load_address>
         <run_address>0x27d8</run_address>
         <size>0x73</size>
         <input_file_ref idref="fl-152"/>
      </object_component>
      <object_component id="oc-159">
         <name>.debug_line</name>
         <load_address>0x284b</load_address>
         <run_address>0x284b</run_address>
         <size>0x80</size>
         <input_file_ref idref="fl-153"/>
      </object_component>
      <object_component id="oc-b8">
         <name>.debug_line</name>
         <load_address>0x28cb</load_address>
         <run_address>0x28cb</run_address>
         <size>0x68</size>
         <input_file_ref idref="fl-153"/>
      </object_component>
      <object_component id="oc-15d">
         <name>.debug_line</name>
         <load_address>0x2933</load_address>
         <run_address>0x2933</run_address>
         <size>0x2e</size>
         <input_file_ref idref="fl-153"/>
      </object_component>
      <object_component id="oc-1bd">
         <name>.debug_line</name>
         <load_address>0x2961</load_address>
         <run_address>0x2961</run_address>
         <size>0x4d</size>
         <input_file_ref idref="fl-157"/>
      </object_component>
      <object_component id="oc-1b9">
         <name>.debug_line</name>
         <load_address>0x29ae</load_address>
         <run_address>0x29ae</run_address>
         <size>0x32</size>
         <input_file_ref idref="fl-157"/>
      </object_component>
      <object_component id="oc-1bb">
         <name>.debug_line</name>
         <load_address>0x29e0</load_address>
         <run_address>0x29e0</run_address>
         <size>0x32</size>
         <input_file_ref idref="fl-157"/>
      </object_component>
      <object_component id="oc-1b7">
         <name>.debug_line</name>
         <load_address>0x2a12</load_address>
         <run_address>0x2a12</run_address>
         <size>0x32</size>
         <input_file_ref idref="fl-157"/>
      </object_component>
      <object_component id="oc-17c">
         <name>.debug_line</name>
         <load_address>0x2a44</load_address>
         <run_address>0x2a44</run_address>
         <size>0x2e3</size>
         <input_file_ref idref="fl-157"/>
      </object_component>
      <object_component id="oc-1b4">
         <name>.debug_line</name>
         <load_address>0x2d27</load_address>
         <run_address>0x2d27</run_address>
         <size>0x53</size>
         <input_file_ref idref="fl-15c"/>
      </object_component>
      <object_component id="oc-19d">
         <name>.debug_line</name>
         <load_address>0x2d7a</load_address>
         <run_address>0x2d7a</run_address>
         <size>0x2d</size>
         <input_file_ref idref="fl-15c"/>
      </object_component>
      <object_component id="oc-19f">
         <name>.debug_line</name>
         <load_address>0x2da7</load_address>
         <run_address>0x2da7</run_address>
         <size>0x2d</size>
         <input_file_ref idref="fl-15c"/>
      </object_component>
      <object_component id="oc-1a1">
         <name>.debug_line</name>
         <load_address>0x2dd4</load_address>
         <run_address>0x2dd4</run_address>
         <size>0x2d</size>
         <input_file_ref idref="fl-15c"/>
      </object_component>
      <object_component id="oc-118">
         <name>.debug_line</name>
         <load_address>0x2e01</load_address>
         <run_address>0x2e01</run_address>
         <size>0x591</size>
         <input_file_ref idref="fl-15c"/>
      </object_component>
      <object_component id="oc-1a4">
         <name>.debug_line</name>
         <load_address>0x3392</load_address>
         <run_address>0x3392</run_address>
         <size>0xcf</size>
         <input_file_ref idref="fl-15e"/>
      </object_component>
      <object_component id="oc-c1">
         <name>.debug_frame</name>
         <load_address>0x0</load_address>
         <run_address>0x0</run_address>
         <size>0x10a</size>
         <input_file_ref idref="fl-2"/>
      </object_component>
      <object_component id="oc-2f">
         <name>.debug_frame</name>
         <load_address>0x10a</load_address>
         <run_address>0x10a</run_address>
         <size>0xb2</size>
         <input_file_ref idref="fl-3"/>
      </object_component>
      <object_component id="oc-116">
         <name>.debug_frame</name>
         <load_address>0x1bc</load_address>
         <run_address>0x1bc</run_address>
         <size>0x12e</size>
         <input_file_ref idref="fl-12"/>
      </object_component>
      <object_component id="oc-d8">
         <name>.debug_frame</name>
         <load_address>0x2ea</load_address>
         <run_address>0x2ea</run_address>
         <size>0xe1</size>
         <input_file_ref idref="fl-17"/>
      </object_component>
      <object_component id="oc-88">
         <name>.debug_frame</name>
         <load_address>0x3cb</load_address>
         <run_address>0x3cb</run_address>
         <size>0x47b</size>
         <input_file_ref idref="fl-19"/>
      </object_component>
      <object_component id="oc-e6">
         <name>.debug_frame</name>
         <load_address>0x846</load_address>
         <run_address>0x846</run_address>
         <size>0xe0</size>
         <input_file_ref idref="fl-1b"/>
      </object_component>
      <object_component id="oc-3a">
         <name>.debug_frame</name>
         <load_address>0x926</load_address>
         <run_address>0x926</run_address>
         <size>0x129</size>
         <input_file_ref idref="fl-1c"/>
      </object_component>
      <object_component id="oc-16">
         <name>.debug_frame</name>
         <load_address>0xa4f</load_address>
         <run_address>0xa4f</run_address>
         <size>0x7f</size>
         <input_file_ref idref="fl-145"/>
      </object_component>
      <object_component id="oc-4e">
         <name>.debug_frame</name>
         <load_address>0xace</load_address>
         <run_address>0xace</run_address>
         <size>0x8e</size>
         <input_file_ref idref="fl-146"/>
      </object_component>
      <object_component id="oc-1b">
         <name>.debug_frame</name>
         <load_address>0xb5c</load_address>
         <run_address>0xb5c</run_address>
         <size>0x7f</size>
         <input_file_ref idref="fl-146"/>
      </object_component>
      <object_component id="oc-23">
         <name>.debug_frame</name>
         <load_address>0xbdb</load_address>
         <run_address>0xbdb</run_address>
         <size>0x7f</size>
         <input_file_ref idref="fl-147"/>
      </object_component>
      <object_component id="oc-76">
         <name>.debug_frame</name>
         <load_address>0xc5a</load_address>
         <run_address>0xc5a</run_address>
         <size>0xb3</size>
         <input_file_ref idref="fl-148"/>
      </object_component>
      <object_component id="oc-68">
         <name>.debug_frame</name>
         <load_address>0xd0d</load_address>
         <run_address>0xd0d</run_address>
         <size>0x7f</size>
         <input_file_ref idref="fl-14c"/>
      </object_component>
      <object_component id="oc-127">
         <name>.debug_frame</name>
         <load_address>0xd8c</load_address>
         <run_address>0xd8c</run_address>
         <size>0xa1</size>
         <input_file_ref idref="fl-150"/>
      </object_component>
      <object_component id="oc-74">
         <name>.debug_frame</name>
         <load_address>0xe2d</load_address>
         <run_address>0xe2d</run_address>
         <size>0x7f</size>
         <input_file_ref idref="fl-151"/>
      </object_component>
      <object_component id="oc-6a">
         <name>.debug_frame</name>
         <load_address>0xeac</load_address>
         <run_address>0xeac</run_address>
         <size>0x8a</size>
         <input_file_ref idref="fl-152"/>
      </object_component>
      <object_component id="oc-b9">
         <name>.debug_frame</name>
         <load_address>0xf36</load_address>
         <run_address>0xf36</run_address>
         <size>0x8e</size>
         <input_file_ref idref="fl-153"/>
      </object_component>
      <object_component id="oc-17b">
         <name>.debug_frame</name>
         <load_address>0xfc4</load_address>
         <run_address>0xfc4</run_address>
         <size>0x1f3</size>
         <input_file_ref idref="fl-157"/>
      </object_component>
      <object_component id="oc-119">
         <name>.debug_frame</name>
         <load_address>0x11b7</load_address>
         <run_address>0x11b7</run_address>
         <size>0x4b6</size>
         <input_file_ref idref="fl-15c"/>
      </object_component>
      <object_component id="oc-1a7">
         <name>.debug_frame</name>
         <load_address>0x166d</load_address>
         <run_address>0x166d</run_address>
         <size>0xda</size>
         <input_file_ref idref="fl-15e"/>
      </object_component>
      <object_component id="oc-156">
         <name>.debug_abbrev</name>
         <load_address>0x0</load_address>
         <run_address>0x0</run_address>
         <size>0xc6</size>
         <input_file_ref idref="fl-2"/>
      </object_component>
      <object_component id="oc-11d">
         <name>.debug_abbrev</name>
         <load_address>0xc6</load_address>
         <run_address>0xc6</run_address>
         <size>0xb8</size>
         <input_file_ref idref="fl-2"/>
      </object_component>
      <object_component id="oc-ec">
         <name>.debug_abbrev</name>
         <load_address>0x17e</load_address>
         <run_address>0x17e</run_address>
         <size>0x90</size>
         <input_file_ref idref="fl-2"/>
      </object_component>
      <object_component id="oc-96">
         <name>.debug_abbrev</name>
         <load_address>0x20e</load_address>
         <run_address>0x20e</run_address>
         <size>0x1f</size>
         <input_file_ref idref="fl-2"/>
      </object_component>
      <object_component id="oc-91">
         <name>.debug_abbrev</name>
         <load_address>0x22d</load_address>
         <run_address>0x22d</run_address>
         <size>0x24</size>
         <input_file_ref idref="fl-2"/>
      </object_component>
      <object_component id="oc-9d">
         <name>.debug_abbrev</name>
         <load_address>0x251</load_address>
         <run_address>0x251</run_address>
         <size>0x35</size>
         <input_file_ref idref="fl-2"/>
      </object_component>
      <object_component id="oc-f1">
         <name>.debug_abbrev</name>
         <load_address>0x286</load_address>
         <run_address>0x286</run_address>
         <size>0x24</size>
         <input_file_ref idref="fl-2"/>
      </object_component>
      <object_component id="oc-16e">
         <name>.debug_abbrev</name>
         <load_address>0x2aa</load_address>
         <run_address>0x2aa</run_address>
         <size>0x4b</size>
         <input_file_ref idref="fl-2"/>
      </object_component>
      <object_component id="oc-fa">
         <name>.debug_abbrev</name>
         <load_address>0x2f5</load_address>
         <run_address>0x2f5</run_address>
         <size>0x61</size>
         <input_file_ref idref="fl-2"/>
      </object_component>
      <object_component id="oc-99">
         <name>.debug_abbrev</name>
         <load_address>0x356</load_address>
         <run_address>0x356</run_address>
         <size>0x71</size>
         <input_file_ref idref="fl-3"/>
      </object_component>
      <object_component id="oc-3b">
         <name>.debug_abbrev</name>
         <load_address>0x3c7</load_address>
         <run_address>0x3c7</run_address>
         <size>0x29</size>
         <input_file_ref idref="fl-3"/>
      </object_component>
      <object_component id="oc-7f">
         <name>.debug_abbrev</name>
         <load_address>0x3f0</load_address>
         <run_address>0x3f0</run_address>
         <size>0x79</size>
         <input_file_ref idref="fl-3"/>
      </object_component>
      <object_component id="oc-100">
         <name>.debug_abbrev</name>
         <load_address>0x469</load_address>
         <run_address>0x469</run_address>
         <size>0x1f</size>
         <input_file_ref idref="fl-4"/>
      </object_component>
      <object_component id="oc-ad">
         <name>.debug_abbrev</name>
         <load_address>0x488</load_address>
         <run_address>0x488</run_address>
         <size>0x24</size>
         <input_file_ref idref="fl-4"/>
      </object_component>
      <object_component id="oc-19a">
         <name>.debug_abbrev</name>
         <load_address>0x4ac</load_address>
         <run_address>0x4ac</run_address>
         <size>0x54</size>
         <input_file_ref idref="fl-12"/>
      </object_component>
      <object_component id="oc-197">
         <name>.debug_abbrev</name>
         <load_address>0x500</load_address>
         <run_address>0x500</run_address>
         <size>0x27</size>
         <input_file_ref idref="fl-12"/>
      </object_component>
      <object_component id="oc-195">
         <name>.debug_abbrev</name>
         <load_address>0x527</load_address>
         <run_address>0x527</run_address>
         <size>0x27</size>
         <input_file_ref idref="fl-12"/>
      </object_component>
      <object_component id="oc-16a">
         <name>.debug_abbrev</name>
         <load_address>0x54e</load_address>
         <run_address>0x54e</run_address>
         <size>0xc9</size>
         <input_file_ref idref="fl-12"/>
      </object_component>
      <object_component id="oc-185">
         <name>.debug_abbrev</name>
         <load_address>0x617</load_address>
         <run_address>0x617</run_address>
         <size>0x55</size>
         <input_file_ref idref="fl-17"/>
      </object_component>
      <object_component id="oc-144">
         <name>.debug_abbrev</name>
         <load_address>0x66c</load_address>
         <run_address>0x66c</run_address>
         <size>0x9b</size>
         <input_file_ref idref="fl-17"/>
      </object_component>
      <object_component id="oc-141">
         <name>.debug_abbrev</name>
[...]
      </symbol>
      <symbol id="sm-2ee">
         <name>xPortGetFreeHeapSize</name>
         <value>0x2541</value>
         <object_component_ref idref="oc-e1"/>
      </symbol>
      <symbol id="sm-2ef">
         <name>pvPortMalloc</name>
         <value>0x23d9</value>
         <object_component_ref idref="oc-e1"/>
      </symbol>
      <symbol id="sm-2f0">
         <name>vPortFree</name>
         <value>0x24df</value>
         <object_component_ref idref="oc-e1"/>
      </symbol>
      <symbol id="sm-317">
         <name>vPortEndScheduler</name>
         <value>0x275d</value>
         <object_component_ref idref="oc-35"/>
      </symbol>
      <symbol id="sm-318">
         <name>vPortYield</name>
         <value>0x2769</value>
         <object_component_ref idref="oc-35"/>
      </symbol>
      <symbol id="sm-319">
         <name>xPortSysTickHandler</name>
         <value>0x2799</value>
         <object_component_ref idref="oc-35"/>
      </symbol>
      <symbol id="sm-31a">
         <name>vPortYieldFromISR</name>
         <value>0x275f</value>
         <object_component_ref idref="oc-35"/>
      </symbol>
      <symbol id="sm-31b">
         <name>pxPortInitialiseStack</name>
         <value>0x26d1</value>
         <object_component_ref idref="oc-35"/>
      </symbol>
      <symbol id="sm-31c">
         <name>vPortExitCritical</name>
         <value>0x2783</value>
         <object_component_ref idref="oc-35"/>
      </symbol>
      <symbol id="sm-31d">
         <name>xPortStartScheduler</name>
         <value>0x2727</value>
         <object_component_ref idref="oc-35"/>
      </symbol>
      <symbol id="sm-31e">
         <name>vPortEnterCritical</name>
         <value>0x2773</value>
         <object_component_ref idref="oc-35"/>
      </symbol>
      <symbol id="sm-32b">
         <name>vPortStartFirstTask</name>
         <value>0x285d</value>
         <object_component_ref idref="oc-30"/>
      </symbol>
      <symbol id="sm-32c">
         <name>vPortEnableVFP</name>
         <value>0x2871</value>
         <object_component_ref idref="oc-30"/>
      </symbol>
      <symbol id="sm-32d">
         <name>xPortPendSVHandler</name>
         <value>0x27e1</value>
         <object_component_ref idref="oc-30"/>
      </symbol>
      <symbol id="sm-32e">
         <name>vPortClearInterruptMask</name>
         <value>0x2839</value>
         <object_component_ref idref="oc-30"/>
      </symbol>
      <symbol id="sm-32f">
         <name>vPortSetInterruptMask</name>
         <value>0x282f</value>
         <object_component_ref idref="oc-30"/>
      </symbol>
      <symbol id="sm-330">
         <name>vPortSVCHandler</name>
         <value>0x2843</value>
         <object_component_ref idref="oc-30"/>
      </symbol>
      <symbol id="sm-342">
         <name>_c_int00</name>
         <value>0x2a71</value>
         <object_component_ref idref="oc-24"/>
      </symbol>
      <symbol id="sm-343">
         <name>__stack</name>
         <value>0x20007958</value>
         <object_component_ref idref="oc-29"/>
      </symbol>
      <symbol id="sm-35a">
         <name>__TI_decompress_none</name>
         <value>0x2bfd</value>
         <object_component_ref idref="oc-12"/>
      </symbol>
      <symbol id="sm-37d">
         <name>__TI_decompress_rle24</name>
         <value>0x2c23</value>
         <object_component_ref idref="oc-18"/>
      </symbol>
      <symbol id="sm-38f">
         <name>__TI_zero_init</name>
         <value>0x2c0b</value>
         <object_component_ref idref="oc-1e"/>
      </symbol>
      <symbol id="sm-3ae">
         <name>C$$EXIT</name>
         <value>0x2b0d</value>
         <object_component_ref idref="oc-75"/>
      </symbol>
      <symbol id="sm-3af">
         <name>abort</name>
         <value>0x2b11</value>
         <object_component_ref idref="oc-75"/>
      </symbol>
      <symbol id="sm-3b0">
         <name>exit</name>
         <value>0x2b19</value>
         <object_component_ref idref="oc-75"/>
      </symbol>
      <symbol id="sm-3b1">
         <name>__TI_dtors_ptr</name>
         <value>0x20007b9c</value>
         <object_component_ref idref="oc-c7"/>
      </symbol>
      <symbol id="sm-3b2">
         <name>__TI_cleanup_ptr</name>
         <value>0x20007b98</value>
         <object_component_ref idref="oc-c7"/>
      </symbol>
      <symbol id="sm-3d0">
         <name>memcpy</name>
         <value>0x2883</value>
         <object_component_ref idref="oc-3e"/>
      </symbol>
      <symbol id="sm-3d1">
         <name>__aeabi_memcpy</name>
         <value>0x2883</value>
         <object_component_ref idref="oc-3e"/>
      </symbol>
      <symbol id="sm-3d2">
         <name>__aeabi_memcpy8</name>
         <value>0x2883</value>
         <object_component_ref idref="oc-3e"/>
      </symbol>
      <symbol id="sm-3d3">
         <name>__aeabi_memcpy4</name>
         <value>0x2883</value>
         <object_component_ref idref="oc-3e"/>
      </symbol>
      <symbol id="sm-3e2">
         <name>__aeabi_memset</name>
         <value>0x2921</value>
         <object_component_ref idref="oc-57"/>
      </symbol>
      <symbol id="sm-3e3">
         <name>memset</name>
         <value>0x2927</value>
         <object_component_ref idref="oc-57"/>
      </symbol>
      <symbol id="sm-3e4">
         <name>__aeabi_memset8</name>
         <value>0x2921</value>
         <object_component_ref idref="oc-57"/>
      </symbol>
      <symbol id="sm-3e5">
         <name>__aeabi_memset4</name>
         <value>0x2921</value>
         <object_component_ref idref="oc-57"/>
      </symbol>
      <symbol id="sm-3e6">
         <name>__aeabi_memclr8</name>
         <value>0x291f</value>
         <object_component_ref idref="oc-57"/>
      </symbol>
      <symbol id="sm-3e7">
         <name>__aeabi_memclr4</name>
         <value>0x291f</value>
         <object_component_ref idref="oc-57"/>
      </symbol>
      <symbol id="sm-3e8">
         <name>__aeabi_memclr</name>
         <value>0x291f</value>
         <object_component_ref idref="oc-57"/>
      </symbol>
      <symbol id="sm-3f2">
         <name>_system_pre_init</name>
         <value>0x2c29</value>
         <object_component_ref idref="oc-63"/>
      </symbol>
      <symbol id="sm-3fa">
         <name>main_func_sp</name>
         <value>0x20007bac</value>
         <object_component_ref idref="oc-7b"/>
      </symbol>
      <symbol id="sm-40e">
         <name>__aeabi_uidivmod</name>
         <value>0x2b51</value>
         <object_component_ref idref="oc-165"/>
      </symbol>
      <symbol id="sm-40f">
         <name>__aeabi_uidiv</name>
         <value>0x2b51</value>
         <object_component_ref idref="oc-165"/>
      </symbol>
      <symbol id="sm-428">
         <name>_nop</name>
         <value>0x2bf7</value>
         <object_component_ref idref="oc-125"/>
      </symbol>
      <symbol id="sm-429">
         <name>_lock</name>
         <value>0x20007b90</value>
         <object_component_ref idref="oc-c4"/>
      </symbol>
      <symbol id="sm-42a">
         <name>_unlock</name>
         <value>0x20007b94</value>
         <object_component_ref idref="oc-c4"/>
      </symbol>
      <symbol id="sm-42b">
         <name>_register_lock</name>
         <value>0x2bef</value>
         <object_component_ref idref="oc-125"/>
      </symbol>
      <symbol id="sm-42c">
         <name>_register_unlock</name>
         <value>0x2be9</value>
         <object_component_ref idref="oc-125"/>
      </symbol>
      <symbol id="sm-441">
         <name>_args_main</name>
         <value>0x2bd1</value>
         <object_component_ref idref="oc-6f"/>
      </symbol>
      <symbol id="sm-467">
         <name>__TI_auto_init</name>
         <value>0x2999</value>
         <object_component_ref idref="oc-69"/>
      </symbol>
      <symbol id="sm-481">
         <name>copy_in</name>
         <value>0x2ac1</value>
         <object_component_ref idref="oc-b4"/>
      </symbol>
      <symbol id="sm-4ed">
         <name>IntPendClear</name>
         <value>0x201d</value>
         <object_component_ref idref="oc-17a"/>
      </symbol>
      <symbol id="sm-4ee">
         <name>IntPriorityGroupingGet</name>
         <value>0x1d97</value>
         <object_component_ref idref="oc-17a"/>
      </symbol>
      <symbol id="sm-4ef">
         <name>IntPrioritySet</name>
         <value>0x1dcf</value>
         <object_component_ref idref="oc-17a"/>
      </symbol>
      <symbol id="sm-4f0">
         <name>IntIsEnabled</name>
         <value>0x1f27</value>
         <object_component_ref idref="oc-17a"/>
      </symbol>
      <symbol id="sm-4f1">
         <name>IntEnable</name>
         <value>0x1e43</value>
         <object_component_ref idref="oc-17a"/>
      </symbol>
      <symbol id="sm-4f2">
         <name>IntTrigger</name>
         <value>0x207f</value>
         <object_component_ref idref="oc-17a"/>
      </symbol>
      <symbol id="sm-4f3">
         <name>IntPriorityMaskSet</name>
         <value>0x206b</value>
         <object_component_ref idref="oc-17a"/>
      </symbol>
      <symbol id="sm-4f4">
         <name>IntPriorityGroupingSet</name>
         <value>0x1d7d</value>
         <object_component_ref idref="oc-17a"/>
      </symbol>
      <symbol id="sm-4f5">
         <name>IntDisable</name>
         <value>0x1eb5</value>
         <object_component_ref idref="oc-17a"/>
      </symbol>
      <symbol id="sm-4f6">
         <name>IntRegister</name>
         <value>0x1d17</value>
         <object_component_ref idref="oc-17a"/>
      </symbol>
      <symbol id="sm-4f7">
         <name>IntPriorityGet</name>
         <value>0x1e1f</value>
         <object_component_ref idref="oc-17a"/>
      </symbol>
      <symbol id="sm-4f8">
         <name>IntMasterDisable</name>
         <value>0x1d07</value>
         <object_component_ref idref="oc-17a"/>
      </symbol>
      <symbol id="sm-4f9">
         <name>IntUnregister</name>
         <value>0x1d69</value>
         <object_component_ref idref="oc-17a"/>
      </symbol>
      <symbol id="sm-4fa">
         <name>IntPriorityMaskGet</name>
         <value>0x2077</value>
         <object_component_ref idref="oc-17a"/>
      </symbol>
      <symbol id="sm-4fb">
         <name>g_pfnRAMVectors</name>
         <value>0x20000000</value>
         <object_component_ref idref="oc-1a8"/>
      </symbol>
      <symbol id="sm-4fc">
         <name>IntMasterEnable</name>
         <value>0x1cf7</value>
         <object_component_ref idref="oc-17a"/>
      </symbol>
      <symbol id="sm-4fd">
         <name>IntPendSet</name>
         <value>0x1fad</value>
         <object_component_ref idref="oc-17a"/>
      </symbol>
      <symbol id="sm-57e">
         <name>UARTClockSourceGet</name>
         <value>0x176d</value>
         <object_component_ref idref="oc-117"/>
      </symbol>
      <symbol id="sm-57f">
         <name>UARTCharPutNonBlocking</name>
         <value>0x15e1</value>
         <object_component_ref idref="oc-117"/>
      </symbol>
      <symbol id="sm-580">
         <name>UARTDMAEnable</name>
         <value>0x1707</value>
         <object_component_ref idref="oc-117"/>
      </symbol>
      <symbol id="sm-581">
         <name>UARTTxIntModeSet</name>
         <value>0x1545</value>
         <object_component_ref idref="oc-117"/>
      </symbol>
      <symbol id="sm-582">
         <name>UARTFIFODisable</name>
         <value>0x13eb</value>
         <object_component_ref idref="oc-117"/>
      </symbol>
      <symbol id="sm-583">
         <name>UARTIntUnregister</name>
         <value>0x168d</value>
         <object_component_ref idref="oc-117"/>
      </symbol>
      <symbol id="sm-584">
         <name>UARTRxErrorClear</name>
         <value>0x1749</value>
         <object_component_ref idref="oc-117"/>
      </symbol>
      <symbol id="sm-585">
         <name>UARTModemControlSet</name>
         <value>0x148d</value>
         <object_component_ref idref="oc-117"/>
      </symbol>
      <symbol id="sm-586">
         <name>UARTFlowControlSet</name>
         <value>0x1517</value>
         <object_component_ref idref="oc-117"/>
      </symbol>
      <symbol id="sm-587">
         <name>UARTConfigSetExpClk</name>
         <value>0x12c5</value>
         <object_component_ref idref="oc-117"/>
      </symbol>
      <symbol id="sm-588">
         <name>UARTSmartCardDisable</name>
         <value>0x1477</value>
         <object_component_ref idref="oc-117"/>
      </symbol>
      <symbol id="sm-589">
         <name>UARTDisable</name>
         <value>0x13ab</value>
         <object_component_ref idref="oc-117"/>
      </symbol>
      <symbol id="sm-58a">
         <name>UART9BitDisable</name>
         <value>0x1793</value>
         <object_component_ref idref="oc-117"/>
      </symbol>
      <symbol id="sm-58b">
         <name>UARTFIFOLevelGet</name>
         <value>0x129d</value>
         <object_component_ref idref="oc-117"/>
      </symbol>
      <symbol id="sm-58c">
         <name>UARTBusy</name>
         <value>0x164d</value>
         <object_component_ref idref="oc-117"/>
      </symbol>
      <symbol id="sm-58d">
         <name>UARTDisableSIR</name>
         <value>0x142f</value>
         <object_component_ref idref="oc-117"/>
      </symbol>
      <symbol id="sm-58e">
         <name>UARTIntEnable</name>
         <value>0x16a7</value>
         <object_component_ref idref="oc-117"/>
      </symbol>
      <symbol id="sm-58f">
         <name>UARTCharsAvail</name>
         <value>0x1573</value>
         <object_component_ref idref="oc-117"/>
      </symbol>
      <symbol id="sm-590">
         <name>UARTCharGetNonBlocking</name>
         <value>0x15af</value>
         <object_component_ref idref="oc-117"/>
      </symbol>
      <symbol id="sm-591">
         <name>UARTClockSourceSet</name>
         <value>0x1759</value>
         <object_component_ref idref="oc-117"/>
      </symbol>
      <symbol id="sm-592">
         <name>UARTTxIntModeGet</name>
         <value>0x1561</value>
         <object_component_ref idref="oc-117"/>
      </symbol>
      <symbol id="sm-593">
         <name>UARTModemStatusGet</name>
         <value>0x1503</value>
         <object_component_ref idref="oc-117"/>
      </symbol>
      <symbol id="sm-594">
         <name>UARTIntDisable</name>
         <value>0x16bf</value>
         <object_component_ref idref="oc-117"/>
      </symbol>
      <symbol id="sm-595">
         <name>UARTCharPut</name>
         <value>0x1605</value>
         <object_component_ref idref="oc-117"/>
      </symbol>
      <symbol id="sm-596">
         <name>UARTParityModeSet</name>
         <value>0x1257</value>
         <object_component_ref idref="oc-117"/>
      </symbol>
      <symbol id="sm-597">
         <name>UARTRxErrorGet</name>
         <value>0x1737</value>
         <object_component_ref idref="oc-117"/>
      </symbol>
      <symbol id="sm-598">
         <name>UARTConfigGetExpClk</name>
         <value>0x133b</value>
         <object_component_ref idref="oc-117"/>
      </symbol>
      <symbol id="sm-599">
         <name>UARTEnableSIR</name>
         <value>0x1401</value>
         <object_component_ref idref="oc-117"/>
      </symbol>
      <symbol id="sm-59a">
         <name>UARTEnable</name>
         <value>0x1387</value>
         <object_component_ref idref="oc-117"/>
      </symbol>
      <symbol id="sm-59b">
         <name>UART9BitAddrSend</name>
         <value>0x17cf</value>
         <object_component_ref idref="oc-117"/>
      </symbol>
      <symbol id="sm-59c">
         <name>UARTModemControlGet</name>
         <value>0x14f1</value>
         <object_component_ref idref="oc-117"/>
      </symbol>
      <symbol id="sm-59d">
         <name>UARTSmartCardEnable</name>
         <value>0x1445</value>
         <object_component_ref idref="oc-117"/>
      </symbol>
      <symbol id="sm-59e">
         <name>UARTFlowControlGet</name>
         <value>0x1533</value>
         <object_component_ref idref="oc-117"/>
      </symbol>
      <symbol id="sm-59f">
         <name>UARTFIFOEnable</name>
         <value>0x13d5</value>
         <object_component_ref idref="oc-117"/>
      </symbol>
      <symbol id="sm-5a0">
         <name>UARTIntClear</name>
         <value>0x16f5</value>
         <object_component_ref idref="oc-117"/>
      </symbol>
      <symbol id="sm-5a1">
         <name>UARTIntStatus</name>
         <value>0x16d7</value>
         <object_component_ref idref="oc-117"/>
      </symbol>
      <symbol id="sm-5a2">
         <name>UARTDMADisable</name>
         <value>0x171f</value>
         <object_component_ref idref="oc-117"/>
      </symbol>
      <symbol id="sm-5a3">
         <name>UART9BitEnable</name>
         <value>0x177d</value>
         <object_component_ref idref="oc-117"/>
      </symbol>
      <symbol id="sm-5a4">
         <name>UARTSpaceAvail</name>
         <value>0x1591</value>
         <object_component_ref idref="oc-117"/>
      </symbol>
      <symbol id="sm-5a5">
         <name>UARTCharGet</name>
         <value>0x15cb</value>
         <object_component_ref idref="oc-117"/>
      </symbol>
      <symbol id="sm-5a6">
         <name>UARTFIFOLevelSet</name>
         <value>0x1285</value>
         <object_component_ref idref="oc-117"/>
      </symbol>
      <symbol id="sm-5a7">
         <name>UARTModemControlClear</name>
         <value>0x14cd</value>
         <object_component_ref idref="oc-117"/>
      </symbol>
      <symbol id="sm-5a8">
         <name>UARTParityModeGet</name>
         <value>0x1273</value>
         <object_component_ref idref="oc-117"/>
      </symbol>
      <symbol id="sm-5a9">
         <name>UARTIntRegister</name>
         <value>0x166b</value>
         <object_component_ref idref="oc-117"/>
      </symbol>
      <symbol id="sm-5aa">
         <name>UARTBreakCtl</name>
         <value>0x1623</value>
         <object_component_ref idref="oc-117"/>
      </symbol>
      <symbol id="sm-5ab">
         <name>UART9BitAddrSet</name>
         <value>0x17a9</value>
         <object_component_ref idref="oc-117"/>
      </symbol>
      <symbol id="sm-5bb">
         <name>CPUbasepriGet</name>
         <value>0x2bc7</value>
         <object_component_ref idref="oc-1a2"/>
      </symbol>
      <symbol id="sm-5bc">
         <name>CPUbasepriSet</name>
         <value>0x2bb9</value>
         <object_component_ref idref="oc-1a2"/>
      </symbol>
      <symbol id="sm-5bd">
         <name>CPUprimask</name>
         <value>0x2b9f</value>
         <object_component_ref idref="oc-1a2"/>
      </symbol>
      <symbol id="sm-5be">
         <name>CPUcpsie</name>
         <value>0x2ba9</value>
         <object_component_ref idref="oc-1a2"/>
      </symbol>
      <symbol id="sm-5bf">
         <name>CPUcpsid</name>
         <value>0x2b93</value>
         <object_component_ref idref="oc-1a2"/>
      </symbol>
      <symbol id="sm-5c0">
         <name>CPUwfi</name>
         <value>0x2bb5</value>
         <object_component_ref idref="oc-1a2"/>
      </symbol>
      <symbol id="sm-5c1">
         <name>__TI_static_base__</name>
         <value>0x0</value>
      </symbol>
      <symbol id="sm-5c4">
         <name>SHT$$INIT_ARRAY$$Limit</name>
         <value>0x0</value>
      </symbol>
      <symbol id="sm-5c5">
         <name>SHT$$INIT_ARRAY$$Base</name>
         <value>0x0</value>
      </symbol>
   </symbol_table>
   <title>Link successful</title>
</link_info>
