******************************************************************************
                  TI ARM Linker PC v5.2.2                      
******************************************************************************
>> Linked Fri Oct 23 18:18:25 2015

OUTPUT FILE NAME:   <ej2_blinkCol.out>
ENTRY POINT SYMBOL: "_c_int00"  address: 000006d9


MEMORY CONFIGURATION

         name            origin    length      used     unused   attr    fill
----------------------  --------  ---------  --------  --------  ----  --------
  FLASH                 00000000   00040000  000008a6  0003f75a  R  X
  SRAM                  20000000   00008000  00000114  00007eec  RW X


SEGMENT ALLOCATION MAP

run origin  load origin   length   init length attrs members
----------  ----------- ---------- ----------- ----- -------
00000000    00000000    000008a8   000008a8    r-x
  00000000    00000000    0000026c   0000026c    r-- .intvecs
  0000026c    0000026c    0000061a   0000061a    r-x .text
  00000888    00000888    00000020   00000020    r-- .cinit
20000000    20000000    00000114   00000000    rw-
  20000000    20000000    00000100   00000000    rw- .stack
  20000100    20000100    00000014   00000000    rw- .data


SECTION ALLOCATION MAP

 output                                  attributes/
section   page    origin      length       input sections
--------  ----  ----------  ----------   ----------------
.intvecs   0    00000000    0000026c     
                  00000000    0000026c     startup_ccs.obj (.intvecs)

.text      0    0000026c    0000061a     
                  0000026c    00000130     driverlib.lib : gpio.obj (.text:GPIOPadConfigSet)
                  0000039c    000000f0                   : sysctl.obj (.text:SysCtlClockSet)
                  0000048c    0000009c     rtsv7M4_T_le_v4SPD16_eabi.lib : memcpy_t2.obj (.text)
                  00000528    0000007a                                   : memset_t2.obj (.text)
                  000005a2    00000002     startup_ccs.obj (.text:FaultISR)
                  000005a4    0000006c     rtsv7M4_T_le_v4SPD16_eabi.lib : autoinit.obj (.text)
                  00000610    0000006a                                   : copy_decompress_rle.obj (.text)
                  0000067a    00000002     startup_ccs.obj (.text:IntDefaultHandler)
                  0000067c    0000005c     blinky.obj (.text:main)
                  000006d8    00000050     rtsv7M4_T_le_v4SPD16_eabi.lib : boot.obj (.text)
                  00000728    0000004c                                   : cpy_tbl.obj (.text)
                  00000774    00000044                                   : exit.obj (.text)
                  000007b8    00000034     driverlib.lib : sysctl.obj (.text:SysCtlPeripheralEnable)
                  000007ec    0000002a                   : gpio.obj (.text:GPIODirModeSet)
                  00000816    00000018                   : gpio.obj (.text:GPIOPinTypeGPIOOutput)
                  0000082e    00000002     startup_ccs.obj (.text:NmiSR)
                  00000830    00000018     rtsv7M4_T_le_v4SPD16_eabi.lib : args_main.obj (.text)
                  00000848    00000014                                   : _lock.obj (.text)
                  0000085c    0000000e                                   : copy_decompress_none.obj (.text:decompress:none)
                  0000086a    00000006     driverlib.lib : gpio.obj (.text:GPIOPinWrite)
                  00000870    00000006     startup_ccs.obj (.text:ResetISR)
                  00000876    00000006     driverlib.lib : sysctl.obj (.text:SysCtlDelay)
                  0000087c    00000006     rtsv7M4_T_le_v4SPD16_eabi.lib : copy_decompress_rle.obj (.text:decompress:rle24)
                  00000882    00000004                                   : pre_init.obj (.text)

.cinit     0    00000888    00000020     
                  00000888    0000000f     (.cinit..data.load) [load image, compression = rle]
                  00000897    00000001     --HOLE-- [fill = 0]
                  00000898    00000008     (__TI_handler_table)
                  000008a0    00000008     (__TI_cinit_table)

.init_array 
*          0    00000000    00000000     UNINITIALIZED

.stack     0    20000000    00000100     UNINITIALIZED
                  20000000    00000100     --HOLE--

.data      0    20000100    00000014     UNINITIALIZED
                  20000100    00000008     rtsv7M4_T_le_v4SPD16_eabi.lib : _lock.obj (.data)
                  20000108    00000008                                   : exit.obj (.data)
                  20000110    00000004                                   : stkdepth_vars.obj (.data)

.TI.persistent 
*          0    20000100    00000000     UNINITIALIZED


LINKER GENERATED COPY TABLES

__TI_cinit_table @ 000008a0 records: 1, size/record: 8, table size: 8
	.data: load addr=00000888, load size=0000000f bytes, run addr=20000100, run size=00000014 bytes, compression=rle


LINKER GENERATED HANDLER TABLE

__TI_handler_table @ 00000898 records: 2, size/record: 4, table size: 8
	index: 0, handler: __TI_decompress_rle24
	index: 1, handler: __TI_decompress_none


GLOBAL SYMBOLS: SORTED ALPHABETICALLY BY Name 

address   name                    
-------   ----                    
00000775  C$$EXIT                 
000007ed  GPIODirModeSet          
0000026d  GPIOPadConfigSet        
00000817  GPIOPinTypeGPIOOutput   
0000086b  GPIOPinWrite            
00000871  ResetISR                
UNDEFED   SHT$$INIT_ARRAY$$Base   
UNDEFED   SHT$$INIT_ARRAY$$Limit  
0000039d  SysCtlClockSet          
00000877  SysCtlDelay             
000007b9  SysCtlPeripheralEnable  
20000100  __STACK_END             
00000100  __STACK_SIZE            
20000100  __STACK_TOP             
000008a0  __TI_CINIT_Base         
000008a8  __TI_CINIT_Limit        
00000898  __TI_Handler_Table_Base 
000008a0  __TI_Handler_Table_Limit
000005a5  __TI_auto_init          
20000108  __TI_cleanup_ptr        
0000085d  __TI_decompress_none    
0000087d  __TI_decompress_rle24   
2000010c  __TI_dtors_ptr          
00000000  __TI_static_base__      
00000529  __aeabi_memclr          
00000529  __aeabi_memclr4         
00000529  __aeabi_memclr8         
0000048d  __aeabi_memcpy          
0000048d  __aeabi_memcpy4         
0000048d  __aeabi_memcpy8         
0000052b  __aeabi_memset          
0000052b  __aeabi_memset4         
0000052b  __aeabi_memset8         
ffffffff  __binit__               
ffffffff  __c_args__              
20000000  __stack                 
00000831  _args_main              
000006d9  _c_int00                
20000100  _lock                   
00000857  _nop                    
0000084f  _register_lock          
00000849  _register_unlock        
00000883  _system_pre_init        
20000104  _unlock                 
00000779  abort                   
ffffffff  binit                   
00000729  copy_in                 
00000781  exit                    
00000000  g_pfnVectors            
0000067d  main                    
20000110  main_func_sp            
0000048d  memcpy                  
00000531  memset                  


GLOBAL SYMBOLS: SORTED BY Symbol Address 

address   name                    
-------   ----                    
00000000  __TI_static_base__      
00000000  g_pfnVectors            
00000100  __STACK_SIZE            
0000026d  GPIOPadConfigSet        
0000039d  SysCtlClockSet          
0000048d  __aeabi_memcpy          
0000048d  __aeabi_memcpy4         
0000048d  __aeabi_memcpy8         
0000048d  memcpy                  
00000529  __aeabi_memclr          
00000529  __aeabi_memclr4         
00000529  __aeabi_memclr8         
0000052b  __aeabi_memset          
0000052b  __aeabi_memset4         
0000052b  __aeabi_memset8         
00000531  memset                  
000005a5  __TI_auto_init          
0000067d  main                    
000006d9  _c_int00                
00000729  copy_in                 
00000775  C$$EXIT                 
00000779  abort                   
00000781  exit                    
000007b9  SysCtlPeripheralEnable  
000007ed  GPIODirModeSet          
00000817  GPIOPinTypeGPIOOutput   
00000831  _args_main              
00000849  _register_unlock        
0000084f  _register_lock          
00000857  _nop                    
0000085d  __TI_decompress_none    
0000086b  GPIOPinWrite            
00000871  ResetISR                
00000877  SysCtlDelay             
0000087d  __TI_decompress_rle24   
00000883  _system_pre_init        
00000898  __TI_Handler_Table_Base 
000008a0  __TI_CINIT_Base         
000008a0  __TI_Handler_Table_Limit
000008a8  __TI_CINIT_Limit        
20000000  __stack                 
20000100  __STACK_END             
20000100  __STACK_TOP             
20000100  _lock                   
20000104  _unlock                 
20000108  __TI_cleanup_ptr        
2000010c  __TI_dtors_ptr          
20000110  main_func_sp            
ffffffff  __binit__               
ffffffff  __c_args__              
ffffffff  binit                   
UNDEFED   SHT$$INIT_ARRAY$$Base   
UNDEFED   SHT$$INIT_ARRAY$$Limit  

[53 symbols]
