******************************************************************************
                  TI ARM Linker PC v5.2.2                      
******************************************************************************
>> Linked Fri Oct 23 18:08:21 2015

OUTPUT FILE NAME:   <ej1_blinkTiva.out>
ENTRY POINT SYMBOL: "_c_int00"  address: 0000067d


MEMORY CONFIGURATION

         name            origin    length      used     unused   attr    fill
----------------------  --------  ---------  --------  --------  ----  --------
  FLASH                 00000000   00040000  00000896  0003f76a  R  X
  SRAM                  20000000   00008000  00000114  00007eec  RW X


SEGMENT ALLOCATION MAP

run origin  load origin   length   init length attrs members
----------  ----------- ---------- ----------- ----- -------
00000000    00000000    00000898   00000898    r-x
  00000000    00000000    0000026c   0000026c    r-- .intvecs
  0000026c    0000026c    0000060a   0000060a    r-x .text
  00000878    00000878    00000020   00000020    r-- .cinit
20000000    20000000    00000114   00000000    rw-
  20000000    20000000    00000100   00000000    rw- .stack
  20000100    20000100    00000014   00000000    rw- .data


SECTION ALLOCATION MAP

 output                                  attributes/
section   page    origin      length       input sections
--------  ----  ----------  ----------   ----------------
.intvecs   0    00000000    0000026c     
                  00000000    0000026c     startup_ccs.obj (.intvecs)

.text      0    0000026c    0000060a     
                  0000026c    00000130     driverlib.lib : gpio.obj (.text:GPIOPadConfigSet)
                  0000039c    000000f0                   : sysctl.obj (.text:SysCtlClockSet)
                  0000048c    0000009c     rtsv7M4_T_le_v4SPD16_eabi.lib : memcpy_t2.obj (.text)
                  00000528    0000007a                                   : memset_t2.obj (.text)
                  000005a2    00000002     startup_ccs.obj (.text:FaultISR)
                  000005a4    0000006c     rtsv7M4_T_le_v4SPD16_eabi.lib : autoinit.obj (.text)
                  00000610    0000006a                                   : copy_decompress_rle.obj (.text)
                  0000067a    00000002     startup_ccs.obj (.text:IntDefaultHandler)
                  0000067c    00000050     rtsv7M4_T_le_v4SPD16_eabi.lib : boot.obj (.text)
                  000006cc    0000004c     blinky.obj (.text:main)
                  00000718    0000004c     rtsv7M4_T_le_v4SPD16_eabi.lib : cpy_tbl.obj (.text)
                  00000764    00000044                                   : exit.obj (.text)
                  000007a8    00000034     driverlib.lib : sysctl.obj (.text:SysCtlPeripheralEnable)
                  000007dc    0000002a                   : gpio.obj (.text:GPIODirModeSet)
                  00000806    00000018                   : gpio.obj (.text:GPIOPinTypeGPIOOutput)
                  0000081e    00000002     startup_ccs.obj (.text:NmiSR)
                  00000820    00000018     rtsv7M4_T_le_v4SPD16_eabi.lib : args_main.obj (.text)
                  00000838    00000014                                   : _lock.obj (.text)
                  0000084c    0000000e                                   : copy_decompress_none.obj (.text:decompress:none)
                  0000085a    00000006     driverlib.lib : gpio.obj (.text:GPIOPinWrite)
                  00000860    00000006     startup_ccs.obj (.text:ResetISR)
                  00000866    00000006     driverlib.lib : sysctl.obj (.text:SysCtlDelay)
                  0000086c    00000006     rtsv7M4_T_le_v4SPD16_eabi.lib : copy_decompress_rle.obj (.text:decompress:rle24)
                  00000872    00000004                                   : pre_init.obj (.text)

.cinit     0    00000878    00000020     
                  00000878    0000000f     (.cinit..data.load) [load image, compression = rle]
                  00000887    00000001     --HOLE-- [fill = 0]
                  00000888    00000008     (__TI_handler_table)
                  00000890    00000008     (__TI_cinit_table)

.init_array 
*          0    00000000    00000000     UNINITIALIZED

.stack     0    20000000    00000100     UNINITIALIZED
                  20000000    00000100     --HOLE--

.data      0    20000100    00000014     UNINITIALIZED
                  20000100    00000008     rtsv7M4_T_le_v4SPD16_eabi.lib : _lock.obj (.data)
                  20000108    00000008                                   : exit.obj (.data)
                  20000110    00000004                                   : stkdepth_vars.obj (.data)

.TI.persistent 
*          0    20000100    00000000     UNINITIALIZED


LINKER GENERATED COPY TABLES

__TI_cinit_table @ 00000890 records: 1, size/record: 8, table size: 8
	.data: load addr=00000878, load size=0000000f bytes, run addr=20000100, run size=00000014 bytes, compression=rle


LINKER GENERATED HANDLER TABLE

__TI_handler_table @ 00000888 records: 2, size/record: 4, table size: 8
	index: 0, handler: __TI_decompress_rle24
	index: 1, handler: __TI_decompress_none


GLOBAL SYMBOLS: SORTED ALPHABETICALLY BY Name 

address   name                    
-------   ----                    
00000765  C$$EXIT                 
000007dd  GPIODirModeSet          
0000026d  GPIOPadConfigSet        
00000807  GPIOPinTypeGPIOOutput   
0000085b  GPIOPinWrite            
00000861  ResetISR                
UNDEFED   SHT$$INIT_ARRAY$$Base   
UNDEFED   SHT$$INIT_ARRAY$$Limit  
0000039d  SysCtlClockSet          
00000867  SysCtlDelay             
000007a9  SysCtlPeripheralEnable  
20000100  __STACK_END             
00000100  __STACK_SIZE            
20000100  __STACK_TOP             
00000890  __TI_CINIT_Base         
00000898  __TI_CINIT_Limit        
00000888  __TI_Handler_Table_Base 
00000890  __TI_Handler_Table_Limit
000005a5  __TI_auto_init          
20000108  __TI_cleanup_ptr        
0000084d  __TI_decompress_none    
0000086d  __TI_decompress_rle24   
2000010c  __TI_dtors_ptr          
00000000  __TI_static_base__      
00000529  __aeabi_memclr          
00000529  __aeabi_memclr4         
00000529  __aeabi_memclr8         
0000048d  __aeabi_memcpy          
0000048d  __aeabi_memcpy4         
0000048d  __aeabi_memcpy8         
0000052b  __aeabi_memset          
0000052b  __aeabi_memset4         
0000052b  __aeabi_memset8         
ffffffff  __binit__               
ffffffff  __c_args__              
20000000  __stack                 
00000821  _args_main              
0000067d  _c_int00                
20000100  _lock                   
00000847  _nop                    
0000083f  _register_lock          
00000839  _register_unlock        
00000873  _system_pre_init        
20000104  _unlock                 
00000769  abort                   
ffffffff  binit                   
00000719  copy_in                 
00000771  exit                    
00000000  g_pfnVectors            
000006cd  main                    
20000110  main_func_sp            
0000048d  memcpy                  
00000531  memset                  


GLOBAL SYMBOLS: SORTED BY Symbol Address 

address   name                    
-------   ----                    
00000000  __TI_static_base__      
00000000  g_pfnVectors            
00000100  __STACK_SIZE            
0000026d  GPIOPadConfigSet        
0000039d  SysCtlClockSet          
0000048d  __aeabi_memcpy          
0000048d  __aeabi_memcpy4         
0000048d  __aeabi_memcpy8         
0000048d  memcpy                  
00000529  __aeabi_memclr          
00000529  __aeabi_memclr4         
00000529  __aeabi_memclr8         
0000052b  __aeabi_memset          
0000052b  __aeabi_memset4         
0000052b  __aeabi_memset8         
00000531  memset                  
000005a5  __TI_auto_init          
0000067d  _c_int00                
000006cd  main                    
00000719  copy_in                 
00000765  C$$EXIT                 
00000769  abort                   
00000771  exit                    
000007a9  SysCtlPeripheralEnable  
000007dd  GPIODirModeSet          
00000807  GPIOPinTypeGPIOOutput   
00000821  _args_main              
00000839  _register_unlock        
0000083f  _register_lock          
00000847  _nop                    
0000084d  __TI_decompress_none    
0000085b  GPIOPinWrite            
00000861  ResetISR                
00000867  SysCtlDelay             
0000086d  __TI_decompress_rle24   
00000873  _system_pre_init        
00000888  __TI_Handler_Table_Base 
00000890  __TI_CINIT_Base         
00000890  __TI_Handler_Table_Limit
00000898  __TI_CINIT_Limit        
20000000  __stack                 
20000100  __STACK_END             
20000100  __STACK_TOP             
20000100  _lock                   
20000104  _unlock                 
20000108  __TI_cleanup_ptr        
2000010c  __TI_dtors_ptr          
20000110  main_func_sp            
ffffffff  __binit__               
ffffffff  __c_args__              
ffffffff  binit                   
UNDEFED   SHT$$INIT_ARRAY$$Base   
UNDEFED   SHT$$INIT_ARRAY$$Limit  

[53 symbols]
