******************************************************************************
                  TI ARM Linker PC v5.2.2                      
******************************************************************************
>> Linked Sat Oct 31 09:54:07 2015

OUTPUT FILE NAME:   <ej3_butt.out>
ENTRY POINT SYMBOL: "_c_int00"  address: 000008e1


MEMORY CONFIGURATION

         name            origin    length      used     unused   attr    fill
----------------------  --------  ---------  --------  --------  ----  --------
  FLASH                 00000000   00040000  00000d8e  0003f272  R  X
  SRAM                  20000000   00008000  00000388  00007c78  RW X


SEGMENT ALLOCATION MAP

run origin  load origin   length   init length attrs members
----------  ----------- ---------- ----------- ----- -------
00000000    00000000    00000d90   00000d90    r-x
  00000000    00000000    0000026c   0000026c    r-- .intvecs
  0000026c    0000026c    000008fa   000008fa    r-x .text
  00000b68    00000b68    000001f0   000001f0    r-- .const
  00000d58    00000d58    00000038   00000038    r-- .cinit
20000000    20000000    00000388   00000000    rw-
  20000000    20000000    0000026c   00000000    rw- .vtable
  2000026c    2000026c    00000100   00000000    rw- .stack
  2000036c    2000036c    0000001c   00000000    rw- .data


SECTION ALLOCATION MAP

 output                                  attributes/
section   page    origin      length       input sections
--------  ----  ----------  ----------   ----------------
.intvecs   0    00000000    0000026c     
                  00000000    0000026c     startup_ccs.obj (.intvecs)

.text      0    0000026c    000008fa     
                  0000026c    00000130     driverlib.lib : gpio.obj (.text:GPIOPadConfigSet)
                  0000039c    000000f0                   : sysctl.obj (.text:SysCtlClockSet)
                  0000048c    000000c4     blinky.obj (.text:main)
                  00000550    0000009c     rtsv7M4_T_le_v4SPD16_eabi.lib : memcpy_t2.obj (.text)
                  000005ec    0000007a                                   : memset_t2.obj (.text)
                  00000666    00000002     startup_ccs.obj (.text:FaultISR)
                  00000668    00000070     blinky.obj (.text:onButtonDown)
                  000006d8    00000070     blinky.obj (.text:onButtonUp)
                  00000748    0000006c     rtsv7M4_T_le_v4SPD16_eabi.lib : autoinit.obj (.text)
                  000007b4    0000006a                                   : copy_decompress_rle.obj (.text)
                  0000081e    00000002     startup_ccs.obj (.text:IntDefaultHandler)
                  00000820    00000068     driverlib.lib : interrupt.obj (.text:IntEnable)
                  00000888    00000056                   : gpio.obj (.text:GPIOIntTypeSet)
                  000008de    00000002     startup_ccs.obj (.text:NmiSR)
                  000008e0    00000050     rtsv7M4_T_le_v4SPD16_eabi.lib : boot.obj (.text)
                  00000930    0000004c                                   : cpy_tbl.obj (.text)
                  0000097c    00000044                                   : exit.obj (.text)
                  000009c0    00000040     driverlib.lib : gpio.obj (.text:_GPIOIntNumberGet)
                  00000a00    00000034                   : interrupt.obj (.text:IntRegister)
                  00000a34    00000034                   : sysctl.obj (.text:SysCtlPeripheralEnable)
                  00000a68    0000002a                   : gpio.obj (.text:GPIODirModeSet)
                  00000a92    00000018                   : gpio.obj (.text:GPIOIntRegister)
                  00000aaa    00000018                   : gpio.obj (.text:GPIOPinTypeGPIOOutput)
                  00000ac2    00000002     --HOLE-- [fill = 0]
                  00000ac4    00000018     rtsv7M4_T_le_v4SPD16_eabi.lib : args_main.obj (.text)
                  00000adc    00000014                                   : _lock.obj (.text)
                  00000af0    00000012     driverlib.lib : gpio.obj (.text:GPIOPinTypeGPIOInput)
                  00000b02    0000000e                   : gpio.obj (.text:GPIOIntDisable)
                  00000b10    0000000e                   : gpio.obj (.text:GPIOIntStatus)
                  00000b1e    0000000e     rtsv7M4_T_le_v4SPD16_eabi.lib : copy_decompress_none.obj (.text:decompress:none)
                  00000b2c    0000000c     driverlib.lib : gpio.obj (.text:GPIOIntEnable)
                  00000b38    0000000c     rtsv7M4_T_le_v4SPD16_eabi.lib : copy_zero_init.obj (.text:decompress:ZI)
                  00000b44    00000006     driverlib.lib : gpio.obj (.text:GPIOIntClear)
                  00000b4a    00000006                   : gpio.obj (.text:GPIOPinWrite)
                  00000b50    00000006     startup_ccs.obj (.text:ResetISR)
                  00000b56    00000006     driverlib.lib : sysctl.obj (.text:SysCtlDelay)
                  00000b5c    00000006     rtsv7M4_T_le_v4SPD16_eabi.lib : copy_decompress_rle.obj (.text:decompress:rle24)
                  00000b62    00000004                                   : pre_init.obj (.text)

.const     0    00000b68    000001f0     
                  00000b68    000000c0     driverlib.lib : gpio.obj (.const:g_ppui32GPIOIntMapBlizzard)
                  00000c28    000000c0                   : gpio.obj (.const:g_ppui32GPIOIntMapSnowflake)
                  00000ce8    00000070                   : interrupt.obj (.const)

.cinit     0    00000d58    00000038     
                  00000d58    00000012     (.cinit..data.load) [load image, compression = rle]
                  00000d6a    00000002     --HOLE-- [fill = 0]
                  00000d6c    0000000c     (__TI_handler_table)
                  00000d78    00000008     (.cinit..vtable.load) [load image, compression = zero_init]
                  00000d80    00000010     (__TI_cinit_table)

.init_array 
*          0    00000000    00000000     UNINITIALIZED

.vtable    0    20000000    0000026c     UNINITIALIZED
                  20000000    0000026c     driverlib.lib : interrupt.obj (.vtable)

.stack     0    2000026c    00000100     UNINITIALIZED
                  2000026c    00000100     --HOLE--

.data      0    2000036c    0000001c     UNINITIALIZED
                  2000036c    00000008     blinky.obj (.data)
                  20000374    00000008     rtsv7M4_T_le_v4SPD16_eabi.lib : _lock.obj (.data)
                  2000037c    00000008                                   : exit.obj (.data)
                  20000384    00000004                                   : stkdepth_vars.obj (.data)

.TI.persistent 
*          0    2000036c    00000000     UNINITIALIZED


LINKER GENERATED COPY TABLES

__TI_cinit_table @ 00000d80 records: 2, size/record: 8, table size: 16
	.data: load addr=00000d58, load size=00000012 bytes, run addr=2000036c, run size=0000001c bytes, compression=rle
	.vtable: load addr=00000d78, load size=00000008 bytes, run addr=20000000, run size=0000026c bytes, compression=zero_init


LINKER GENERATED HANDLER TABLE

__TI_handler_table @ 00000d6c records: 3, size/record: 4, table size: 12
	index: 0, handler: __TI_zero_init
	index: 1, handler: __TI_decompress_rle24
	index: 2, handler: __TI_decompress_none


GLOBAL SYMBOLS: SORTED ALPHABETICALLY BY Name 

address   name                    
-------   ----                    
0000097d  C$$EXIT                 
00000a69  GPIODirModeSet          
00000b45  GPIOIntClear            
00000b03  GPIOIntDisable          
00000b2d  GPIOIntEnable           
00000a93  GPIOIntRegister         
00000b11  GPIOIntStatus           
00000889  GPIOIntTypeSet          
0000026d  GPIOPadConfigSet        
00000af1  GPIOPinTypeGPIOInput    
00000aab  GPIOPinTypeGPIOOutput   
00000b4b  GPIOPinWrite            
00000821  IntEnable               
00000a01  IntRegister             
00000b51  ResetISR                
UNDEFED   SHT$$INIT_ARRAY$$Base   
UNDEFED   SHT$$INIT_ARRAY$$Limit  
0000039d  SysCtlClockSet          
00000b57  SysCtlDelay             
00000a35  SysCtlPeripheralEnable  
2000036c  __STACK_END             
00000100  __STACK_SIZE            
2000036c  __STACK_TOP             
00000d80  __TI_CINIT_Base         
00000d90  __TI_CINIT_Limit        
00000d6c  __TI_Handler_Table_Base 
00000d78  __TI_Handler_Table_Limit
00000749  __TI_auto_init          
2000037c  __TI_cleanup_ptr        
00000b1f  __TI_decompress_none    
00000b5d  __TI_decompress_rle24   
20000380  __TI_dtors_ptr          
00000000  __TI_static_base__      
00000b39  __TI_zero_init          
000005ed  __aeabi_memclr          
000005ed  __aeabi_memclr4         
000005ed  __aeabi_memclr8         
00000551  __aeabi_memcpy          
00000551  __aeabi_memcpy4         
00000551  __aeabi_memcpy8         
000005ef  __aeabi_memset          
000005ef  __aeabi_memset4         
000005ef  __aeabi_memset8         
ffffffff  __binit__               
ffffffff  __c_args__              
2000026c  __stack                 
00000ac5  _args_main              
000008e1  _c_int00                
20000374  _lock                   
00000aeb  _nop                    
00000ae3  _register_lock          
00000add  _register_unlock        
00000b63  _system_pre_init        
20000378  _unlock                 
00000981  abort                   
ffffffff  binit                   
20000370  btnDer                  
2000036c  btnIzq                  
00000931  copy_in                 
00000989  exit                    
20000000  g_pfnRAMVectors         
00000000  g_pfnVectors            
0000048d  main                    
20000384  main_func_sp            
00000551  memcpy                  
000005f5  memset                  
00000669  onButtonDown            
000006d9  onButtonUp              


GLOBAL SYMBOLS: SORTED BY Symbol Address 

address   name                    
-------   ----                    
00000000  __TI_static_base__      
00000000  g_pfnVectors            
00000100  __STACK_SIZE            
0000026d  GPIOPadConfigSet        
0000039d  SysCtlClockSet          
0000048d  main                    
00000551  __aeabi_memcpy          
00000551  __aeabi_memcpy4         
00000551  __aeabi_memcpy8         
00000551  memcpy                  
000005ed  __aeabi_memclr          
000005ed  __aeabi_memclr4         
000005ed  __aeabi_memclr8         
000005ef  __aeabi_memset          
000005ef  __aeabi_memset4         
000005ef  __aeabi_memset8         
000005f5  memset                  
00000669  onButtonDown            
000006d9  onButtonUp              
00000749  __TI_auto_init          
00000821  IntEnable               
00000889  GPIOIntTypeSet          
000008e1  _c_int00                
00000931  copy_in                 
0000097d  C$$EXIT                 
00000981  abort                   
00000989  exit                    
00000a01  IntRegister             
00000a35  SysCtlPeripheralEnable  
00000a69  GPIODirModeSet          
00000a93  GPIOIntRegister         
00000aab  GPIOPinTypeGPIOOutput   
00000ac5  _args_main              
00000add  _register_unlock        
00000ae3  _register_lock          
00000aeb  _nop                    
00000af1  GPIOPinTypeGPIOInput    
00000b03  GPIOIntDisable          
00000b11  GPIOIntStatus           
00000b1f  __TI_decompress_none    
00000b2d  GPIOIntEnable           
00000b39  __TI_zero_init          
00000b45  GPIOIntClear            
00000b4b  GPIOPinWrite            
00000b51  ResetISR                
00000b57  SysCtlDelay             
00000b5d  __TI_decompress_rle24   
00000b63  _system_pre_init        
00000d6c  __TI_Handler_Table_Base 
00000d78  __TI_Handler_Table_Limit
00000d80  __TI_CINIT_Base         
00000d90  __TI_CINIT_Limit        
20000000  g_pfnRAMVectors         
2000026c  __stack                 
2000036c  __STACK_END             
2000036c  __STACK_TOP             
2000036c  btnIzq                  
20000370  btnDer                  
20000374  _lock                   
20000378  _unlock                 
2000037c  __TI_cleanup_ptr        
20000380  __TI_dtors_ptr          
20000384  main_func_sp            
ffffffff  __binit__               
ffffffff  __c_args__              
ffffffff  binit                   
UNDEFED   SHT$$INIT_ARRAY$$Base   
UNDEFED   SHT$$INIT_ARRAY$$Limit  

[68 symbols]
