******************************************************************************
                  TI ARM Linker Unix v5.2.5                    
******************************************************************************
>> Linked Fri Nov  6 19:07:25 2015

OUTPUT FILE NAME:   <final_project_c.out>
ENTRY POINT SYMBOL: "_c_int00"  address: 00000871


MEMORY CONFIGURATION

         name            origin    length      used     unused   attr    fill
----------------------  --------  ---------  --------  --------  ----  --------
  FLASH                 00000000   00040000  00000ada  0003f526  R  X
  SRAM                  20000000   00008000  00000130  00007ed0  RW X


SEGMENT ALLOCATION MAP

run origin  load origin   length   init length attrs members
----------  ----------- ---------- ----------- ----- -------
00000000    00000000    00000ae0   00000ae0    r-x
  00000000    00000000    0000026c   0000026c    r-- .intvecs
  0000026c    0000026c    000007a6   000007a6    r-x .text
  00000a14    00000a14    00000090   00000090    r-- .const
  00000aa8    00000aa8    00000038   00000038    r-- .cinit
20000000    20000000    00000130   00000000    rw-
  20000000    20000000    00000100   00000000    rw- .stack
  20000100    20000100    00000030   00000000    rw- .data


SECTION ALLOCATION MAP

 output                                  attributes/
section   page    origin      length       input sections
--------  ----  ----------  ----------   ----------------
.intvecs   0    00000000    0000026c     
                  00000000    0000026c     startup_ccs.obj (.intvecs)

.text      0    0000026c    000007a6     
                  0000026c    00000188     uart_echo.obj (.text:main)
                  000003f4    00000148     uart_echo.obj (.text:UART1IntHandler)
                  0000053c    00000144     uart_echo.obj (.text:UARTIntHandler)
                  00000680    0000009c     rtsv7M4_T_le_v4SPD16_eabi.lib : memcpy_t2.obj (.text)
                  0000071c    0000007a                                   : memset_t2.obj (.text)
                  00000796    00000002     startup_ccs.obj (.text:FaultISR)
                  00000798    0000006c     rtsv7M4_T_le_v4SPD16_eabi.lib : autoinit.obj (.text)
                  00000804    0000006a                                   : copy_decompress_rle.obj (.text)
                  0000086e    00000002     startup_ccs.obj (.text:IntDefaultHandler)
                  00000870    00000050     rtsv7M4_T_le_v4SPD16_eabi.lib : boot.obj (.text)
                  000008c0    0000004c                                   : cpy_tbl.obj (.text)
                  0000090c    00000048     driverlib.lib : gpio.obj (.text:GPIOPinConfigure)
                  00000954    00000044     rtsv7M4_T_le_v4SPD16_eabi.lib : exit.obj (.text)
                  00000998    00000028     uart_echo.obj (.text:UARTSend)
                  000009c0    00000018     rtsv7M4_T_le_v4SPD16_eabi.lib : args_main.obj (.text)
                  000009d8    00000014                                   : _lock.obj (.text)
                  000009ec    0000000e                                   : copy_decompress_none.obj (.text:decompress:none)
                  000009fa    00000006     driverlib.lib : gpio.obj (.text:GPIOPinWrite)
                  00000a00    00000006     startup_ccs.obj (.text:ResetISR)
                  00000a06    00000006     rtsv7M4_T_le_v4SPD16_eabi.lib : copy_decompress_rle.obj (.text:decompress:rle24)
                  00000a0c    00000004                                   : pre_init.obj (.text)
                  00000a10    00000002     startup_ccs.obj (.text:NmiSR)

.const     0    00000a14    00000090     
                  00000a14    00000090     driverlib.lib : gpio.obj (.const:g_pui32GPIOBaseAddrs)

.cinit     0    00000aa8    00000038     
                  00000aa8    00000025     (.cinit..data.load) [load image, compression = rle]
                  00000acd    00000003     --HOLE-- [fill = 0]
                  00000ad0    00000008     (__TI_handler_table)
                  00000ad8    00000008     (__TI_cinit_table)

.init_array 
*          0    00000000    00000000     UNINITIALIZED

.data      0    20000100    00000030     UNINITIALIZED
                  20000100    00000019     uart_echo.obj (.data)
                  20000119    00000003     --HOLE--
                  2000011c    00000008     rtsv7M4_T_le_v4SPD16_eabi.lib : _lock.obj (.data)
                  20000124    00000008                                   : exit.obj (.data)
                  2000012c    00000004                                   : stkdepth_vars.obj (.data)

.stack     0    20000000    00000100     UNINITIALIZED
                  20000000    00000100     --HOLE--

.TI.persistent 
*          0    20000100    00000000     UNINITIALIZED


LINKER GENERATED COPY TABLES

__TI_cinit_table @ 00000ad8 records: 1, size/record: 8, table size: 8
	.data: load addr=00000aa8, load size=00000025 bytes, run addr=20000100, run size=00000030 bytes, compression=rle


LINKER GENERATED HANDLER TABLE

__TI_handler_table @ 00000ad0 records: 2, size/record: 4, table size: 8
	index: 0, handler: __TI_decompress_rle24
	index: 1, handler: __TI_decompress_none


GLOBAL SYMBOLS: SORTED ALPHABETICALLY BY Name 

address   name                    
-------   ----                    
00000955  C$$EXIT                 
0000090d  GPIOPinConfigure        
000009fb  GPIOPinWrite            
00000a01  ResetISR                
UNDEFED   SHT$$INIT_ARRAY$$Base   
UNDEFED   SHT$$INIT_ARRAY$$Limit  
000003f5  UART1IntHandler         
0000053d  UARTIntHandler          
00000999  UARTSend                
20000100  __STACK_END             
00000100  __STACK_SIZE            
20000100  __STACK_TOP             
00000ad8  __TI_CINIT_Base         
00000ae0  __TI_CINIT_Limit        
00000ad0  __TI_Handler_Table_Base 
00000ad8  __TI_Handler_Table_Limit
00000799  __TI_auto_init          
20000124  __TI_cleanup_ptr        
000009ed  __TI_decompress_none    
00000a07  __TI_decompress_rle24   
20000128  __TI_dtors_ptr          
00000000  __TI_static_base__      
0000071d  __aeabi_memclr          
0000071d  __aeabi_memclr4         
0000071d  __aeabi_memclr8         
00000681  __aeabi_memcpy          
00000681  __aeabi_memcpy4         
00000681  __aeabi_memcpy8         
0000071f  __aeabi_memset          
0000071f  __aeabi_memset4         
0000071f  __aeabi_memset8         
ffffffff  __binit__               
ffffffff  __c_args__              
20000000  __stack                 
000009c1  _args_main              
00000871  _c_int00                
2000011c  _lock                   
000009e7  _nop                    
000009df  _register_lock          
000009d9  _register_unlock        
00000a0d  _system_pre_init        
20000120  _unlock                 
00000959  abort                   
ffffffff  binit                   
20000100  command                 
000008c1  copy_in                 
00000961  exit                    
00000000  g_pfnVectors            
20000114  i                       
0000026d  main                    
2000012c  main_func_sp            
00000681  memcpy                  
00000725  memset                  
20000108  msg_ack                 
2000010c  msg_nack                
20000118  my_Id                   


GLOBAL SYMBOLS: SORTED BY Symbol Address 

address   name                    
-------   ----                    
00000000  __TI_static_base__      
00000000  g_pfnVectors            
00000100  __STACK_SIZE            
0000026d  main                    
000003f5  UART1IntHandler         
0000053d  UARTIntHandler          
00000681  __aeabi_memcpy          
00000681  __aeabi_memcpy4         
00000681  __aeabi_memcpy8         
00000681  memcpy                  
0000071d  __aeabi_memclr          
0000071d  __aeabi_memclr4         
0000071d  __aeabi_memclr8         
0000071f  __aeabi_memset          
0000071f  __aeabi_memset4         
0000071f  __aeabi_memset8         
00000725  memset                  
00000799  __TI_auto_init          
00000871  _c_int00                
000008c1  copy_in                 
0000090d  GPIOPinConfigure        
00000955  C$$EXIT                 
00000959  abort                   
00000961  exit                    
00000999  UARTSend                
000009c1  _args_main              
000009d9  _register_unlock        
000009df  _register_lock          
000009e7  _nop                    
000009ed  __TI_decompress_none    
000009fb  GPIOPinWrite            
00000a01  ResetISR                
00000a07  __TI_decompress_rle24   
00000a0d  _system_pre_init        
00000ad0  __TI_Handler_Table_Base 
00000ad8  __TI_CINIT_Base         
00000ad8  __TI_Handler_Table_Limit
00000ae0  __TI_CINIT_Limit        
20000000  __stack                 
20000100  __STACK_END             
20000100  __STACK_TOP             
20000100  command                 
20000108  msg_ack                 
2000010c  msg_nack                
20000114  i                       
20000118  my_Id                   
2000011c  _lock                   
20000120  _unlock                 
20000124  __TI_cleanup_ptr        
20000128  __TI_dtors_ptr          
2000012c  main_func_sp            
ffffffff  __binit__               
ffffffff  __c_args__              
ffffffff  binit                   
UNDEFED   SHT$$INIT_ARRAY$$Base   
UNDEFED   SHT$$INIT_ARRAY$$Limit  

[56 symbols]
